Initialized native services in: /Users/ahn/.gradle/native
Initialized jansi services in: /Users/ahn/.gradle/native
Found daemon DaemonInfo{pid=70220, address=[5cd45dae-9150-4824-b4c3-3be44c161d64 port:55143, addresses:[/127.0.0.1]], state=Idle, lastBusy=1772598314744, context=DefaultDaemonContext[uid=7172a6ac-155d-4e0a-a93a-865933822b5a,javaHome=/Users/ahn/.cursor/extensions/redhat.java-1.53.0-darwin-arm64/jre/21.0.10-macosx-aarch64,javaVersion=21,javaVendor=Eclipse Adoptium,daemonRegistryDir=/Users/ahn/.gradle/daemon,pid=70220,idleTimeout=10800000,priority=NORMAL,applyInstrumentationAgent=true,nativeServicesMode=ENABLED,daemonOpts=-Xmx2048m,-Dfile.encoding=UTF-8,-Duser.country=KR,-Duser.language=ko,-Duser.variant]} however its context does not match the desired criteria.
JVM is incompatible.
Wanted: DaemonRequestContext{jvmCriteria=/Users/ahn/Library/Java/JavaVirtualMachines/corretto-19.0.2/Contents/Home (no JDK specified, using current Java home), daemonOpts=[-Xmx2048m, -Dfile.encoding=UTF-8, -Duser.country=KR, -Duser.language=ko, -Duser.variant], applyInstrumentationAgent=true, nativeServicesMode=ENABLED, priority=NORMAL}
Actual: DefaultDaemonContext[uid=7172a6ac-155d-4e0a-a93a-865933822b5a,javaHome=/Users/ahn/.cursor/extensions/redhat.java-1.53.0-darwin-arm64/jre/21.0.10-macosx-aarch64,javaVersion=21,javaVendor=Eclipse Adoptium,daemonRegistryDir=/Users/ahn/.gradle/daemon,pid=70220,idleTimeout=10800000,priority=NORMAL,applyInstrumentationAgent=true,nativeServicesMode=ENABLED,daemonOpts=-Xmx2048m,-Dfile.encoding=UTF-8,-Duser.country=KR,-Duser.language=ko,-Duser.variant]

  Looking for a different daemon...
Found daemon DaemonInfo{pid=84834, address=[9b92b483-a8e3-4068-a8ef-eaa253a837b9 port:57243, addresses:[/127.0.0.1]], state=Idle, lastBusy=1772591947663, context=DefaultDaemonContext[uid=0c6f106b-83c7-4f9e-a8da-8770d96de97e,javaHome=/Users/ahn/.antigravity/extensions/redhat.java-1.12.0-darwin-arm64/jre/17.0.4.1-macosx-aarch64,javaVersion=17,javaVendor=Eclipse Adoptium,daemonRegistryDir=/Users/ahn/.gradle/daemon,pid=84834,idleTimeout=10800000,priority=NORMAL,applyInstrumentationAgent=true,nativeServicesMode=ENABLED,daemonOpts=-Xmx2048m,-Dfile.encoding=UTF-8,-Duser.country=KR,-Duser.language=ko,-Duser.variant]} however its context does not match the desired criteria.
JVM is incompatible.
Wanted: DaemonRequestContext{jvmCriteria=/Users/ahn/Library/Java/JavaVirtualMachines/corretto-19.0.2/Contents/Home (no JDK specified, using current Java home), daemonOpts=[-Xmx2048m, -Dfile.encoding=UTF-8, -Duser.country=KR, -Duser.language=ko, -Duser.variant], applyInstrumentationAgent=true, nativeServicesMode=ENABLED, priority=NORMAL}
Actual: DefaultDaemonContext[uid=0c6f106b-83c7-4f9e-a8da-8770d96de97e,javaHome=/Users/ahn/.antigravity/extensions/redhat.java-1.12.0-darwin-arm64/jre/17.0.4.1-macosx-aarch64,javaVersion=17,javaVendor=Eclipse Adoptium,daemonRegistryDir=/Users/ahn/.gradle/daemon,pid=84834,idleTimeout=10800000,priority=NORMAL,applyInstrumentationAgent=true,nativeServicesMode=ENABLED,daemonOpts=-Xmx2048m,-Dfile.encoding=UTF-8,-Duser.country=KR,-Duser.language=ko,-Duser.variant]

  Looking for a different daemon...
The client will now receive all logging from the daemon (pid: 84348). The daemon log file: /Users/ahn/.gradle/daemon/8.13/daemon-84348.out.log
Starting 20th build in daemon [uptime: 1 hrs 47 mins 24.511 secs, performance: 100%, GC rate: 0.00/s, heap usage: 4% of 2 GiB]
Using 11 worker leases.
Now considering [/Users/ahn/Desktop/study/CalcMoney] as hierarchies to watch
Watching the file system is configured to be enabled if available
File system watching is active
Starting Build
Invalidating in-memory cache of /Users/ahn/.gradle/caches/8.13/fileHashes/fileHashes.bin
Invalidating in-memory cache of /Users/ahn/.gradle/caches/8.13/fileHashes/resourceHashesCache.bin
Invalidating in-memory cache of /Users/ahn/.gradle/caches/journal-1/file-access.bin
Settings evaluated using settings file '/Users/ahn/Desktop/study/CalcMoney/settings.gradle.kts'.
Projects loaded. Root project using build file '/Users/ahn/Desktop/study/CalcMoney/build.gradle.kts'.
Included projects: [root project 'CalcMoney', project ':app', project ':data', project ':domain', project ':presentation']

> Configure project :
Evaluating root project 'CalcMoney' using build file '/Users/ahn/Desktop/study/CalcMoney/build.gradle.kts'.
Resolved plugin [id: 'com.android.application', version: '8.12.1', apply: false]
Resolved plugin [id: 'org.jetbrains.kotlin.android', version: '2.2.0', apply: false]
Resolved plugin [id: 'com.android.library', version: '8.12.1', apply: false]
Resolved plugin [id: 'org.jetbrains.kotlin.jvm', version: '2.2.0', apply: false]
Resolved plugin [id: 'com.google.dagger.hilt.android', version: '2.57.1', apply: false]
Resolved plugin [id: 'com.google.devtools.ksp', version: '2.2.0-2.0.2', apply: false]
Resolved plugin [id: 'org.jetbrains.kotlin.plugin.compose', version: '2.2.0', apply: false]

> Configure project :app
Evaluating project ':app' using build file '/Users/ahn/Desktop/study/CalcMoney/app/build.gradle.kts'.
Resolved plugin [id: 'com.android.application', version: '8.12.1']
Resolved plugin [id: 'org.jetbrains.kotlin.android', version: '2.2.0']
Resolved plugin [id: 'com.google.dagger.hilt.android', version: '2.57.1']
Resolved plugin [id: 'org.jetbrains.kotlin.plugin.compose', version: '2.2.0']
Resolved plugin [id: 'com.google.devtools.ksp']
Using default execution profile
Build 5c7073b6-859a-49a1-83f8-c598178d8985 is started
Using Kotlin Gradle Plugin gradle813 variant
Detected Android Gradle Plugin compose compiler configuration
Detected Android Gradle Plugin compose compiler configuration
Detected Android Gradle Plugin compose compiler configuration
Detected Android Gradle Plugin compose compiler configuration
Detected Android Gradle Plugin compose compiler configuration

> Configure project :data
Evaluating project ':data' using build file '/Users/ahn/Desktop/study/CalcMoney/data/build.gradle.kts'.
Resolved plugin [id: 'com.android.library', version: '8.12.1']
Resolved plugin [id: 'org.jetbrains.kotlin.android', version: '2.2.0']
Resolved plugin [id: 'com.google.dagger.hilt.android', version: '2.57.1']
Resolved plugin [id: 'org.jetbrains.kotlin.plugin.serialization', version: '2.2.0']
Resolved plugin [id: 'com.google.devtools.ksp']
Using default execution profile
Using Kotlin Gradle Plugin gradle813 variant

> Configure project :domain
Evaluating project ':domain' using build file '/Users/ahn/Desktop/study/CalcMoney/domain/build.gradle.kts'.
Resolved plugin [id: 'java-library']
Resolved plugin [id: 'org.jetbrains.kotlin.jvm', version: '2.2.0']
Using Kotlin Gradle Plugin gradle813 variant
kotlin scripting plugin: created the scripting discovery configuration: kotlinScriptDef
kotlin scripting plugin: created the scripting discovery configuration: testKotlinScriptDef

> Configure project :presentation
Evaluating project ':presentation' using build file '/Users/ahn/Desktop/study/CalcMoney/presentation/build.gradle.kts'.
Resolved plugin [id: 'com.android.library', version: '8.12.1']
Resolved plugin [id: 'org.jetbrains.kotlin.android', version: '2.2.0']
Resolved plugin [id: 'org.jetbrains.kotlin.plugin.compose', version: '2.2.0']
Resolved plugin [id: 'com.google.dagger.hilt.android', version: '2.57.1']
Resolved plugin [id: 'com.google.devtools.ksp']
Using default execution profile
Using Kotlin Gradle Plugin gradle813 variant
Detected Android Gradle Plugin compose compiler configuration
Detected Android Gradle Plugin compose compiler configuration
Detected Android Gradle Plugin compose compiler configuration
Detected Android Gradle Plugin compose compiler configuration
Detected Android Gradle Plugin compose compiler configuration
All projects evaluated.
Task path ':presentation:testDebugUnitTest' matched project ':presentation'
Task name matched 'testDebugUnitTest'
Selected primary task 'testDebugUnitTest' from project :presentation
Starting process 'command '/usr/libexec/java_home''. Working directory: /Users/ahn/.gradle/daemon/8.13 Command: /usr/libexec/java_home -V
Successfully started process 'command '/usr/libexec/java_home''
Tasks to be executed: [task ':domain:checkKotlinGradlePluginConfigurationErrors', task ':domain:compileKotlin', task ':domain:compileJava', task ':domain:processResources', task ':domain:classes', task ':domain:jar', task ':presentation:preBuild', task ':presentation:preDebugBuild', task ':presentation:checkKotlinGradlePluginConfigurationErrors', task ':presentation:generateDebugResValues', task ':presentation:generateDebugResources', task ':presentation:packageDebugResources', task ':presentation:parseDebugLocalResources', task ':presentation:generateDebugRFile', task ':presentation:kspDebugKotlin', task ':presentation:compileDebugKotlin', task ':presentation:javaPreCompileDebug', task ':presentation:compileDebugJavaWithJavac', task ':presentation:transformDebugClassesWithAsm', task ':presentation:bundleLibRuntimeToJarDebug', task ':presentation:preDebugUnitTestBuild', task ':presentation:generateDebugUnitTestStubRFile', task ':presentation:processDebugJavaRes', task ':presentation:bundleLibCompileToJarDebug', task ':presentation:kspDebugUnitTestKotlin', task ':presentation:compileDebugUnitTestKotlin', task ':presentation:javaPreCompileDebugUnitTest', task ':presentation:compileDebugUnitTestJavaWithJavac', task ':presentation:hiltAggregateDepsDebugUnitTest', task ':presentation:hiltJavaCompileDebugUnitTest', task ':presentation:processDebugUnitTestJavaRes', task ':presentation:transformDebugUnitTestClassesWithAsm', task ':presentation:testDebugUnitTest']
Tasks that were excluded: []
work action Parameters of IdentityTransform (Thread[#2815,Execution worker,5,main]) started.
work action Parameters of IdentityTransform (Thread[#2815,Execution worker,5,main]) started.
work action Parameters of IdentityTransform (Thread[#2815,Execution worker,5,main]) started.
work action Parameters of CopyTransform (Thread[#2815,Execution worker,5,main]) started.
work action Parameters of IdentityTransform (Thread[#2815,Execution worker,5,main]) started.
work action Parameters of AggregatedPackagesTransform (Thread[#2818,Execution worker Thread 4,5,main]) started.
Resolve mutations for :domain:checkKotlinGradlePluginConfigurationErrors (Thread[#2818,Execution worker Thread 4,5,main]) started.
:domain:checkKotlinGradlePluginConfigurationErrors (Thread[#2818,Execution worker Thread 4,5,main]) started.

> Task :domain:checkKotlinGradlePluginConfigurationErrors SKIPPED
Skipping task ':domain:checkKotlinGradlePluginConfigurationErrors' as task onlyIf 'errorDiagnostics are present' is false.
Resolve mutations for :domain:compileKotlin (Thread[#2818,Execution worker Thread 4,5,main]) started.
:domain:compileKotlin (Thread[#2818,Execution worker Thread 4,5,main]) started.

> Task :domain:compileKotlin UP-TO-DATE
Caching disabled for task ':domain:compileKotlin' because:
  Build cache is disabled
Skipping task ':domain:compileKotlin' as it is up-to-date.
Resolve mutations for :domain:compileJava (Thread[#2818,Execution worker Thread 4,5,main]) started.
:domain:compileJava (Thread[#2818,Execution worker Thread 4,5,main]) started.

> Task :domain:compileJava NO-SOURCE
Skipping task ':domain:compileJava' as it has no source files and no previous output files.
work action resolve main (project :domain) (Thread[#2818,Execution worker Thread 4,5,main]) started.
work action resolve main (project :domain) (Thread[#2818,Execution worker Thread 4,5,main]) started.
IdentityTransform (Thread[#2824,Execution worker Thread 10,5,main]) started.
Resolve mutations for :domain:processResources (Thread[#2818,Execution worker Thread 4,5,main]) started.
IdentityTransform (Thread[#2821,Execution worker Thread 7,5,main]) started.
:domain:processResources (Thread[#2818,Execution worker Thread 4,5,main]) started.
CopyTransform (Thread[#2824,Execution worker Thread 10,5,main]) started.
CopyTransform (Thread[#2821,Execution worker Thread 7,5,main]) started.
AggregatedPackagesTransform (Thread[#2824,Execution worker Thread 10,5,main]) started.

> Task :domain:processResources NO-SOURCE
Skipping task ':domain:processResources' as it has no source files and no previous output files.
Resolve mutations for :domain:classes (Thread[#2818,Execution worker Thread 4,5,main]) started.
:domain:classes (Thread[#2822,Execution worker Thread 8,5,main]) started.
AggregatedPackagesTransform (Thread[#2821,Execution worker Thread 7,5,main]) started.

> Task :domain:classes UP-TO-DATE
Skipping task ':domain:classes' as it has no actions.
Resolve mutations for :domain:jar (Thread[#2821,Execution worker Thread 7,5,main]) started.
:domain:jar (Thread[#2821,Execution worker Thread 7,5,main]) started.

> Task :domain:jar UP-TO-DATE
Caching disabled for task ':domain:jar' because:
  Build cache is disabled
  Not worth caching
Skipping task ':domain:jar' as it is up-to-date.
work action resolve domain.jar (project :domain) (Thread[#2821,Execution worker Thread 7,5,main]) started.
IdentityTransform (Thread[#2821,Execution worker Thread 7,5,main]) started.
IdentityTransform (Thread[#2823,Execution worker Thread 9,5,main]) started.
Resolve mutations for :presentation:preBuild (Thread[#2824,Execution worker Thread 10,5,main]) started.
IdentityTransform (Thread[#2816,Execution worker Thread 2,5,main]) started.
:presentation:preBuild (Thread[#2824,Execution worker Thread 10,5,main]) started.

> Task :presentation:preBuild UP-TO-DATE
Skipping task ':presentation:preBuild' as it has no actions.
Resolve mutations for :presentation:preDebugBuild (Thread[#2824,Execution worker Thread 10,5,main]) started.
:presentation:preDebugBuild (Thread[#2824,Execution worker Thread 10,5,main]) started.

> Task :presentation:preDebugBuild UP-TO-DATE
Skipping task ':presentation:preDebugBuild' as it has no actions.
Resolve mutations for :presentation:checkKotlinGradlePluginConfigurationErrors (Thread[#2824,Execution worker Thread 10,5,main]) started.
:presentation:checkKotlinGradlePluginConfigurationErrors (Thread[#2824,Execution worker Thread 10,5,main]) started.

> Task :presentation:checkKotlinGradlePluginConfigurationErrors SKIPPED
Skipping task ':presentation:checkKotlinGradlePluginConfigurationErrors' as task onlyIf 'errorDiagnostics are present' is false.
Resolve mutations for :presentation:generateDebugResValues (Thread[#2824,Execution worker Thread 10,5,main]) started.
:presentation:generateDebugResValues (Thread[#2824,Execution worker Thread 10,5,main]) started.

> Task :presentation:generateDebugResValues UP-TO-DATE
Caching disabled for task ':presentation:generateDebugResValues' because:
  Build cache is disabled
Skipping task ':presentation:generateDebugResValues' as it is up-to-date.
Resolve mutations for :presentation:generateDebugResources (Thread[#2824,Execution worker Thread 10,5,main]) started.
:presentation:generateDebugResources (Thread[#2824,Execution worker Thread 10,5,main]) started.

> Task :presentation:generateDebugResources UP-TO-DATE
Caching disabled for task ':presentation:generateDebugResources' because:
  Build cache is disabled
Skipping task ':presentation:generateDebugResources' as it is up-to-date.
Resolve mutations for :presentation:packageDebugResources (Thread[#2824,Execution worker Thread 10,5,main]) started.
:presentation:packageDebugResources (Thread[#2824,Execution worker Thread 10,5,main]) started.

> Task :presentation:packageDebugResources UP-TO-DATE
Caching disabled for task ':presentation:packageDebugResources' because:
  Build cache is disabled
Skipping task ':presentation:packageDebugResources' as it is up-to-date.
Resolve mutations for :presentation:parseDebugLocalResources (Thread[#2824,Execution worker Thread 10,5,main]) started.
:presentation:parseDebugLocalResources (Thread[#2824,Execution worker Thread 10,5,main]) started.

> Task :presentation:parseDebugLocalResources UP-TO-DATE
Caching disabled for task ':presentation:parseDebugLocalResources' because:
  Build cache is disabled
Skipping task ':presentation:parseDebugLocalResources' as it is up-to-date.
Resolve mutations for :presentation:generateDebugRFile (Thread[#2824,Execution worker Thread 10,5,main]) started.
:presentation:generateDebugRFile (Thread[#2824,Execution worker Thread 10,5,main]) started.

> Task :presentation:generateDebugRFile UP-TO-DATE
Caching disabled for task ':presentation:generateDebugRFile' because:
  Build cache is disabled
Skipping task ':presentation:generateDebugRFile' as it is up-to-date.
work action resolve package-aware-r.txt (project :presentation) (Thread[#2824,Execution worker Thread 10,5,main]) started.
Resolve mutations for :presentation:kspDebugKotlin (Thread[#2824,Execution worker Thread 10,5,main]) started.
:presentation:kspDebugKotlin (Thread[#2824,Execution worker Thread 10,5,main]) started.

> Task :presentation:kspDebugKotlin UP-TO-DATE
Caching disabled for task ':presentation:kspDebugKotlin' because:
  Build cache is disabled
Skipping task ':presentation:kspDebugKotlin' as it is up-to-date.
Resolve mutations for :presentation:compileDebugKotlin (Thread[#2824,Execution worker Thread 10,5,main]) started.
:presentation:compileDebugKotlin (Thread[#2824,Execution worker Thread 10,5,main]) started.

> Task :presentation:compileDebugKotlin UP-TO-DATE
Adding -Xuse-inline-scopes-numbers Kotlin compiler flag for task :presentation:compileDebugAndroidTestKotlin
Caching disabled for task ':presentation:compileDebugKotlin' because:
  Build cache is disabled
Skipping task ':presentation:compileDebugKotlin' as it is up-to-date.
Resolve mutations for :presentation:javaPreCompileDebug (Thread[#2824,Execution worker Thread 10,5,main]) started.
:presentation:javaPreCompileDebug (Thread[#2824,Execution worker Thread 10,5,main]) started.

> Task :presentation:javaPreCompileDebug UP-TO-DATE
Caching disabled for task ':presentation:javaPreCompileDebug' because:
  Build cache is disabled
Skipping task ':presentation:javaPreCompileDebug' as it is up-to-date.
Resolve mutations for :presentation:compileDebugJavaWithJavac (Thread[#2824,Execution worker Thread 10,5,main]) started.
:presentation:compileDebugJavaWithJavac (Thread[#2824,Execution worker Thread 10,5,main]) started.

> Task :presentation:compileDebugJavaWithJavac UP-TO-DATE
file or directory '/Users/ahn/Desktop/study/CalcMoney/presentation/build/generated/ksp/debug/classes', not found
file or directory '/Users/ahn/Desktop/study/CalcMoney/presentation/build/generated/ksp/debug/classes', not found
Custom actions are attached to task ':presentation:compileDebugJavaWithJavac'.
Caching disabled for task ':presentation:compileDebugJavaWithJavac' because:
  Build cache is disabled
Skipping task ':presentation:compileDebugJavaWithJavac' as it is up-to-date.
No compile result for :presentation:compileDebugJavaWithJavac
Resolve mutations for :presentation:transformDebugClassesWithAsm (Thread[#2824,Execution worker Thread 10,5,main]) started.
:presentation:transformDebugClassesWithAsm (Thread[#2824,Execution worker Thread 10,5,main]) started.

> Task :presentation:transformDebugClassesWithAsm UP-TO-DATE
file or directory '/Users/ahn/Desktop/study/CalcMoney/presentation/build/generated/ksp/debug/classes', not found
file or directory '/Users/ahn/Desktop/study/CalcMoney/presentation/build/generated/ksp/debug/classes', not found
Caching disabled for task ':presentation:transformDebugClassesWithAsm' because:
  Build cache is disabled
Skipping task ':presentation:transformDebugClassesWithAsm' as it is up-to-date.
Resolve mutations for :presentation:bundleLibRuntimeToJarDebug (Thread[#2824,Execution worker Thread 10,5,main]) started.
:presentation:bundleLibRuntimeToJarDebug (Thread[#2824,Execution worker Thread 10,5,main]) started.

> Task :presentation:bundleLibRuntimeToJarDebug UP-TO-DATE
Caching disabled for task ':presentation:bundleLibRuntimeToJarDebug' because:
  Build cache is disabled
  Simple merging task
Skipping task ':presentation:bundleLibRuntimeToJarDebug' as it is up-to-date.
work action resolve classes.jar (project :presentation) (Thread[#2824,Execution worker Thread 10,5,main]) started.
Resolve mutations for :presentation:preDebugUnitTestBuild (Thread[#2824,Execution worker Thread 10,5,main]) started.
IdentityTransform (Thread[#2817,Execution worker Thread 3,5,main]) started.
:presentation:preDebugUnitTestBuild (Thread[#2824,Execution worker Thread 10,5,main]) started.

> Task :presentation:preDebugUnitTestBuild UP-TO-DATE
Skipping task ':presentation:preDebugUnitTestBuild' as it has no actions.
Resolve mutations for :presentation:generateDebugUnitTestStubRFile (Thread[#2824,Execution worker Thread 10,5,main]) started.
CopyTransform (Thread[#2820,Execution worker Thread 6,5,main]) started.
:presentation:generateDebugUnitTestStubRFile (Thread[#2824,Execution worker Thread 10,5,main]) started.
AggregatedPackagesTransform (Thread[#2820,Execution worker Thread 6,5,main]) started.

> Task :presentation:generateDebugUnitTestStubRFile UP-TO-DATE
Caching disabled for task ':presentation:generateDebugUnitTestStubRFile' because:
  Build cache is disabled
Skipping task ':presentation:generateDebugUnitTestStubRFile' as it is up-to-date.
Resolve mutations for :presentation:processDebugJavaRes (Thread[#2824,Execution worker Thread 10,5,main]) started.
:presentation:processDebugJavaRes (Thread[#2824,Execution worker Thread 10,5,main]) started.

> Task :presentation:processDebugJavaRes UP-TO-DATE
file or directory '/Users/ahn/Desktop/study/CalcMoney/presentation/src/main/resources', not found
file or directory '/Users/ahn/Desktop/study/CalcMoney/presentation/src/debug/resources', not found
file or directory '/Users/ahn/Desktop/study/CalcMoney/presentation/build/generated/ksp/debug/classes', not found
file or directory '/Users/ahn/Desktop/study/CalcMoney/presentation/build/generated/ksp/debug/classes', not found
file or directory '/Users/ahn/Desktop/study/CalcMoney/presentation/src/main/resources', not found
file or directory '/Users/ahn/Desktop/study/CalcMoney/presentation/src/debug/resources', not found
file or directory '/Users/ahn/Desktop/study/CalcMoney/presentation/build/generated/ksp/debug/classes', not found
file or directory '/Users/ahn/Desktop/study/CalcMoney/presentation/build/generated/ksp/debug/classes', not found
Caching disabled for task ':presentation:processDebugJavaRes' because:
  Build cache is disabled
  Caching has been disabled for the task
Skipping task ':presentation:processDebugJavaRes' as it is up-to-date.
work action resolve out (project :presentation) (Thread[#2824,Execution worker Thread 10,5,main]) started.
Resolve mutations for :presentation:bundleLibCompileToJarDebug (Thread[#2824,Execution worker Thread 10,5,main]) started.
:presentation:bundleLibCompileToJarDebug (Thread[#2824,Execution worker Thread 10,5,main]) started.

> Task :presentation:bundleLibCompileToJarDebug UP-TO-DATE
Caching disabled for task ':presentation:bundleLibCompileToJarDebug' because:
  Build cache is disabled
  Simple merging task
Skipping task ':presentation:bundleLibCompileToJarDebug' as it is up-to-date.
work action resolve classes.jar (project :presentation) (Thread[#2824,Execution worker Thread 10,5,main]) started.
Resolve mutations for :presentation:kspDebugUnitTestKotlin (Thread[#2824,Execution worker Thread 10,5,main]) started.
:presentation:kspDebugUnitTestKotlin (Thread[#2824,Execution worker Thread 10,5,main]) started.
Resolve mutations for :presentation:javaPreCompileDebugUnitTest (Thread[#2822,Execution worker Thread 8,5,main]) started.
:presentation:javaPreCompileDebugUnitTest (Thread[#2822,Execution worker Thread 8,5,main]) started.

> Task :presentation:javaPreCompileDebugUnitTest UP-TO-DATE
Caching disabled for task ':presentation:javaPreCompileDebugUnitTest' because:
  Build cache is disabled
Skipping task ':presentation:javaPreCompileDebugUnitTest' as it is up-to-date.

> Task :presentation:kspDebugUnitTestKotlin
Caching disabled for task ':presentation:kspDebugUnitTestKotlin' because:
  Build cache is disabled
Task ':presentation:kspDebugUnitTestKotlin' is not up-to-date because:
  Input property 'kspConfig.javaSourceRoots' file /Users/ahn/Desktop/study/CalcMoney/presentation/src/test/java/com/ahn/presentation/ui/screen/exchange/ExchangeViewModelTest.kt has changed.
  Input property 'kspConfig.sourceRoots' file /Users/ahn/Desktop/study/CalcMoney/presentation/src/test/java/com/ahn/presentation/ui/screen/exchange/ExchangeViewModelTest.kt has changed.
file or directory '/Users/ahn/Desktop/study/CalcMoney/presentation/src/debugUnitTest/kotlin', not found
file or directory '/Users/ahn/Desktop/study/CalcMoney/presentation/src/test/kotlin', not found
file or directory '/Users/ahn/Desktop/study/CalcMoney/presentation/src/testDebug/kotlin', not found
file or directory '/Users/ahn/Desktop/study/CalcMoney/presentation/src/testDebug/java', not found
file or directory '/Users/ahn/Desktop/study/CalcMoney/presentation/src/testDebug/java', not found
file or directory '/Users/ahn/Desktop/study/CalcMoney/presentation/src/debugUnitTest/kotlin', not found
file or directory '/Users/ahn/Desktop/study/CalcMoney/presentation/src/test/kotlin', not found
file or directory '/Users/ahn/Desktop/study/CalcMoney/presentation/src/testDebug/kotlin', not found
file or directory '/Users/ahn/Desktop/study/CalcMoney/presentation/src/testDebug/java', not found
i: [ksp] loaded provider(s): [dagger.hilt.processor.internal.uninstallmodules.KspUninstallModulesProcessor$Provider, dagger.hilt.android.processor.internal.androidentrypoint.KspAndroidEntryPointProcessor$Provider, dagger.hilt.processor.internal.aggregateddeps.KspAggregatedDepsProcessor$Provider, dagger.hilt.processor.internal.generatesrootinput.KspGeneratesRootInputProcessor$Provider, dagger.hilt.android.processor.internal.customtestapplication.KspCustomTestApplicationProcessor$Provider, dagger.hilt.processor.internal.definecomponent.KspDefineComponentProcessor$Provider, dagger.hilt.android.processor.internal.viewmodel.KspViewModelProcessor$Provider, dagger.hilt.android.processor.internal.bindvalue.KspBindValueProcessor$Provider, dagger.hilt.processor.internal.root.KspComponentTreeDepsProcessor$Provider, dagger.hilt.processor.internal.earlyentrypoint.KspEarlyEntryPointProcessor$Provider, dagger.hilt.processor.internal.aliasof.KspAliasOfProcessor$Provider, dagger.hilt.processor.internal.originatingelement.KspOriginatingElementProcessor$Provider, dagger.hilt.processor.internal.root.KspRootProcessor$Provider, dagger.internal.codegen.KspComponentProcessor$Provider]
Resolve mutations for :presentation:compileDebugUnitTestKotlin (Thread[#2824,Execution worker Thread 10,5,main]) started.
:presentation:compileDebugUnitTestKotlin (Thread[#2824,Execution worker Thread 10,5,main]) started.

> Task :presentation:compileDebugUnitTestKotlin
Caching disabled for task ':presentation:compileDebugUnitTestKotlin' because:
  Build cache is disabled
Task ':presentation:compileDebugUnitTestKotlin' is not up-to-date because:
  Input property 'sources' file /Users/ahn/Desktop/study/CalcMoney/presentation/src/test/java/com/ahn/presentation/ui/screen/exchange/ExchangeViewModelTest.kt has changed.
file or directory '/Users/ahn/Desktop/study/CalcMoney/presentation/src/debugUnitTest/kotlin', not found
file or directory '/Users/ahn/Desktop/study/CalcMoney/presentation/build/generated/ksp/debugUnitTest/kotlin', not found
file or directory '/Users/ahn/Desktop/study/CalcMoney/presentation/build/generated/ksp/debugUnitTest/java', not found
file or directory '/Users/ahn/Desktop/study/CalcMoney/presentation/src/test/kotlin', not found
file or directory '/Users/ahn/Desktop/study/CalcMoney/presentation/src/test/kotlin', not found
file or directory '/Users/ahn/Desktop/study/CalcMoney/presentation/src/test/kotlin', not found
file or directory '/Users/ahn/Desktop/study/CalcMoney/presentation/src/testDebug/kotlin', not found
file or directory '/Users/ahn/Desktop/study/CalcMoney/presentation/src/testDebug/java', not found
file or directory '/Users/ahn/Desktop/study/CalcMoney/presentation/src/testDebug/kotlin', not found
file or directory '/Users/ahn/Desktop/study/CalcMoney/presentation/src/testDebug/java', not found
file or directory '/Users/ahn/Desktop/study/CalcMoney/presentation/src/testDebug/kotlin', not found
file or directory '/Users/ahn/Desktop/study/CalcMoney/presentation/src/testDebug/java', not found
file or directory '/Users/ahn/Desktop/study/CalcMoney/presentation/src/testDebug/java', not found
file or directory '/Users/ahn/Desktop/study/CalcMoney/presentation/build/generated/ksp/debugUnitTest/java', not found
file or directory '/Users/ahn/Desktop/study/CalcMoney/presentation/src/debugUnitTest/kotlin', not found
file or directory '/Users/ahn/Desktop/study/CalcMoney/presentation/build/generated/ksp/debugUnitTest/kotlin', not found
file or directory '/Users/ahn/Desktop/study/CalcMoney/presentation/build/generated/ksp/debugUnitTest/java', not found
file or directory '/Users/ahn/Desktop/study/CalcMoney/presentation/src/test/kotlin', not found
file or directory '/Users/ahn/Desktop/study/CalcMoney/presentation/src/test/kotlin', not found
file or directory '/Users/ahn/Desktop/study/CalcMoney/presentation/src/test/kotlin', not found
file or directory '/Users/ahn/Desktop/study/CalcMoney/presentation/src/testDebug/kotlin', not found
file or directory '/Users/ahn/Desktop/study/CalcMoney/presentation/src/testDebug/java', not found
file or directory '/Users/ahn/Desktop/study/CalcMoney/presentation/src/testDebug/kotlin', not found
file or directory '/Users/ahn/Desktop/study/CalcMoney/presentation/src/testDebug/java', not found
file or directory '/Users/ahn/Desktop/study/CalcMoney/presentation/src/testDebug/kotlin', not found
file or directory '/Users/ahn/Desktop/study/CalcMoney/presentation/src/testDebug/java', not found
file or directory '/Users/ahn/Desktop/study/CalcMoney/presentation/src/testDebug/java', not found
file or directory '/Users/ahn/Desktop/study/CalcMoney/presentation/build/generated/ksp/debugUnitTest/java', not found
file or directory '/Users/ahn/Desktop/study/CalcMoney/presentation/src/debugUnitTest/kotlin', not found
file or directory '/Users/ahn/Desktop/study/CalcMoney/presentation/build/generated/ksp/debugUnitTest/kotlin', not found
file or directory '/Users/ahn/Desktop/study/CalcMoney/presentation/build/generated/ksp/debugUnitTest/java', not found
file or directory '/Users/ahn/Desktop/study/CalcMoney/presentation/src/test/kotlin', not found
file or directory '/Users/ahn/Desktop/study/CalcMoney/presentation/src/test/kotlin', not found
file or directory '/Users/ahn/Desktop/study/CalcMoney/presentation/src/test/kotlin', not found
file or directory '/Users/ahn/Desktop/study/CalcMoney/presentation/src/testDebug/kotlin', not found
file or directory '/Users/ahn/Desktop/study/CalcMoney/presentation/src/testDebug/java', not found
file or directory '/Users/ahn/Desktop/study/CalcMoney/presentation/src/testDebug/kotlin', not found
file or directory '/Users/ahn/Desktop/study/CalcMoney/presentation/src/testDebug/java', not found
file or directory '/Users/ahn/Desktop/study/CalcMoney/presentation/src/testDebug/kotlin', not found
file or directory '/Users/ahn/Desktop/study/CalcMoney/presentation/src/testDebug/java', not found
file or directory '/Users/ahn/Desktop/study/CalcMoney/presentation/src/testDebug/java', not found
file or directory '/Users/ahn/Desktop/study/CalcMoney/presentation/build/generated/ksp/debugUnitTest/java', not found
file or directory '/Users/ahn/Desktop/study/CalcMoney/presentation/src/debugUnitTest/kotlin', not found
file or directory '/Users/ahn/Desktop/study/CalcMoney/presentation/build/generated/ksp/debugUnitTest/kotlin', not found
file or directory '/Users/ahn/Desktop/study/CalcMoney/presentation/build/generated/ksp/debugUnitTest/java', not found
file or directory '/Users/ahn/Desktop/study/CalcMoney/presentation/src/test/kotlin', not found
file or directory '/Users/ahn/Desktop/study/CalcMoney/presentation/src/test/kotlin', not found
file or directory '/Users/ahn/Desktop/study/CalcMoney/presentation/src/test/kotlin', not found
file or directory '/Users/ahn/Desktop/study/CalcMoney/presentation/src/testDebug/kotlin', not found
file or directory '/Users/ahn/Desktop/study/CalcMoney/presentation/src/testDebug/java', not found
file or directory '/Users/ahn/Desktop/study/CalcMoney/presentation/src/testDebug/kotlin', not found
file or directory '/Users/ahn/Desktop/study/CalcMoney/presentation/src/testDebug/java', not found
file or directory '/Users/ahn/Desktop/study/CalcMoney/presentation/src/testDebug/kotlin', not found
file or directory '/Users/ahn/Desktop/study/CalcMoney/presentation/src/testDebug/java', not found
file or directory '/Users/ahn/Desktop/study/CalcMoney/presentation/src/testDebug/java', not found
file or directory '/Users/ahn/Desktop/study/CalcMoney/presentation/build/generated/ksp/debugUnitTest/java', not found
Kotlin source files: /Users/ahn/Desktop/study/CalcMoney/presentation/src/test/java/com/ahn/presentation/ui/screen/exchange/ExchangeViewModelTest.kt, /Users/ahn/Desktop/study/CalcMoney/presentation/src/test/java/com/ahn/presentation/ui/screen/calculator/CalculatorViewModelTest.kt
Java source files: 
Script source files: 
Script file extensions: 
Using Kotlin/JVM incremental compilation
[KOTLIN] Kotlin compilation 'jdkHome' argument: null
Options for KOTLIN DAEMON: IncrementalCompilationOptions(super=CompilationOptions(compilerMode=INCREMENTAL_COMPILER, targetPlatform=JVM, reportCategories=[0, 3], reportSeverity=2, requestedCompilationResults=[0], kotlinScriptExtensions=[]), sourceChanges=org.jetbrains.kotlin.buildtools.api.SourcesChanges$Known@6b369c44, classpathChanges=NoChanges, workingDir=/Users/ahn/Desktop/study/CalcMoney/presentation/build/kotlin/compileDebugUnitTestKotlin/cacheable, multiModuleICSettings=MultiModuleICSettings(buildHistoryFile=/Users/ahn/Desktop/study/CalcMoney/presentation/build/kotlin/compileDebugUnitTestKotlin/local-state/build-history.bin, useModuleDetection=true), icFeatures=IncrementalCompilationFeatures(usePreciseJavaTracking=true, withAbiSnapshot=false, preciseCompilationResultsBackup=true, keepIncrementalCompilationCachesInMemory=true, enableUnsafeIncrementalCompilationForMultiplatform=false, enableMonotonousIncrementalCompileSetExpansion=true), outputFiles=[/Users/ahn/Desktop/study/CalcMoney/presentation/build/tmp/kotlin-classes/debugUnitTest, /Users/ahn/Desktop/study/CalcMoney/presentation/build/kotlin/compileDebugUnitTestKotlin/cacheable, /Users/ahn/Desktop/study/CalcMoney/presentation/build/kotlin/compileDebugUnitTestKotlin/local-state])
Finished executing kotlin compiler using DAEMON strategy
Resolve mutations for :presentation:compileDebugUnitTestJavaWithJavac (Thread[#2824,Execution worker Thread 10,5,main]) started.
:presentation:compileDebugUnitTestJavaWithJavac (Thread[#2824,Execution worker Thread 10,5,main]) started.

> Task :presentation:compileDebugUnitTestJavaWithJavac NO-SOURCE
Skipping task ':presentation:compileDebugUnitTestJavaWithJavac' as it has no source files and no previous output files.
Resolve mutations for :presentation:hiltAggregateDepsDebugUnitTest (Thread[#2824,Execution worker Thread 10,5,main]) started.
:presentation:hiltAggregateDepsDebugUnitTest (Thread[#2824,Execution worker Thread 10,5,main]) started.

> Task :presentation:hiltAggregateDepsDebugUnitTest UP-TO-DATE
file or directory '/Users/ahn/Desktop/study/CalcMoney/presentation/build/generated/ksp/debugUnitTest/classes', not found
Caching disabled for CopyTransform: /Users/ahn/Desktop/study/CalcMoney/presentation/build/tmp/kotlin-classes/debugUnitTest because:
  Build cache is disabled
  Caching not enabled.
Caching disabled for AggregatedPackagesTransform: /Users/ahn/Desktop/study/CalcMoney/presentation/build/tmp/kotlin-classes/debugUnitTest because:
  Build cache is disabled
Caching disabled for task ':presentation:hiltAggregateDepsDebugUnitTest' because:
  Build cache is disabled
Skipping task ':presentation:hiltAggregateDepsDebugUnitTest' as it is up-to-date.
Resolve mutations for :presentation:hiltJavaCompileDebugUnitTest (Thread[#2824,Execution worker Thread 10,5,main]) started.
:presentation:hiltJavaCompileDebugUnitTest (Thread[#2824,Execution worker Thread 10,5,main]) started.

> Task :presentation:hiltJavaCompileDebugUnitTest NO-SOURCE
Skipping task ':presentation:hiltJavaCompileDebugUnitTest' as it has no source files and no previous output files.
Resolve mutations for :presentation:processDebugUnitTestJavaRes (Thread[#2824,Execution worker Thread 10,5,main]) started.
:presentation:processDebugUnitTestJavaRes (Thread[#2824,Execution worker Thread 10,5,main]) started.

> Task :presentation:processDebugUnitTestJavaRes UP-TO-DATE
file or directory '/Users/ahn/Desktop/study/CalcMoney/presentation/src/test/resources', not found
file or directory '/Users/ahn/Desktop/study/CalcMoney/presentation/src/testDebug/resources', not found
file or directory '/Users/ahn/Desktop/study/CalcMoney/presentation/build/generated/ksp/debugUnitTest/classes', not found
file or directory '/Users/ahn/Desktop/study/CalcMoney/presentation/build/generated/ksp/debugUnitTest/classes', not found
file or directory '/Users/ahn/Desktop/study/CalcMoney/presentation/src/test/resources', not found
file or directory '/Users/ahn/Desktop/study/CalcMoney/presentation/src/testDebug/resources', not found
file or directory '/Users/ahn/Desktop/study/CalcMoney/presentation/build/generated/ksp/debugUnitTest/classes', not found
file or directory '/Users/ahn/Desktop/study/CalcMoney/presentation/build/generated/ksp/debugUnitTest/classes', not found
Caching disabled for task ':presentation:processDebugUnitTestJavaRes' because:
  Build cache is disabled
  Caching has been disabled for the task
Skipping task ':presentation:processDebugUnitTestJavaRes' as it is up-to-date.
Resolve mutations for :presentation:transformDebugUnitTestClassesWithAsm (Thread[#2824,Execution worker Thread 10,5,main]) started.
:presentation:transformDebugUnitTestClassesWithAsm (Thread[#2824,Execution worker Thread 10,5,main]) started.

> Task :presentation:transformDebugUnitTestClassesWithAsm
file or directory '/Users/ahn/Desktop/study/CalcMoney/presentation/build/generated/ksp/debugUnitTest/classes', not found
file or directory '/Users/ahn/Desktop/study/CalcMoney/presentation/build/generated/ksp/debugUnitTest/classes', not found
Caching disabled for task ':presentation:transformDebugUnitTestClassesWithAsm' because:
  Build cache is disabled
Task ':presentation:transformDebugUnitTestClassesWithAsm' is not up-to-date because:
  Input property 'inputClassesDir' file /Users/ahn/Desktop/study/CalcMoney/presentation/build/tmp/kotlin-classes/debugUnitTest/com/ahn/presentation/ui/screen/exchange/ExchangeViewModelTest$1$1.class has changed.
  Input property 'inputClassesDir' file /Users/ahn/Desktop/study/CalcMoney/presentation/build/tmp/kotlin-classes/debugUnitTest/com/ahn/presentation/ui/screen/exchange/ExchangeViewModelTest$1$2.class has changed.
  Input property 'inputClassesDir' file /Users/ahn/Desktop/study/CalcMoney/presentation/build/tmp/kotlin-classes/debugUnitTest/com/ahn/presentation/ui/screen/exchange/ExchangeViewModelTest$1$3$1.class has changed.
  and more...
Resolve mutations for :presentation:testDebugUnitTest (Thread[#2824,Execution worker Thread 10,5,main]) started.
:presentation:testDebugUnitTest (Thread[#2824,Execution worker Thread 10,5,main]) started.
Gradle Test Executor 17 started executing tests.

> Task :presentation:testDebugUnitTest
Caching disabled for task ':presentation:testDebugUnitTest' because:
  Build cache is disabled
Task ':presentation:testDebugUnitTest' is not up-to-date because:
  Task has failed previously.
Starting process 'Gradle Test Executor 17'. Working directory: /Users/ahn/Desktop/study/CalcMoney/presentation Command: /Users/ahn/Library/Java/JavaVirtualMachines/corretto-19.0.2/Contents/Home/bin/java -Djava.awt.headless=true -Djava.library.path=/Users/ahn/Library/Java/Extensions:/Library/Java/Extensions:/Network/Library/Java/Extensions:/System/Library/Java/Extensions:/usr/lib/java:.:/Users/ahn/Desktop/study/CalcMoney/presentation/src/testDebug/jniLibs:/Users/ahn/Desktop/study/CalcMoney/presentation/src/test/jniLibs -Dorg.gradle.internal.worker.tmpdir=/Users/ahn/Desktop/study/CalcMoney/presentation/build/tmp/testDebugUnitTest/work --add-opens=java.base/java.io=ALL-UNNAMED @/Users/ahn/.gradle/.tmp/gradle-worker-classpath6304999629881176212txt -Xmx512m -Dfile.encoding=UTF-8 -Duser.country=KR -Duser.language=ko -Duser.variant -ea worker.org.gradle.process.internal.worker.GradleWorkerMain 'Gradle Test Executor 17'
Successfully started process 'Gradle Test Executor 17'

Gradle Test Executor 17 STANDARD_OUT
    Warning: Kotest autoscan is enabled. This means Kotest will scan the classpath for extensions that are annotated with @AutoScan. To avoid this startup cost, disable autoscan by setting the system property 'kotest.framework.classpath.scanning.autoscan.disable=true'. In 6.0 this value will default to true. For further details see https://kotest.io/docs/next/framework/project-config.html#runtime-detection

com.ahn.presentation.ui.screen.exchange.ExchangeViewModelTest > Given: ViewModel이 처음 생성되었을 때 > When: 초기 상태를 확인하면 > com.ahn.presentation.ui.screen.exchange.ExchangeViewModelTest.Then: 기본 통화 및 환율이 설정되어야 한다 FAILED
    java.lang.AssertionError: expected:<State(fromAmount=1, toAmount=, fromCurrency=CurrencyInfo(code=USD, displayCode=USD, name=미국 달러, flagEmoji=🇺🇸), toCurrency=CurrencyInfo(code=KRW, displayCode=KRW, name=대한민국 원, flagEmoji=🇰🇷), availableCurrencies=[CurrencyInfo(code=USD, displayCode=USD, name=미국 달러, flagEmoji=🇺🇸), CurrencyInfo(code=KRW, displayCode=KRW, name=대한민국 원, flagEmoji=🇰🇷), CurrencyInfo(code=JPY, displayCode=JPY(100), name=일본 엔, flagEmoji=🇯🇵), CurrencyInfo(code=EUR, displayCode=EUR, name=유로, flagEmoji=🇪🇺)], exchangeRate=0.0, isLoading=false)> but was:<State(fromAmount=1, toAmount=, fromCurrency=null, toCurrency=null, availableCurrencies=[], exchangeRate=0.0, isLoading=false)>
        at org.junit.Assert.fail(Assert.java:89)
        at org.junit.Assert.failNotEquals(Assert.java:835)
        at org.junit.Assert.assertEquals(Assert.java:120)
        at kotlin.test.junit.JUnitAsserter.assertEquals(JUnitSupport.kt:32)
        at kotlin.test.AssertionsKt__AssertionsKt.assertEquals(Assertions.kt:63)
        at kotlin.test.AssertionsKt.assertEquals(Unknown Source)
        at kotlin.test.AssertionsKt__AssertionsKt.assertEquals$default(Assertions.kt:62)
        at kotlin.test.AssertionsKt.assertEquals$default(Unknown Source)
        at org.orbitmvi.orbit.test.RealOrbitTestContext.expectState(RealOrbitTestContext.kt:83)
        at com.ahn.presentation.ui.screen.exchange.ExchangeViewModelTest$1$3$3$1$1$1.invokeSuspend(ExchangeViewModelTest.kt:54)
        at com.ahn.presentation.ui.screen.exchange.ExchangeViewModelTest$1$3$3$1$1$1.invoke(ExchangeViewModelTest.kt)
        at com.ahn.presentation.ui.screen.exchange.ExchangeViewModelTest$1$3$3$1$1$1.invoke(ExchangeViewModelTest.kt)
        at org.orbitmvi.orbit.test.TestKt$test$2.invokeSuspend(Test.kt:70)
        at org.orbitmvi.orbit.test.TestKt$test$2.invoke(Test.kt)
        at org.orbitmvi.orbit.test.TestKt$test$2.invoke(Test.kt)
        at app.cash.turbine.FlowKt$test$2.invokeSuspend(flow.kt:143)
        at app.cash.turbine.FlowKt$test$2.invoke(flow.kt)
        at app.cash.turbine.FlowKt$test$2.invoke(flow.kt)
        at app.cash.turbine.FlowKt$turbineScope$2$1.invokeSuspend(flow.kt:91)
        at app.cash.turbine.FlowKt$turbineScope$2$1.invoke(flow.kt)
        at app.cash.turbine.FlowKt$turbineScope$2$1.invoke(flow.kt)
        at kotlinx.coroutines.intrinsics.UndispatchedKt.startUndispatchedOrReturn(Undispatched.kt:42)
        at kotlinx.coroutines.CoroutineScopeKt.coroutineScope(CoroutineScope.kt:261)
        at app.cash.turbine.FlowKt$turbineScope$2$scopeFn$1.invokeSuspend(flow.kt:83)
        at app.cash.turbine.FlowKt$turbineScope$2$scopeFn$1.invoke(flow.kt)
        at app.cash.turbine.FlowKt$turbineScope$2$scopeFn$1.invoke(flow.kt)
        at app.cash.turbine.FlowKt$turbineScope$2.invokeSuspend(flow.kt:88)
        at app.cash.turbine.FlowKt$turbineScope$2.invoke(flow.kt)
        at app.cash.turbine.FlowKt$turbineScope$2.invoke(flow.kt)
        at app.cash.turbine.CoroutinesKt$reportTurbines$2.invokeSuspend(coroutines.kt:89)
        at app.cash.turbine.CoroutinesKt$reportTurbines$2.invoke(coroutines.kt)
        at app.cash.turbine.CoroutinesKt$reportTurbines$2.invoke(coroutines.kt)
        at kotlinx.coroutines.intrinsics.UndispatchedKt.startUndispatchedOrReturn(Undispatched.kt:42)
        at kotlinx.coroutines.BuildersKt__Builders_commonKt.withContext(Builders.common.kt:164)
        at kotlinx.coroutines.BuildersKt.withContext(Unknown Source)
        at app.cash.turbine.CoroutinesKt.reportTurbines(coroutines.kt:88)
        at app.cash.turbine.FlowKt.turbineScope-k1IrOU0(flow.kt:80)
        at app.cash.turbine.FlowKt.test-C2H2yOE(flow.kt:141)
        at app.cash.turbine.FlowKt.test-C2H2yOE$default(flow.kt:136)
        at org.orbitmvi.orbit.test.TestKt.test-Tnuy9kA(Test.kt:64)
        at org.orbitmvi.orbit.test.TestKt.test-Tnuy9kA$default(Test.kt:48)
        at com.ahn.presentation.ui.screen.exchange.ExchangeViewModelTest$1$3$3$1$1.invokeSuspend(ExchangeViewModelTest.kt:50)
        at com.ahn.presentation.ui.screen.exchange.ExchangeViewModelTest$1$3$3$1$1.invoke(ExchangeViewModelTest.kt)
        at com.ahn.presentation.ui.screen.exchange.ExchangeViewModelTest$1$3$3$1$1.invoke(ExchangeViewModelTest.kt)
        at kotlinx.coroutines.test.TestBuildersKt__TestBuildersKt$runTest$2$1$1.invokeSuspend(TestBuilders.kt:318)
        at _COROUTINE._BOUNDARY._(CoroutineDebugging.kt:42)
        at app.cash.turbine.FlowKt$turbineScope$2$scopeFn$1.invokeSuspend(flow.kt:83)
        at app.cash.turbine.FlowKt$turbineScope$2.invokeSuspend(flow.kt:88)
        at app.cash.turbine.CoroutinesKt$reportTurbines$2.invokeSuspend(coroutines.kt:89)
        at com.ahn.presentation.ui.screen.exchange.ExchangeViewModelTest$1$3$3$1$1.invokeSuspend(ExchangeViewModelTest.kt:50)
        at kotlinx.coroutines.test.TestBuildersKt__TestBuildersKt$runTest$2$1$1.invokeSuspend(TestBuilders.kt:318)
        at kotlinx.coroutines.TimeoutKt.withTimeoutOrNull(Timeout.kt:101)
        at io.kotest.engine.test.interceptors.InvocationTimeoutInterceptor.intercept(InvocationTimeoutInterceptor.kt:42)
        at io.kotest.engine.test.TestInvocationInterceptor$runBeforeTestAfter$wrappedTest$1$1.invokeSuspend(TestInvocationInterceptor.kt:70)
        at io.kotest.engine.test.TestInvocationInterceptor$intercept$2$1.invokeSuspend(TestInvocationInterceptor.kt:36)
        at io.kotest.mpp.ReplayKt.replay(replay.kt:15)
        at io.kotest.engine.test.TestInvocationInterceptor$intercept$2.invokeSuspend(TestInvocationInterceptor.kt:32)
        at io.kotest.engine.test.TestInvocationInterceptor.intercept(TestInvocationInterceptor.kt:31)
        at io.kotest.engine.test.TestCaseExecutor$execute$3$1.invokeSuspend(TestCaseExecutor.kt:100)
        at io.kotest.engine.interceptors.MarkAbortedExceptionsAsSkippedTestInterceptor.intercept(MarkAbortedExceptionsAsSkippedTestInterceptor.kt:23)
        at io.kotest.engine.test.TestCaseExecutor$execute$3$1.invokeSuspend(TestCaseExecutor.kt:100)
        at io.kotest.engine.test.interceptors.ExpectExceptionTestInterceptor.intercept(ExpectExceptionTestInterceptor.kt:18)
        at io.kotest.engine.test.TestCaseExecutor$execute$3$1.invokeSuspend(TestCaseExecutor.kt:100)
        at io.kotest.engine.test.interceptors.TimeoutInterceptor.intercept(TimeoutInterceptor.kt:33)
        at io.kotest.engine.test.TestCaseExecutor$execute$3$1.invokeSuspend(TestCaseExecutor.kt:100)
        at io.kotest.engine.test.interceptors.BlockedThreadTimeoutInterceptor.intercept(BlockedThreadTimeoutInterceptor.kt:79)
        at io.kotest.engine.test.TestCaseExecutor$execute$3$1.invokeSuspend(TestCaseExecutor.kt:100)
        at io.kotest.engine.test.interceptors.CoroutineLoggingInterceptor.intercept(CoroutineLoggingInterceptor.kt:30)
        at io.kotest.engine.test.TestCaseExecutor$execute$3$1.invokeSuspend(TestCaseExecutor.kt:100)
        at io.kotest.engine.test.interceptors.SoftAssertInterceptor.intercept(SoftAssertInterceptor.kt:27)
        at io.kotest.engine.test.TestCaseExecutor$execute$3$1.invokeSuspend(TestCaseExecutor.kt:100)
        at io.kotest.engine.test.interceptors.AssertionModeInterceptor.intercept(AssertionModeInterceptor.kt:25)
        at io.kotest.engine.test.TestCaseExecutor$execute$3$1.invokeSuspend(TestCaseExecutor.kt:100)
        at io.kotest.engine.test.interceptors.LifecycleInterceptor.intercept(LifecycleInterceptor.kt:50)
        at io.kotest.engine.test.TestCaseExecutor$execute$3$1.invokeSuspend(TestCaseExecutor.kt:100)
        at io.kotest.engine.test.interceptors.TestCaseExtensionInterceptor$intercept$2.invokeSuspend(TestCaseExtensionInterceptor.kt:24)
        at io.kotest.engine.test.TestCaseExecutor$execute$3$1.invokeSuspend(TestCaseExecutor.kt:100)
        at io.kotest.engine.test.interceptors.BeforeSpecListenerInterceptor$intercept$runTest$1$2.invokeSuspend(BeforeSpecListenerInterceptor.kt:43)
        at io.kotest.engine.test.interceptors.BeforeSpecListenerInterceptor.intercept(BeforeSpecListenerInterceptor.kt:60)
        at io.kotest.engine.test.TestCaseExecutor$execute$3$1.invokeSuspend(TestCaseExecutor.kt:100)
        at io.kotest.engine.test.interceptors.TestEnabledCheckInterceptor.intercept(TestEnabledCheckInterceptor.kt:31)
        at io.kotest.engine.test.TestCaseExecutor$execute$3$1.invokeSuspend(TestCaseExecutor.kt:100)
        at io.kotest.engine.test.interceptors.CoroutineErrorCollectorInterceptor$intercept$3.invokeSuspend(CoroutineErrorCollectorInterceptor.kt:34)
        at io.kotest.engine.test.TestCaseExecutor$execute$3$1.invokeSuspend(TestCaseExecutor.kt:100)
        at io.kotest.engine.test.interceptors.CoroutineDispatcherFactoryInterceptor$intercept$4.invokeSuspend(coroutineDispatcherFactoryInterceptor.kt:57)
        at io.kotest.engine.concurrency.FixedThreadCoroutineDispatcherFactory$withDispatcher$4.invokeSuspend(FixedThreadCoroutineDispatcherFactory.kt:59)
        at io.kotest.engine.test.interceptors.CoroutineDispatcherFactoryInterceptor.intercept(coroutineDispatcherFactoryInterceptor.kt:56)
        at io.kotest.engine.test.TestCaseExecutor$execute$3$1.invokeSuspend(TestCaseExecutor.kt:100)
        at io.kotest.engine.test.interceptors.SupervisorScopeInterceptor$intercept$2.invokeSuspend(SupervisorScopeInterceptor.kt:23)
        at io.kotest.engine.test.TestCaseExecutor$execute$3$1.invokeSuspend(TestCaseExecutor.kt:100)
        at io.kotest.engine.test.TestCaseExecutor$execute$3$1.invokeSuspend(TestCaseExecutor.kt:100)
        at io.kotest.engine.test.interceptors.TestFinishedInterceptor.intercept(TestFinishedInterceptor.kt:21)
        at io.kotest.engine.test.TestCaseExecutor$execute$3$1.invokeSuspend(TestCaseExecutor.kt:100)
        at io.kotest.engine.test.interceptors.TestNameContextInterceptor$intercept$2.invokeSuspend(TestPathContextInterceptor.kt:35)
        at io.kotest.engine.test.TestCaseExecutor$execute$3$1.invokeSuspend(TestCaseExecutor.kt:100)
        at io.kotest.engine.test.interceptors.TestPathContextInterceptor$intercept$2.invokeSuspend(TestPathContextInterceptor.kt:20)
        at io.kotest.engine.test.TestCaseExecutor$execute$3$1.invokeSuspend(TestCaseExecutor.kt:100)
        at io.kotest.engine.spec.runners.InstancePerLeafSpecRunner$locateAndRunRoot$5.invokeSuspend(InstancePerLeafSpecRunner.kt:196)
        at com.ahn.presentation.ui.screen.exchange.ExchangeViewModelTest$1$3$3.invokeSuspend(ExchangeViewModelTest.kt:46)
        at io.kotest.core.spec.style.scopes.BehaviorSpecGivenContainerScope$addWhen$2.invokeSuspend(BehaviorSpecGivenContainerScope.kt:67)
        at io.kotest.engine.test.TestCaseExecutor$execute$innerExecute$1.invokeSuspend(TestCaseExecutor.kt:91)
        at io.kotest.engine.test.interceptors.CoroutineDebugProbeInterceptor.intercept(CoroutineDebugProbeInterceptor.kt:29)
        at io.kotest.engine.test.TestCaseExecutor$execute$3$1.invokeSuspend(TestCaseExecutor.kt:100)
        at io.kotest.engine.test.TestInvocationInterceptor$runBeforeTestAfter$executeWithBeforeAfter$1.invokeSuspend(TestInvocationInterceptor.kt:63)
        at io.kotest.engine.test.interceptors.InvocationTimeoutInterceptor.intercept(InvocationTimeoutInterceptor.kt:28)
        at io.kotest.engine.test.TestInvocationInterceptor$runBeforeTestAfter$wrappedTest$1$1.invokeSuspend(TestInvocationInterceptor.kt:70)
        at io.kotest.engine.test.TestInvocationInterceptor$intercept$2$1.invokeSuspend(TestInvocationInterceptor.kt:36)
        at io.kotest.mpp.ReplayKt.replay(replay.kt:15)
        at io.kotest.engine.test.TestInvocationInterceptor$intercept$2.invokeSuspend(TestInvocationInterceptor.kt:32)
        at io.kotest.engine.test.TestInvocationInterceptor.intercept(TestInvocationInterceptor.kt:31)
        at io.kotest.engine.test.TestCaseExecutor$execute$3$1.invokeSuspend(TestCaseExecutor.kt:100)
        at io.kotest.engine.interceptors.MarkAbortedExceptionsAsSkippedTestInterceptor.intercept(MarkAbortedExceptionsAsSkippedTestInterceptor.kt:23)
        at io.kotest.engine.test.TestCaseExecutor$execute$3$1.invokeSuspend(TestCaseExecutor.kt:100)
        at io.kotest.engine.test.interceptors.ExpectExceptionTestInterceptor.intercept(ExpectExceptionTestInterceptor.kt:18)
        at io.kotest.engine.test.TestCaseExecutor$execute$3$1.invokeSuspend(TestCaseExecutor.kt:100)
        at io.kotest.engine.test.interceptors.TimeoutInterceptor.intercept(TimeoutInterceptor.kt:33)
        at io.kotest.engine.test.TestCaseExecutor$execute$3$1.invokeSuspend(TestCaseExecutor.kt:100)
        at io.kotest.engine.test.interceptors.BlockedThreadTimeoutInterceptor.intercept(BlockedThreadTimeoutInterceptor.kt:79)
        at io.kotest.engine.test.TestCaseExecutor$execute$3$1.invokeSuspend(TestCaseExecutor.kt:100)
        at io.kotest.engine.test.interceptors.CoroutineLoggingInterceptor.intercept(CoroutineLoggingInterceptor.kt:30)
        at io.kotest.engine.test.TestCaseExecutor$execute$3$1.invokeSuspend(TestCaseExecutor.kt:100)
        at io.kotest.engine.test.interceptors.SoftAssertInterceptor.intercept(SoftAssertInterceptor.kt:26)
        at io.kotest.engine.test.TestCaseExecutor$execute$3$1.invokeSuspend(TestCaseExecutor.kt:100)
        at io.kotest.engine.test.interceptors.AssertionModeInterceptor.intercept(AssertionModeInterceptor.kt:24)
        at io.kotest.engine.test.TestCaseExecutor$execute$3$1.invokeSuspend(TestCaseExecutor.kt:100)
        at io.kotest.engine.test.interceptors.LifecycleInterceptor.intercept(LifecycleInterceptor.kt:50)
        at io.kotest.engine.test.TestCaseExecutor$execute$3$1.invokeSuspend(TestCaseExecutor.kt:100)
        at io.kotest.engine.test.interceptors.TestCaseExtensionInterceptor$intercept$2.invokeSuspend(TestCaseExtensionInterceptor.kt:24)
        at io.kotest.engine.test.TestCaseExecutor$execute$3$1.invokeSuspend(TestCaseExecutor.kt:100)
        at io.kotest.engine.test.interceptors.BeforeSpecListenerInterceptor$intercept$runTest$1$2.invokeSuspend(BeforeSpecListenerInterceptor.kt:43)
        at io.kotest.engine.test.interceptors.BeforeSpecListenerInterceptor.intercept(BeforeSpecListenerInterceptor.kt:60)
        at io.kotest.engine.test.TestCaseExecutor$execute$3$1.invokeSuspend(TestCaseExecutor.kt:100)
        at io.kotest.engine.test.interceptors.TestEnabledCheckInterceptor.intercept(TestEnabledCheckInterceptor.kt:31)
        at io.kotest.engine.test.TestCaseExecutor$execute$3$1.invokeSuspend(TestCaseExecutor.kt:100)
        at io.kotest.engine.test.interceptors.CoroutineErrorCollectorInterceptor$intercept$3.invokeSuspend(CoroutineErrorCollectorInterceptor.kt:34)
        at io.kotest.engine.test.TestCaseExecutor$execute$3$1.invokeSuspend(TestCaseExecutor.kt:100)
        at io.kotest.engine.test.interceptors.CoroutineDispatcherFactoryInterceptor$intercept$4.invokeSuspend(coroutineDispatcherFactoryInterceptor.kt:57)
        at io.kotest.engine.concurrency.FixedThreadCoroutineDispatcherFactory$withDispatcher$4.invokeSuspend(FixedThreadCoroutineDispatcherFactory.kt:59)
        at io.kotest.engine.test.interceptors.CoroutineDispatcherFactoryInterceptor.intercept(coroutineDispatcherFactoryInterceptor.kt:56)
        at io.kotest.engine.test.TestCaseExecutor$execute$3$1.invokeSuspend(TestCaseExecutor.kt:100)
        at io.kotest.engine.test.interceptors.SupervisorScopeInterceptor$intercept$2.invokeSuspend(SupervisorScopeInterceptor.kt:23)
        at io.kotest.engine.test.TestCaseExecutor$execute$3$1.invokeSuspend(TestCaseExecutor.kt:100)
        at io.kotest.engine.test.TestCaseExecutor$execute$3$1.invokeSuspend(TestCaseExecutor.kt:100)
        at io.kotest.engine.test.interceptors.TestFinishedInterceptor.intercept(TestFinishedInterceptor.kt:21)
        at io.kotest.engine.test.TestCaseExecutor$execute$3$1.invokeSuspend(TestCaseExecutor.kt:100)
        at io.kotest.engine.test.interceptors.TestNameContextInterceptor$intercept$2.invokeSuspend(TestPathContextInterceptor.kt:35)
        at io.kotest.engine.test.TestCaseExecutor$execute$3$1.invokeSuspend(TestCaseExecutor.kt:100)
        at io.kotest.engine.test.interceptors.TestPathContextInterceptor$intercept$2.invokeSuspend(TestPathContextInterceptor.kt:20)
        at io.kotest.engine.test.TestCaseExecutor$execute$3$1.invokeSuspend(TestCaseExecutor.kt:100)
        at io.kotest.engine.spec.runners.InstancePerLeafSpecRunner$locateAndRunRoot$5.invokeSuspend(InstancePerLeafSpecRunner.kt:196)
        at com.ahn.presentation.ui.screen.exchange.ExchangeViewModelTest$1$3.invokeSuspend(ExchangeViewModelTest.kt:45)

        Caused by:
        java.lang.AssertionError: expected:<State(fromAmount=1, toAmount=, fromCurrency=CurrencyInfo(code=USD, displayCode=USD, name=미국 달러, flagEmoji=🇺🇸), toCurrency=CurrencyInfo(code=KRW, displayCode=KRW, name=대한민국 원, flagEmoji=🇰🇷), availableCurrencies=[CurrencyInfo(code=USD, displayCode=USD, name=미국 달러, flagEmoji=🇺🇸), CurrencyInfo(code=KRW, displayCode=KRW, name=대한민국 원, flagEmoji=🇰🇷), CurrencyInfo(code=JPY, displayCode=JPY(100), name=일본 엔, flagEmoji=🇯🇵), CurrencyInfo(code=EUR, displayCode=EUR, name=유로, flagEmoji=🇪🇺)], exchangeRate=0.0, isLoading=false)> but was:<State(fromAmount=1, toAmount=, fromCurrency=null, toCurrency=null, availableCurrencies=[], exchangeRate=0.0, isLoading=false)>
            at org.junit.Assert.fail(Assert.java:89)
            at org.junit.Assert.failNotEquals(Assert.java:835)
            at org.junit.Assert.assertEquals(Assert.java:120)
            at kotlin.test.junit.JUnitAsserter.assertEquals(JUnitSupport.kt:32)
            at kotlin.test.AssertionsKt__AssertionsKt.assertEquals(Assertions.kt:63)
            at kotlin.test.AssertionsKt.assertEquals(Unknown Source)
            at kotlin.test.AssertionsKt__AssertionsKt.assertEquals$default(Assertions.kt:62)
            at kotlin.test.AssertionsKt.assertEquals$default(Unknown Source)
            at org.orbitmvi.orbit.test.RealOrbitTestContext.expectState(RealOrbitTestContext.kt:83)
            at com.ahn.presentation.ui.screen.exchange.ExchangeViewModelTest$1$3$3$1$1$1.invokeSuspend(ExchangeViewModelTest.kt:54)
            at com.ahn.presentation.ui.screen.exchange.ExchangeViewModelTest$1$3$3$1$1$1.invoke(ExchangeViewModelTest.kt)
            at com.ahn.presentation.ui.screen.exchange.ExchangeViewModelTest$1$3$3$1$1$1.invoke(ExchangeViewModelTest.kt)
            at org.orbitmvi.orbit.test.TestKt$test$2.invokeSuspend(Test.kt:70)
            at org.orbitmvi.orbit.test.TestKt$test$2.invoke(Test.kt)
            at org.orbitmvi.orbit.test.TestKt$test$2.invoke(Test.kt)
            at app.cash.turbine.FlowKt$test$2.invokeSuspend(flow.kt:143)
            at app.cash.turbine.FlowKt$test$2.invoke(flow.kt)
            at app.cash.turbine.FlowKt$test$2.invoke(flow.kt)
            at app.cash.turbine.FlowKt$turbineScope$2$1.invokeSuspend(flow.kt:91)
            at app.cash.turbine.FlowKt$turbineScope$2$1.invoke(flow.kt)
            at app.cash.turbine.FlowKt$turbineScope$2$1.invoke(flow.kt)
            at kotlinx.coroutines.intrinsics.UndispatchedKt.startUndispatchedOrReturn(Undispatched.kt:42)
            at kotlinx.coroutines.CoroutineScopeKt.coroutineScope(CoroutineScope.kt:261)
            at app.cash.turbine.FlowKt$turbineScope$2$scopeFn$1.invokeSuspend(flow.kt:83)
            at app.cash.turbine.FlowKt$turbineScope$2$scopeFn$1.invoke(flow.kt)
            at app.cash.turbine.FlowKt$turbineScope$2$scopeFn$1.invoke(flow.kt)
            at app.cash.turbine.FlowKt$turbineScope$2.invokeSuspend(flow.kt:88)
            at app.cash.turbine.FlowKt$turbineScope$2.invoke(flow.kt)
            at app.cash.turbine.FlowKt$turbineScope$2.invoke(flow.kt)
            at app.cash.turbine.CoroutinesKt$reportTurbines$2.invokeSuspend(coroutines.kt:89)
            at app.cash.turbine.CoroutinesKt$reportTurbines$2.invoke(coroutines.kt)
            at app.cash.turbine.CoroutinesKt$reportTurbines$2.invoke(coroutines.kt)
            at kotlinx.coroutines.intrinsics.UndispatchedKt.startUndispatchedOrReturn(Undispatched.kt:42)
            at kotlinx.coroutines.BuildersKt__Builders_commonKt.withContext(Builders.common.kt:164)
            at kotlinx.coroutines.BuildersKt.withContext(Unknown Source)
            at app.cash.turbine.CoroutinesKt.reportTurbines(coroutines.kt:88)
            at app.cash.turbine.FlowKt.turbineScope-k1IrOU0(flow.kt:80)
            at app.cash.turbine.FlowKt.test-C2H2yOE(flow.kt:141)
            at app.cash.turbine.FlowKt.test-C2H2yOE$default(flow.kt:136)
            at org.orbitmvi.orbit.test.TestKt.test-Tnuy9kA(Test.kt:64)
            at org.orbitmvi.orbit.test.TestKt.test-Tnuy9kA$default(Test.kt:48)
            at com.ahn.presentation.ui.screen.exchange.ExchangeViewModelTest$1$3$3$1$1.invokeSuspend(ExchangeViewModelTest.kt:50)
            at com.ahn.presentation.ui.screen.exchange.ExchangeViewModelTest$1$3$3$1$1.invoke(ExchangeViewModelTest.kt)
            at com.ahn.presentation.ui.screen.exchange.ExchangeViewModelTest$1$3$3$1$1.invoke(ExchangeViewModelTest.kt)
            at kotlinx.coroutines.test.TestBuildersKt__TestBuildersKt$runTest$2$1$1.invokeSuspend(TestBuilders.kt:318)
            at kotlin.coroutines.jvm.internal.BaseContinuationImpl.resumeWith(ContinuationImpl.kt:33)
            at kotlinx.coroutines.DispatchedTask.run(DispatchedTask.kt:101)
            at kotlinx.coroutines.test.TestDispatcher.processEvent$kotlinx_coroutines_test(TestDispatcher.kt:24)
            at kotlinx.coroutines.test.TestCoroutineScheduler.tryRunNextTaskUnless$kotlinx_coroutines_test(TestCoroutineScheduler.kt:99)
            at kotlinx.coroutines.test.TestBuildersKt__TestBuildersKt$runTest$2$1$workRunner$1.invokeSuspend(TestBuilders.kt:327)
            at kotlin.coroutines.jvm.internal.BaseContinuationImpl.resumeWith(ContinuationImpl.kt:33)
            at kotlinx.coroutines.DispatchedTask.run(DispatchedTask.kt:101)
            at kotlinx.coroutines.EventLoopImplBase.processNextEvent(EventLoop.common.kt:263)
            at kotlinx.coroutines.BlockingCoroutine.joinBlocking(Builders.kt:95)
            at kotlinx.coroutines.BuildersKt__BuildersKt.runBlocking(Builders.kt:69)
            at kotlinx.coroutines.BuildersKt.runBlocking(Unknown Source)
            at kotlinx.coroutines.BuildersKt__BuildersKt.runBlocking$default(Builders.kt:47)
            at kotlinx.coroutines.BuildersKt.runBlocking$default(Unknown Source)
            at kotlinx.coroutines.test.TestBuildersJvmKt.createTestResult(TestBuildersJvm.kt:10)
            at kotlinx.coroutines.test.TestBuildersKt__TestBuildersKt.runTest-8Mi8wO0(TestBuilders.kt:310)
            at kotlinx.coroutines.test.TestBuildersKt.runTest-8Mi8wO0(Unknown Source)
            at kotlinx.coroutines.test.TestBuildersKt__TestBuildersKt.runTest-8Mi8wO0(TestBuilders.kt:168)
            at kotlinx.coroutines.test.TestBuildersKt.runTest-8Mi8wO0(Unknown Source)
            at kotlinx.coroutines.test.TestBuildersKt__TestBuildersKt.runTest-8Mi8wO0$default(TestBuilders.kt:160)
            at kotlinx.coroutines.test.TestBuildersKt.runTest-8Mi8wO0$default(Unknown Source)
            at com.ahn.presentation.ui.screen.exchange.ExchangeViewModelTest$1$3$3$1.invokeSuspend(ExchangeViewModelTest.kt:49)
            at com.ahn.presentation.ui.screen.exchange.ExchangeViewModelTest$1$3$3$1.invoke(ExchangeViewModelTest.kt)
            at com.ahn.presentation.ui.screen.exchange.ExchangeViewModelTest$1$3$3$1.invoke(ExchangeViewModelTest.kt)
            at io.kotest.engine.test.TestCaseExecutor$execute$innerExecute$1.invokeSuspend(TestCaseExecutor.kt:91)
            at io.kotest.engine.test.TestCaseExecutor$execute$innerExecute$1.invoke(TestCaseExecutor.kt)
            at io.kotest.engine.test.TestCaseExecutor$execute$innerExecute$1.invoke(TestCaseExecutor.kt)
            at io.kotest.engine.test.interceptors.CoroutineDebugProbeInterceptor.intercept(CoroutineDebugProbeInterceptor.kt:29)
            at io.kotest.engine.test.TestCaseExecutor$execute$3$1.invokeSuspend(TestCaseExecutor.kt:100)
            at io.kotest.engine.test.TestCaseExecutor$execute$3$1.invoke(TestCaseExecutor.kt)
            at io.kotest.engine.test.TestCaseExecutor$execute$3$1.invoke(TestCaseExecutor.kt)
            at io.kotest.engine.test.TestInvocationInterceptor$runBeforeTestAfter$executeWithBeforeAfter$1.invokeSuspend(TestInvocationInterceptor.kt:63)
            at io.kotest.engine.test.TestInvocationInterceptor$runBeforeTestAfter$executeWithBeforeAfter$1.invoke(TestInvocationInterceptor.kt)
            at io.kotest.engine.test.TestInvocationInterceptor$runBeforeTestAfter$executeWithBeforeAfter$1.invoke(TestInvocationInterceptor.kt)
            at io.kotest.engine.test.interceptors.InvocationTimeoutInterceptor$intercept$3.invokeSuspend(InvocationTimeoutInterceptor.kt:43)
            at io.kotest.engine.test.interceptors.InvocationTimeoutInterceptor$intercept$3.invoke(InvocationTimeoutInterceptor.kt)
            at io.kotest.engine.test.interceptors.InvocationTimeoutInterceptor$intercept$3.invoke(InvocationTimeoutInterceptor.kt)
            at kotlinx.coroutines.intrinsics.UndispatchedKt.startUndispatchedOrReturnIgnoreTimeout(Undispatched.kt:53)
            at kotlinx.coroutines.TimeoutKt.setupTimeout(Timeout.kt:148)
            at kotlinx.coroutines.TimeoutKt.withTimeoutOrNull(Timeout.kt:104)
            at io.kotest.engine.test.interceptors.InvocationTimeoutInterceptor.intercept(InvocationTimeoutInterceptor.kt:42)
            at io.kotest.engine.test.TestInvocationInterceptor$runBeforeTestAfter$wrappedTest$1$1.invokeSuspend(TestInvocationInterceptor.kt:70)
            at io.kotest.engine.test.TestInvocationInterceptor$runBeforeTestAfter$wrappedTest$1$1.invoke(TestInvocationInterceptor.kt)
            at io.kotest.engine.test.TestInvocationInterceptor$runBeforeTestAfter$wrappedTest$1$1.invoke(TestInvocationInterceptor.kt)
            at io.kotest.engine.test.TestInvocationInterceptor.runBeforeTestAfter(TestInvocationInterceptor.kt:73)
            at io.kotest.engine.test.TestInvocationInterceptor.access$runBeforeTestAfter(TestInvocationInterceptor.kt:14)
            at io.kotest.engine.test.TestInvocationInterceptor$intercept$2$1.invokeSuspend(TestInvocationInterceptor.kt:36)
            at io.kotest.engine.test.TestInvocationInterceptor$intercept$2$1.invoke(TestInvocationInterceptor.kt)
            at io.kotest.engine.test.TestInvocationInterceptor$intercept$2$1.invoke(TestInvocationInterceptor.kt)
            at io.kotest.mpp.ReplayKt.replay(replay.kt:15)
            at io.kotest.engine.test.TestInvocationInterceptor$intercept$2.invokeSuspend(TestInvocationInterceptor.kt:32)
            at io.kotest.engine.test.TestInvocationInterceptor$intercept$2.invoke(TestInvocationInterceptor.kt)
            at io.kotest.engine.test.TestInvocationInterceptor$intercept$2.invoke(TestInvocationInterceptor.kt)
            at kotlinx.coroutines.intrinsics.UndispatchedKt.startUndispatchedOrReturn(Undispatched.kt:42)
            at kotlinx.coroutines.CoroutineScopeKt.coroutineScope(CoroutineScope.kt:261)
            at io.kotest.engine.test.TestInvocationInterceptor.intercept(TestInvocationInterceptor.kt:31)
            at io.kotest.engine.test.TestCaseExecutor$execute$3$1.invokeSuspend(TestCaseExecutor.kt:100)
            at io.kotest.engine.test.TestCaseExecutor$execute$3$1.invoke(TestCaseExecutor.kt)
            at io.kotest.engine.test.TestCaseExecutor$execute$3$1.invoke(TestCaseExecutor.kt)
            at io.kotest.engine.interceptors.MarkAbortedExceptionsAsSkippedTestInterceptor.intercept(MarkAbortedExceptionsAsSkippedTestInterceptor.kt:23)
            at io.kotest.engine.test.TestCaseExecutor$execute$3$1.invokeSuspend(TestCaseExecutor.kt:100)
            at io.kotest.engine.test.TestCaseExecutor$execute$3$1.invoke(TestCaseExecutor.kt)
            at io.kotest.engine.test.TestCaseExecutor$execute$3$1.invoke(TestCaseExecutor.kt)
            at io.kotest.engine.test.interceptors.ExpectExceptionTestInterceptor.intercept(ExpectExceptionTestInterceptor.kt:18)
            at io.kotest.engine.test.TestCaseExecutor$execute$3$1.invokeSuspend(TestCaseExecutor.kt:100)
            at io.kotest.engine.test.TestCaseExecutor$execute$3$1.invoke(TestCaseExecutor.kt)
            at io.kotest.engine.test.TestCaseExecutor$execute$3$1.invoke(TestCaseExecutor.kt)
            at io.kotest.engine.test.interceptors.TimeoutInterceptor.intercept(TimeoutInterceptor.kt:33)
            at io.kotest.engine.test.TestCaseExecutor$execute$3$1.invokeSuspend(TestCaseExecutor.kt:100)
            at io.kotest.engine.test.TestCaseExecutor$execute$3$1.invoke(TestCaseExecutor.kt)
            at io.kotest.engine.test.TestCaseExecutor$execute$3$1.invoke(TestCaseExecutor.kt)
            at io.kotest.engine.test.interceptors.BlockedThreadTimeoutInterceptor.intercept(BlockedThreadTimeoutInterceptor.kt:79)
            at io.kotest.engine.test.TestCaseExecutor$execute$3$1.invokeSuspend(TestCaseExecutor.kt:100)
            at io.kotest.engine.test.TestCaseExecutor$execute$3$1.invoke(TestCaseExecutor.kt)
            at io.kotest.engine.test.TestCaseExecutor$execute$3$1.invoke(TestCaseExecutor.kt)
            at io.kotest.engine.test.interceptors.CoroutineLoggingInterceptor.intercept(CoroutineLoggingInterceptor.kt:30)
            at io.kotest.engine.test.TestCaseExecutor$execute$3$1.invokeSuspend(TestCaseExecutor.kt:100)
            at io.kotest.engine.test.TestCaseExecutor$execute$3$1.invoke(TestCaseExecutor.kt)
            at io.kotest.engine.test.TestCaseExecutor$execute$3$1.invoke(TestCaseExecutor.kt)
            at io.kotest.engine.test.interceptors.SoftAssertInterceptor.intercept(SoftAssertInterceptor.kt:27)
            at io.kotest.engine.test.TestCaseExecutor$execute$3$1.invokeSuspend(TestCaseExecutor.kt:100)
            at io.kotest.engine.test.TestCaseExecutor$execute$3$1.invoke(TestCaseExecutor.kt)
            at io.kotest.engine.test.TestCaseExecutor$execute$3$1.invoke(TestCaseExecutor.kt)
            at io.kotest.engine.test.interceptors.AssertionModeInterceptor.intercept(AssertionModeInterceptor.kt:25)
            at io.kotest.engine.test.TestCaseExecutor$execute$3$1.invokeSuspend(TestCaseExecutor.kt:100)
            at io.kotest.engine.test.TestCaseExecutor$execute$3$1.invoke(TestCaseExecutor.kt)
            at io.kotest.engine.test.TestCaseExecutor$execute$3$1.invoke(TestCaseExecutor.kt)
            at io.kotest.engine.test.interceptors.LifecycleInterceptor.intercept(LifecycleInterceptor.kt:50)
            at io.kotest.engine.test.TestCaseExecutor$execute$3$1.invokeSuspend(TestCaseExecutor.kt:100)
            at io.kotest.engine.test.TestCaseExecutor$execute$3$1.invoke(TestCaseExecutor.kt)
            at io.kotest.engine.test.TestCaseExecutor$execute$3$1.invoke(TestCaseExecutor.kt)
            at io.kotest.engine.test.interceptors.TestCaseExtensionInterceptor$intercept$2.invokeSuspend(TestCaseExtensionInterceptor.kt:24)
            at io.kotest.engine.test.interceptors.TestCaseExtensionInterceptor$intercept$2.invoke(TestCaseExtensionInterceptor.kt)
            at io.kotest.engine.test.interceptors.TestCaseExtensionInterceptor$intercept$2.invoke(TestCaseExtensionInterceptor.kt)
            at io.kotest.engine.test.TestExtensions.intercept(TestExtensions.kt:148)
            at io.kotest.engine.test.interceptors.TestCaseExtensionInterceptor.intercept(TestCaseExtensionInterceptor.kt:24)
            at io.kotest.engine.test.TestCaseExecutor$execute$3$1.invokeSuspend(TestCaseExecutor.kt:100)
            at io.kotest.engine.test.TestCaseExecutor$execute$3$1.invoke(TestCaseExecutor.kt)
            at io.kotest.engine.test.TestCaseExecutor$execute$3$1.invoke(TestCaseExecutor.kt)
            at io.kotest.engine.test.interceptors.BeforeSpecListenerInterceptor$intercept$runTest$1$2.invokeSuspend(BeforeSpecListenerInterceptor.kt:43)
            at io.kotest.engine.test.interceptors.BeforeSpecListenerInterceptor$intercept$runTest$1$2.invoke(BeforeSpecListenerInterceptor.kt)
            at io.kotest.engine.test.interceptors.BeforeSpecListenerInterceptor$intercept$runTest$1$2.invoke(BeforeSpecListenerInterceptor.kt)
            at io.kotest.engine.test.interceptors.BeforeSpecListenerInterceptor.intercept(BeforeSpecListenerInterceptor.kt:60)
            at io.kotest.engine.test.TestCaseExecutor$execute$3$1.invokeSuspend(TestCaseExecutor.kt:100)
            at io.kotest.engine.test.TestCaseExecutor$execute$3$1.invoke(TestCaseExecutor.kt)
            at io.kotest.engine.test.TestCaseExecutor$execute$3$1.invoke(TestCaseExecutor.kt)
            at io.kotest.engine.test.interceptors.TestEnabledCheckInterceptor.intercept(TestEnabledCheckInterceptor.kt:31)
            at io.kotest.engine.test.TestCaseExecutor$execute$3$1.invokeSuspend(TestCaseExecutor.kt:100)
            at io.kotest.engine.test.TestCaseExecutor$execute$3$1.invoke(TestCaseExecutor.kt)
            at io.kotest.engine.test.TestCaseExecutor$execute$3$1.invoke(TestCaseExecutor.kt)
            at io.kotest.engine.test.interceptors.CoroutineErrorCollectorInterceptor$intercept$3.invokeSuspend(CoroutineErrorCollectorInterceptor.kt:34)
            at io.kotest.engine.test.interceptors.CoroutineErrorCollectorInterceptor$intercept$3.invoke(CoroutineErrorCollectorInterceptor.kt)
            at io.kotest.engine.test.interceptors.CoroutineErrorCollectorInterceptor$intercept$3.invoke(CoroutineErrorCollectorInterceptor.kt)
            at kotlinx.coroutines.intrinsics.UndispatchedKt.startUndispatchedOrReturn(Undispatched.kt:42)
            at kotlinx.coroutines.BuildersKt__Builders_commonKt.withContext(Builders.common.kt:164)
            at kotlinx.coroutines.BuildersKt.withContext(Unknown Source)
            at io.kotest.engine.test.interceptors.CoroutineErrorCollectorInterceptor.intercept(CoroutineErrorCollectorInterceptor.kt:33)
            at io.kotest.engine.test.TestCaseExecutor$execute$3$1.invokeSuspend(TestCaseExecutor.kt:100)
            at io.kotest.engine.test.TestCaseExecutor$execute$3$1.invoke(TestCaseExecutor.kt)
            at io.kotest.engine.test.TestCaseExecutor$execute$3$1.invoke(TestCaseExecutor.kt)
            at io.kotest.engine.test.interceptors.CoroutineDispatcherFactoryInterceptor$intercept$4.invokeSuspend(coroutineDispatcherFactoryInterceptor.kt:57)
            at io.kotest.engine.test.interceptors.CoroutineDispatcherFactoryInterceptor$intercept$4.invoke(coroutineDispatcherFactoryInterceptor.kt)
            at io.kotest.engine.test.interceptors.CoroutineDispatcherFactoryInterceptor$intercept$4.invoke(coroutineDispatcherFactoryInterceptor.kt)
            at io.kotest.engine.concurrency.FixedThreadCoroutineDispatcherFactory$withDispatcher$4.invokeSuspend(FixedThreadCoroutineDispatcherFactory.kt:59)
            at io.kotest.engine.concurrency.FixedThreadCoroutineDispatcherFactory$withDispatcher$4.invoke(FixedThreadCoroutineDispatcherFactory.kt)
            at io.kotest.engine.concurrency.FixedThreadCoroutineDispatcherFactory$withDispatcher$4.invoke(FixedThreadCoroutineDispatcherFactory.kt)
            at kotlinx.coroutines.intrinsics.UndispatchedKt.startUndispatchedOrReturn(Undispatched.kt:42)
            at kotlinx.coroutines.BuildersKt__Builders_commonKt.withContext(Builders.common.kt:164)
            at kotlinx.coroutines.BuildersKt.withContext(Unknown Source)
            at io.kotest.engine.concurrency.FixedThreadCoroutineDispatcherFactory.withDispatcher(FixedThreadCoroutineDispatcherFactory.kt:58)
            at io.kotest.engine.test.interceptors.CoroutineDispatcherFactoryInterceptor.intercept(coroutineDispatcherFactoryInterceptor.kt:56)
            at io.kotest.engine.test.TestCaseExecutor$execute$3$1.invokeSuspend(TestCaseExecutor.kt:100)
            at io.kotest.engine.test.TestCaseExecutor$execute$3$1.invoke(TestCaseExecutor.kt)
            at io.kotest.engine.test.TestCaseExecutor$execute$3$1.invoke(TestCaseExecutor.kt)
            at io.kotest.engine.test.interceptors.SupervisorScopeInterceptor$intercept$2.invokeSuspend(SupervisorScopeInterceptor.kt:23)
            at io.kotest.engine.test.interceptors.SupervisorScopeInterceptor$intercept$2.invoke(SupervisorScopeInterceptor.kt)
            at io.kotest.engine.test.interceptors.SupervisorScopeInterceptor$intercept$2.invoke(SupervisorScopeInterceptor.kt)
            at kotlinx.coroutines.intrinsics.UndispatchedKt.startUndispatchedOrReturn(Undispatched.kt:42)
            at kotlinx.coroutines.SupervisorKt.supervisorScope(Supervisor.kt:56)
            at io.kotest.engine.test.interceptors.SupervisorScopeInterceptor.intercept(SupervisorScopeInterceptor.kt:22)
            at io.kotest.engine.test.TestCaseExecutor$execute$3$1.invokeSuspend(TestCaseExecutor.kt:100)
            at io.kotest.engine.test.TestCaseExecutor$execute$3$1.invoke(TestCaseExecutor.kt)
            at io.kotest.engine.test.TestCaseExecutor$execute$3$1.invoke(TestCaseExecutor.kt)
            at io.kotest.engine.test.interceptors.InvocationCountCheckInterceptor.intercept(InvocationCountCheckInterceptor.kt:24)
            at io.kotest.engine.test.TestCaseExecutor$execute$3$1.invokeSuspend(TestCaseExecutor.kt:100)
            at io.kotest.engine.test.TestCaseExecutor$execute$3$1.invoke(TestCaseExecutor.kt)
            at io.kotest.engine.test.TestCaseExecutor$execute$3$1.invoke(TestCaseExecutor.kt)
            at io.kotest.engine.test.interceptors.TestFinishedInterceptor.intercept(TestFinishedInterceptor.kt:21)
            at io.kotest.engine.test.TestCaseExecutor$execute$3$1.invokeSuspend(TestCaseExecutor.kt:100)
            at io.kotest.engine.test.TestCaseExecutor$execute$3$1.invoke(TestCaseExecutor.kt)
            at io.kotest.engine.test.TestCaseExecutor$execute$3$1.invoke(TestCaseExecutor.kt)
            at io.kotest.engine.test.interceptors.TestNameContextInterceptor$intercept$2.invokeSuspend(TestPathContextInterceptor.kt:35)
            at io.kotest.engine.test.interceptors.TestNameContextInterceptor$intercept$2.invoke(TestPathContextInterceptor.kt)
            at io.kotest.engine.test.interceptors.TestNameContextInterceptor$intercept$2.invoke(TestPathContextInterceptor.kt)
            at kotlinx.coroutines.intrinsics.UndispatchedKt.startUndispatchedOrReturn(Undispatched.kt:42)
            at kotlinx.coroutines.BuildersKt__Builders_commonKt.withContext(Builders.common.kt:164)
            at kotlinx.coroutines.BuildersKt.withContext(Unknown Source)
            at io.kotest.engine.test.interceptors.TestNameContextInterceptor.intercept(TestPathContextInterceptor.kt:34)
            at io.kotest.engine.test.TestCaseExecutor$execute$3$1.invokeSuspend(TestCaseExecutor.kt:100)
            at io.kotest.engine.test.TestCaseExecutor$execute$3$1.invoke(TestCaseExecutor.kt)
            at io.kotest.engine.test.TestCaseExecutor$execute$3$1.invoke(TestCaseExecutor.kt)
            at io.kotest.engine.test.interceptors.TestPathContextInterceptor$intercept$2.invokeSuspend(TestPathContextInterceptor.kt:20)
            at io.kotest.engine.test.interceptors.TestPathContextInterceptor$intercept$2.invoke(TestPathContextInterceptor.kt)
            at io.kotest.engine.test.interceptors.TestPathContextInterceptor$intercept$2.invoke(TestPathContextInterceptor.kt)
            at kotlinx.coroutines.intrinsics.UndispatchedKt.startUndispatchedOrReturn(Undispatched.kt:42)
            at kotlinx.coroutines.BuildersKt__Builders_commonKt.withContext(Builders.common.kt:164)
            at kotlinx.coroutines.BuildersKt.withContext(Unknown Source)
            at io.kotest.engine.test.interceptors.TestPathContextInterceptor.intercept(TestPathContextInterceptor.kt:19)
            at io.kotest.engine.test.TestCaseExecutor$execute$3$1.invokeSuspend(TestCaseExecutor.kt:100)
            at io.kotest.engine.test.TestCaseExecutor$execute$3$1.invoke(TestCaseExecutor.kt)
            at io.kotest.engine.test.TestCaseExecutor$execute$3$1.invoke(TestCaseExecutor.kt)
            at io.kotest.engine.test.TestCaseExecutor.execute(TestCaseExecutor.kt:101)
            at io.kotest.engine.spec.runners.InstancePerLeafSpecRunner$locateAndRunRoot$5.invokeSuspend(InstancePerLeafSpecRunner.kt:196)
            at io.kotest.engine.spec.runners.InstancePerLeafSpecRunner$locateAndRunRoot$5.invoke(InstancePerLeafSpecRunner.kt)
            at io.kotest.engine.spec.runners.InstancePerLeafSpecRunner$locateAndRunRoot$5.invoke(InstancePerLeafSpecRunner.kt)
            at kotlinx.coroutines.intrinsics.UndispatchedKt.startUndispatchedOrReturn(Undispatched.kt:42)
            at kotlinx.coroutines.CoroutineScopeKt.coroutineScope(CoroutineScope.kt:261)
            at io.kotest.engine.spec.runners.InstancePerLeafSpecRunner.locateAndRunRoot(InstancePerLeafSpecRunner.kt:134)
            at io.kotest.engine.spec.runners.InstancePerLeafSpecRunner.access$locateAndRunRoot(InstancePerLeafSpecRunner.kt:30)
            at io.kotest.engine.spec.runners.InstancePerLeafSpecRunner$locateAndRunRoot$5$context$1.registerTestCase(InstancePerLeafSpecRunner.kt:156)
            at io.kotest.engine.test.scopes.DuplicateNameHandlingTestScope.registerTestCase(DuplicateNameHandlingTestScope.kt:30)
            at io.kotest.engine.test.scopes.TestScopeWithCoroutineContext.registerTestCase(scopes.kt)
            at io.kotest.core.spec.style.scopes.AbstractContainerScope.registerTestCase$suspendImpl(ContainerScope.kt:222)
            at io.kotest.core.spec.style.scopes.AbstractContainerScope.registerTestCase(ContainerScope.kt)
            at io.kotest.core.spec.style.scopes.ContainerScope$DefaultImpls.registerTest(ContainerScope.kt:50)
            at io.kotest.core.spec.style.scopes.AbstractContainerScope.registerTest(ContainerScope.kt:213)
            at io.kotest.core.spec.style.scopes.ContainerScope$DefaultImpls.registerTest(ContainerScope.kt:77)
            at io.kotest.core.spec.style.scopes.AbstractContainerScope.registerTest(ContainerScope.kt:213)
            at io.kotest.core.spec.style.scopes.BehaviorSpecWhenContainerScope.addThen(BehaviorSpecWhenContainerScope.kt:88)
            at io.kotest.core.spec.style.scopes.BehaviorSpecWhenContainerScope.Then(BehaviorSpecWhenContainerScope.kt:82)
            at com.ahn.presentation.ui.screen.exchange.ExchangeViewModelTest$1$3$3.invokeSuspend(ExchangeViewModelTest.kt:46)
            at com.ahn.presentation.ui.screen.exchange.ExchangeViewModelTest$1$3$3.invoke(ExchangeViewModelTest.kt)
            at com.ahn.presentation.ui.screen.exchange.ExchangeViewModelTest$1$3$3.invoke(ExchangeViewModelTest.kt)
            at io.kotest.core.spec.style.scopes.BehaviorSpecGivenContainerScope$addWhen$2.invokeSuspend(BehaviorSpecGivenContainerScope.kt:67)
            at io.kotest.core.spec.style.scopes.BehaviorSpecGivenContainerScope$addWhen$2.invoke(BehaviorSpecGivenContainerScope.kt)
            at io.kotest.core.spec.style.scopes.BehaviorSpecGivenContainerScope$addWhen$2.invoke(BehaviorSpecGivenContainerScope.kt)
            at io.kotest.engine.test.TestCaseExecutor$execute$innerExecute$1.invokeSuspend(TestCaseExecutor.kt:91)
            at io.kotest.engine.test.TestCaseExecutor$execute$innerExecute$1.invoke(TestCaseExecutor.kt)
            at io.kotest.engine.test.TestCaseExecutor$execute$innerExecute$1.invoke(TestCaseExecutor.kt)
            at io.kotest.engine.test.interceptors.CoroutineDebugProbeInterceptor.intercept(CoroutineDebugProbeInterceptor.kt:29)
            at io.kotest.engine.test.TestCaseExecutor$execute$3$1.invokeSuspend(TestCaseExecutor.kt:100)
            at io.kotest.engine.test.TestCaseExecutor$execute$3$1.invoke(TestCaseExecutor.kt)
            at io.kotest.engine.test.TestCaseExecutor$execute$3$1.invoke(TestCaseExecutor.kt)
            at io.kotest.engine.test.TestInvocationInterceptor$runBeforeTestAfter$executeWithBeforeAfter$1.invokeSuspend(TestInvocationInterceptor.kt:63)
            at io.kotest.engine.test.TestInvocationInterceptor$runBeforeTestAfter$executeWithBeforeAfter$1.invoke(TestInvocationInterceptor.kt)
            at io.kotest.engine.test.TestInvocationInterceptor$runBeforeTestAfter$executeWithBeforeAfter$1.invoke(TestInvocationInterceptor.kt)
            at io.kotest.engine.test.interceptors.InvocationTimeoutInterceptor.intercept(InvocationTimeoutInterceptor.kt:28)
            at io.kotest.engine.test.TestInvocationInterceptor$runBeforeTestAfter$wrappedTest$1$1.invokeSuspend(TestInvocationInterceptor.kt:70)
            at io.kotest.engine.test.TestInvocationInterceptor$runBeforeTestAfter$wrappedTest$1$1.invoke(TestInvocationInterceptor.kt)
            at io.kotest.engine.test.TestInvocationInterceptor$runBeforeTestAfter$wrappedTest$1$1.invoke(TestInvocationInterceptor.kt)
            at io.kotest.engine.test.TestInvocationInterceptor.runBeforeTestAfter(TestInvocationInterceptor.kt:73)
            at io.kotest.engine.test.TestInvocationInterceptor.access$runBeforeTestAfter(TestInvocationInterceptor.kt:14)
            at io.kotest.engine.test.TestInvocationInterceptor$intercept$2$1.invokeSuspend(TestInvocationInterceptor.kt:36)
            at io.kotest.engine.test.TestInvocationInterceptor$intercept$2$1.invoke(TestInvocationInterceptor.kt)
            at io.kotest.engine.test.TestInvocationInterceptor$intercept$2$1.invoke(TestInvocationInterceptor.kt)
            at io.kotest.mpp.ReplayKt.replay(replay.kt:15)
            at io.kotest.engine.test.TestInvocationInterceptor$intercept$2.invokeSuspend(TestInvocationInterceptor.kt:32)
            at io.kotest.engine.test.TestInvocationInterceptor$intercept$2.invoke(TestInvocationInterceptor.kt)
            at io.kotest.engine.test.TestInvocationInterceptor$intercept$2.invoke(TestInvocationInterceptor.kt)
            at kotlinx.coroutines.intrinsics.UndispatchedKt.startUndispatchedOrReturn(Undispatched.kt:42)
            at kotlinx.coroutines.CoroutineScopeKt.coroutineScope(CoroutineScope.kt:261)
            at io.kotest.engine.test.TestInvocationInterceptor.intercept(TestInvocationInterceptor.kt:31)
            at io.kotest.engine.test.TestCaseExecutor$execute$3$1.invokeSuspend(TestCaseExecutor.kt:100)
            at io.kotest.engine.test.TestCaseExecutor$execute$3$1.invoke(TestCaseExecutor.kt)
            at io.kotest.engine.test.TestCaseExecutor$execute$3$1.invoke(TestCaseExecutor.kt)
            at io.kotest.engine.interceptors.MarkAbortedExceptionsAsSkippedTestInterceptor.intercept(MarkAbortedExceptionsAsSkippedTestInterceptor.kt:23)
            at io.kotest.engine.test.TestCaseExecutor$execute$3$1.invokeSuspend(TestCaseExecutor.kt:100)
            at io.kotest.engine.test.TestCaseExecutor$execute$3$1.invoke(TestCaseExecutor.kt)
            at io.kotest.engine.test.TestCaseExecutor$execute$3$1.invoke(TestCaseExecutor.kt)
            at io.kotest.engine.test.interceptors.ExpectExceptionTestInterceptor.intercept(ExpectExceptionTestInterceptor.kt:18)
            at io.kotest.engine.test.TestCaseExecutor$execute$3$1.invokeSuspend(TestCaseExecutor.kt:100)
            at io.kotest.engine.test.TestCaseExecutor$execute$3$1.invoke(TestCaseExecutor.kt)
            at io.kotest.engine.test.TestCaseExecutor$execute$3$1.invoke(TestCaseExecutor.kt)
            at io.kotest.engine.test.interceptors.TimeoutInterceptor.intercept(TimeoutInterceptor.kt:33)
            at io.kotest.engine.test.TestCaseExecutor$execute$3$1.invokeSuspend(TestCaseExecutor.kt:100)
            at io.kotest.engine.test.TestCaseExecutor$execute$3$1.invoke(TestCaseExecutor.kt)
            at io.kotest.engine.test.TestCaseExecutor$execute$3$1.invoke(TestCaseExecutor.kt)
            at io.kotest.engine.test.interceptors.BlockedThreadTimeoutInterceptor.intercept(BlockedThreadTimeoutInterceptor.kt:79)
            at io.kotest.engine.test.TestCaseExecutor$execute$3$1.invokeSuspend(TestCaseExecutor.kt:100)
            at io.kotest.engine.test.TestCaseExecutor$execute$3$1.invoke(TestCaseExecutor.kt)
            at io.kotest.engine.test.TestCaseExecutor$execute$3$1.invoke(TestCaseExecutor.kt)
            at io.kotest.engine.test.interceptors.CoroutineLoggingInterceptor.intercept(CoroutineLoggingInterceptor.kt:30)
            at io.kotest.engine.test.TestCaseExecutor$execute$3$1.invokeSuspend(TestCaseExecutor.kt:100)
            at io.kotest.engine.test.TestCaseExecutor$execute$3$1.invoke(TestCaseExecutor.kt)
            at io.kotest.engine.test.TestCaseExecutor$execute$3$1.invoke(TestCaseExecutor.kt)
            at io.kotest.engine.test.interceptors.SoftAssertInterceptor.intercept(SoftAssertInterceptor.kt:26)
            at io.kotest.engine.test.TestCaseExecutor$execute$3$1.invokeSuspend(TestCaseExecutor.kt:100)
            at io.kotest.engine.test.TestCaseExecutor$execute$3$1.invoke(TestCaseExecutor.kt)
            at io.kotest.engine.test.TestCaseExecutor$execute$3$1.invoke(TestCaseExecutor.kt)
            at io.kotest.engine.test.interceptors.AssertionModeInterceptor.intercept(AssertionModeInterceptor.kt:24)
            at io.kotest.engine.test.TestCaseExecutor$execute$3$1.invokeSuspend(TestCaseExecutor.kt:100)
            at io.kotest.engine.test.TestCaseExecutor$execute$3$1.invoke(TestCaseExecutor.kt)
            at io.kotest.engine.test.TestCaseExecutor$execute$3$1.invoke(TestCaseExecutor.kt)
            at io.kotest.engine.test.interceptors.LifecycleInterceptor.intercept(LifecycleInterceptor.kt:50)
            at io.kotest.engine.test.TestCaseExecutor$execute$3$1.invokeSuspend(TestCaseExecutor.kt:100)
            at io.kotest.engine.test.TestCaseExecutor$execute$3$1.invoke(TestCaseExecutor.kt)
            at io.kotest.engine.test.TestCaseExecutor$execute$3$1.invoke(TestCaseExecutor.kt)
            at io.kotest.engine.test.interceptors.TestCaseExtensionInterceptor$intercept$2.invokeSuspend(TestCaseExtensionInterceptor.kt:24)
            at io.kotest.engine.test.interceptors.TestCaseExtensionInterceptor$intercept$2.invoke(TestCaseExtensionInterceptor.kt)
            at io.kotest.engine.test.interceptors.TestCaseExtensionInterceptor$intercept$2.invoke(TestCaseExtensionInterceptor.kt)
            at io.kotest.engine.test.TestExtensions.intercept(TestExtensions.kt:148)
            at io.kotest.engine.test.interceptors.TestCaseExtensionInterceptor.intercept(TestCaseExtensionInterceptor.kt:24)
            at io.kotest.engine.test.TestCaseExecutor$execute$3$1.invokeSuspend(TestCaseExecutor.kt:100)
            at io.kotest.engine.test.TestCaseExecutor$execute$3$1.invoke(TestCaseExecutor.kt)
            at io.kotest.engine.test.TestCaseExecutor$execute$3$1.invoke(TestCaseExecutor.kt)
            at io.kotest.engine.test.interceptors.BeforeSpecListenerInterceptor$intercept$runTest$1$2.invokeSuspend(BeforeSpecListenerInterceptor.kt:43)
            at io.kotest.engine.test.interceptors.BeforeSpecListenerInterceptor$intercept$runTest$1$2.invoke(BeforeSpecListenerInterceptor.kt)
            at io.kotest.engine.test.interceptors.BeforeSpecListenerInterceptor$intercept$runTest$1$2.invoke(BeforeSpecListenerInterceptor.kt)
            at io.kotest.engine.test.interceptors.BeforeSpecListenerInterceptor.intercept(BeforeSpecListenerInterceptor.kt:60)
            at io.kotest.engine.test.TestCaseExecutor$execute$3$1.invokeSuspend(TestCaseExecutor.kt:100)
            at io.kotest.engine.test.TestCaseExecutor$execute$3$1.invoke(TestCaseExecutor.kt)
            at io.kotest.engine.test.TestCaseExecutor$execute$3$1.invoke(TestCaseExecutor.kt)
            at io.kotest.engine.test.interceptors.TestEnabledCheckInterceptor.intercept(TestEnabledCheckInterceptor.kt:31)
            at io.kotest.engine.test.TestCaseExecutor$execute$3$1.invokeSuspend(TestCaseExecutor.kt:100)
            at io.kotest.engine.test.TestCaseExecutor$execute$3$1.invoke(TestCaseExecutor.kt)
            at io.kotest.engine.test.TestCaseExecutor$execute$3$1.invoke(TestCaseExecutor.kt)
            at io.kotest.engine.test.interceptors.CoroutineErrorCollectorInterceptor$intercept$3.invokeSuspend(CoroutineErrorCollectorInterceptor.kt:34)
            at io.kotest.engine.test.interceptors.CoroutineErrorCollectorInterceptor$intercept$3.invoke(CoroutineErrorCollectorInterceptor.kt)
            at io.kotest.engine.test.interceptors.CoroutineErrorCollectorInterceptor$intercept$3.invoke(CoroutineErrorCollectorInterceptor.kt)
            at kotlinx.coroutines.intrinsics.UndispatchedKt.startUndispatchedOrReturn(Undispatched.kt:42)
            at kotlinx.coroutines.BuildersKt__Builders_commonKt.withContext(Builders.common.kt:164)
            at kotlinx.coroutines.BuildersKt.withContext(Unknown Source)
            at io.kotest.engine.test.interceptors.CoroutineErrorCollectorInterceptor.intercept(CoroutineErrorCollectorInterceptor.kt:33)
            at io.kotest.engine.test.TestCaseExecutor$execute$3$1.invokeSuspend(TestCaseExecutor.kt:100)
            at io.kotest.engine.test.TestCaseExecutor$execute$3$1.invoke(TestCaseExecutor.kt)
            at io.kotest.engine.test.TestCaseExecutor$execute$3$1.invoke(TestCaseExecutor.kt)
            at io.kotest.engine.test.interceptors.CoroutineDispatcherFactoryInterceptor$intercept$4.invokeSuspend(coroutineDispatcherFactoryInterceptor.kt:57)
            at io.kotest.engine.test.interceptors.CoroutineDispatcherFactoryInterceptor$intercept$4.invoke(coroutineDispatcherFactoryInterceptor.kt)
            at io.kotest.engine.test.interceptors.CoroutineDispatcherFactoryInterceptor$intercept$4.invoke(coroutineDispatcherFactoryInterceptor.kt)
            at io.kotest.engine.concurrency.FixedThreadCoroutineDispatcherFactory$withDispatcher$4.invokeSuspend(FixedThreadCoroutineDispatcherFactory.kt:59)
            at io.kotest.engine.concurrency.FixedThreadCoroutineDispatcherFactory$withDispatcher$4.invoke(FixedThreadCoroutineDispatcherFactory.kt)
            at io.kotest.engine.concurrency.FixedThreadCoroutineDispatcherFactory$withDispatcher$4.invoke(FixedThreadCoroutineDispatcherFactory.kt)
            at kotlinx.coroutines.intrinsics.UndispatchedKt.startUndispatchedOrReturn(Undispatched.kt:42)
            at kotlinx.coroutines.BuildersKt__Builders_commonKt.withContext(Builders.common.kt:164)
            at kotlinx.coroutines.BuildersKt.withContext(Unknown Source)
            at io.kotest.engine.concurrency.FixedThreadCoroutineDispatcherFactory.withDispatcher(FixedThreadCoroutineDispatcherFactory.kt:58)
            at io.kotest.engine.test.interceptors.CoroutineDispatcherFactoryInterceptor.intercept(coroutineDispatcherFactoryInterceptor.kt:56)
            at io.kotest.engine.test.TestCaseExecutor$execute$3$1.invokeSuspend(TestCaseExecutor.kt:100)
            at io.kotest.engine.test.TestCaseExecutor$execute$3$1.invoke(TestCaseExecutor.kt)
            at io.kotest.engine.test.TestCaseExecutor$execute$3$1.invoke(TestCaseExecutor.kt)
            at io.kotest.engine.test.interceptors.SupervisorScopeInterceptor$intercept$2.invokeSuspend(SupervisorScopeInterceptor.kt:23)
            at io.kotest.engine.test.interceptors.SupervisorScopeInterceptor$intercept$2.invoke(SupervisorScopeInterceptor.kt)
            at io.kotest.engine.test.interceptors.SupervisorScopeInterceptor$intercept$2.invoke(SupervisorScopeInterceptor.kt)
            at kotlinx.coroutines.intrinsics.UndispatchedKt.startUndispatchedOrReturn(Undispatched.kt:42)
            at kotlinx.coroutines.SupervisorKt.supervisorScope(Supervisor.kt:56)
            at io.kotest.engine.test.interceptors.SupervisorScopeInterceptor.intercept(SupervisorScopeInterceptor.kt:22)
            at io.kotest.engine.test.TestCaseExecutor$execute$3$1.invokeSuspend(TestCaseExecutor.kt:100)
            at io.kotest.engine.test.TestCaseExecutor$execute$3$1.invoke(TestCaseExecutor.kt)
            at io.kotest.engine.test.TestCaseExecutor$execute$3$1.invoke(TestCaseExecutor.kt)
            at io.kotest.engine.test.interceptors.InvocationCountCheckInterceptor.intercept(InvocationCountCheckInterceptor.kt:24)
            at io.kotest.engine.test.TestCaseExecutor$execute$3$1.invokeSuspend(TestCaseExecutor.kt:100)
            at io.kotest.engine.test.TestCaseExecutor$execute$3$1.invoke(TestCaseExecutor.kt)
            at io.kotest.engine.test.TestCaseExecutor$execute$3$1.invoke(TestCaseExecutor.kt)
            at io.kotest.engine.test.interceptors.TestFinishedInterceptor.intercept(TestFinishedInterceptor.kt:21)
            at io.kotest.engine.test.TestCaseExecutor$execute$3$1.invokeSuspend(TestCaseExecutor.kt:100)
            at io.kotest.engine.test.TestCaseExecutor$execute$3$1.invoke(TestCaseExecutor.kt)
            at io.kotest.engine.test.TestCaseExecutor$execute$3$1.invoke(TestCaseExecutor.kt)
            at io.kotest.engine.test.interceptors.TestNameContextInterceptor$intercept$2.invokeSuspend(TestPathContextInterceptor.kt:35)
            at io.kotest.engine.test.interceptors.TestNameContextInterceptor$intercept$2.invoke(TestPathContextInterceptor.kt)
            at io.kotest.engine.test.interceptors.TestNameContextInterceptor$intercept$2.invoke(TestPathContextInterceptor.kt)
            at kotlinx.coroutines.intrinsics.UndispatchedKt.startUndispatchedOrReturn(Undispatched.kt:42)
            at kotlinx.coroutines.BuildersKt__Builders_commonKt.withContext(Builders.common.kt:164)
            at kotlinx.coroutines.BuildersKt.withContext(Unknown Source)
            at io.kotest.engine.test.interceptors.TestNameContextInterceptor.intercept(TestPathContextInterceptor.kt:34)
            at io.kotest.engine.test.TestCaseExecutor$execute$3$1.invokeSuspend(TestCaseExecutor.kt:100)
            at io.kotest.engine.test.TestCaseExecutor$execute$3$1.invoke(TestCaseExecutor.kt)
            at io.kotest.engine.test.TestCaseExecutor$execute$3$1.invoke(TestCaseExecutor.kt)
            at io.kotest.engine.test.interceptors.TestPathContextInterceptor$intercept$2.invokeSuspend(TestPathContextInterceptor.kt:20)
            at io.kotest.engine.test.interceptors.TestPathContextInterceptor$intercept$2.invoke(TestPathContextInterceptor.kt)
            at io.kotest.engine.test.interceptors.TestPathContextInterceptor$intercept$2.invoke(TestPathContextInterceptor.kt)
            at kotlinx.coroutines.intrinsics.UndispatchedKt.startUndispatchedOrReturn(Undispatched.kt:42)
            at kotlinx.coroutines.BuildersKt__Builders_commonKt.withContext(Builders.common.kt:164)
            at kotlinx.coroutines.BuildersKt.withContext(Unknown Source)
            at io.kotest.engine.test.interceptors.TestPathContextInterceptor.intercept(TestPathContextInterceptor.kt:19)
            at io.kotest.engine.test.TestCaseExecutor$execute$3$1.invokeSuspend(TestCaseExecutor.kt:100)
            at io.kotest.engine.test.TestCaseExecutor$execute$3$1.invoke(TestCaseExecutor.kt)
            at io.kotest.engine.test.TestCaseExecutor$execute$3$1.invoke(TestCaseExecutor.kt)
            at io.kotest.engine.test.TestCaseExecutor.execute(TestCaseExecutor.kt:101)
            at io.kotest.engine.spec.runners.InstancePerLeafSpecRunner$locateAndRunRoot$5.invokeSuspend(InstancePerLeafSpecRunner.kt:196)
            at io.kotest.engine.spec.runners.InstancePerLeafSpecRunner$locateAndRunRoot$5.invoke(InstancePerLeafSpecRunner.kt)
            at io.kotest.engine.spec.runners.InstancePerLeafSpecRunner$locateAndRunRoot$5.invoke(InstancePerLeafSpecRunner.kt)
            at kotlinx.coroutines.intrinsics.UndispatchedKt.startUndispatchedOrReturn(Undispatched.kt:42)
            at kotlinx.coroutines.CoroutineScopeKt.coroutineScope(CoroutineScope.kt:261)
            at io.kotest.engine.spec.runners.InstancePerLeafSpecRunner.locateAndRunRoot(InstancePerLeafSpecRunner.kt:134)
            at io.kotest.engine.spec.runners.InstancePerLeafSpecRunner.access$locateAndRunRoot(InstancePerLeafSpecRunner.kt:30)
            at io.kotest.engine.spec.runners.InstancePerLeafSpecRunner$locateAndRunRoot$5$context$1.registerTestCase(InstancePerLeafSpecRunner.kt:156)
            at io.kotest.engine.test.scopes.DuplicateNameHandlingTestScope.registerTestCase(DuplicateNameHandlingTestScope.kt:30)
            at io.kotest.engine.test.scopes.TestScopeWithCoroutineContext.registerTestCase(scopes.kt)
            at io.kotest.core.spec.style.scopes.AbstractContainerScope.registerTestCase$suspendImpl(ContainerScope.kt:222)
            at io.kotest.core.spec.style.scopes.AbstractContainerScope.registerTestCase(ContainerScope.kt)
            at io.kotest.core.spec.style.scopes.AbstractContainerScope.registerTestCase$suspendImpl(ContainerScope.kt:222)
            at io.kotest.core.spec.style.scopes.AbstractContainerScope.registerTestCase(ContainerScope.kt)
            at io.kotest.core.spec.style.scopes.ContainerScope$DefaultImpls.registerTest(ContainerScope.kt:50)
            at io.kotest.core.spec.style.scopes.AbstractContainerScope.registerTest(ContainerScope.kt:213)
            at io.kotest.core.spec.style.scopes.ContainerScope$DefaultImpls.registerContainer(ContainerScope.kt:68)
            at io.kotest.core.spec.style.scopes.AbstractContainerScope.registerContainer(ContainerScope.kt:213)
            at io.kotest.core.spec.style.scopes.BehaviorSpecGivenContainerScope.addWhen(BehaviorSpecGivenContainerScope.kt:66)
            at io.kotest.core.spec.style.scopes.BehaviorSpecGivenContainerScope.When(BehaviorSpecGivenContainerScope.kt:60)
            at com.ahn.presentation.ui.screen.exchange.ExchangeViewModelTest$1$3.invokeSuspend(ExchangeViewModelTest.kt:45)
            at com.ahn.presentation.ui.screen.exchange.ExchangeViewModelTest$1$3.invoke(ExchangeViewModelTest.kt)
            at com.ahn.presentation.ui.screen.exchange.ExchangeViewModelTest$1$3.invoke(ExchangeViewModelTest.kt)

com.ahn.presentation.ui.screen.exchange.ExchangeViewModelTest > Given: 통화 목록 로드가 실패할 때 > When: ViewModel이 생성되면 > com.ahn.presentation.ui.screen.exchange.ExchangeViewModelTest.Then: 에러 스낵바가 표시되어야 한다 FAILED
    java.lang.AssertionError: Expected Side Effect but got StateItem(value=State(fromAmount=1, toAmount=, fromCurrency=null, toCurrency=null, availableCurrencies=[], exchangeRate=0.0, isLoading=true))
        at org.junit.Assert.fail(Assert.java:89)
        at kotlin.test.junit.JUnitAsserter.fail(JUnitSupport.kt:56)
        at kotlin.test.AssertionsKt__AssertionsKt.fail(Assertions.kt:520)
        at kotlin.test.AssertionsKt.fail(Unknown Source)
        at org.orbitmvi.orbit.test.RealOrbitTestContext.awaitSideEffect(RealOrbitTestContext.kt:58)
        at org.orbitmvi.orbit.test.RealOrbitTestContext$awaitSideEffect$1.invokeSuspend(RealOrbitTestContext.kt)
        at _COROUTINE._BOUNDARY._(CoroutineDebugging.kt:42)
        at app.cash.turbine.FlowKt$turbineScope$2$scopeFn$1.invokeSuspend(flow.kt:83)
        at app.cash.turbine.FlowKt$turbineScope$2.invokeSuspend(flow.kt:88)
        at app.cash.turbine.CoroutinesKt$reportTurbines$2.invokeSuspend(coroutines.kt:89)
        at com.ahn.presentation.ui.screen.exchange.ExchangeViewModelTest$1$7$3$1$1.invokeSuspend(ExchangeViewModelTest.kt:276)
        at kotlinx.coroutines.test.TestBuildersKt__TestBuildersKt$runTest$2$1$1.invokeSuspend(TestBuilders.kt:318)
        at kotlinx.coroutines.TimeoutKt.withTimeoutOrNull(Timeout.kt:101)
        at io.kotest.engine.test.interceptors.InvocationTimeoutInterceptor.intercept(InvocationTimeoutInterceptor.kt:42)
        at io.kotest.engine.test.TestInvocationInterceptor$runBeforeTestAfter$wrappedTest$1$1.invokeSuspend(TestInvocationInterceptor.kt:70)
        at io.kotest.engine.test.TestInvocationInterceptor$intercept$2$1.invokeSuspend(TestInvocationInterceptor.kt:36)
        at io.kotest.mpp.ReplayKt.replay(replay.kt:15)
        at io.kotest.engine.test.TestInvocationInterceptor$intercept$2.invokeSuspend(TestInvocationInterceptor.kt:32)
        at io.kotest.engine.test.TestInvocationInterceptor.intercept(TestInvocationInterceptor.kt:31)
        at io.kotest.engine.test.TestCaseExecutor$execute$3$1.invokeSuspend(TestCaseExecutor.kt:100)
        at io.kotest.engine.interceptors.MarkAbortedExceptionsAsSkippedTestInterceptor.intercept(MarkAbortedExceptionsAsSkippedTestInterceptor.kt:23)
        at io.kotest.engine.test.TestCaseExecutor$execute$3$1.invokeSuspend(TestCaseExecutor.kt:100)
        at io.kotest.engine.test.interceptors.ExpectExceptionTestInterceptor.intercept(ExpectExceptionTestInterceptor.kt:18)
        at io.kotest.engine.test.TestCaseExecutor$execute$3$1.invokeSuspend(TestCaseExecutor.kt:100)
        at io.kotest.engine.test.interceptors.TimeoutInterceptor.intercept(TimeoutInterceptor.kt:33)
        at io.kotest.engine.test.TestCaseExecutor$execute$3$1.invokeSuspend(TestCaseExecutor.kt:100)
        at io.kotest.engine.test.interceptors.BlockedThreadTimeoutInterceptor.intercept(BlockedThreadTimeoutInterceptor.kt:79)
        at io.kotest.engine.test.TestCaseExecutor$execute$3$1.invokeSuspend(TestCaseExecutor.kt:100)
        at io.kotest.engine.test.interceptors.CoroutineLoggingInterceptor.intercept(CoroutineLoggingInterceptor.kt:30)
        at io.kotest.engine.test.TestCaseExecutor$execute$3$1.invokeSuspend(TestCaseExecutor.kt:100)
        at io.kotest.engine.test.interceptors.SoftAssertInterceptor.intercept(SoftAssertInterceptor.kt:27)
        at io.kotest.engine.test.TestCaseExecutor$execute$3$1.invokeSuspend(TestCaseExecutor.kt:100)
        at io.kotest.engine.test.interceptors.AssertionModeInterceptor.intercept(AssertionModeInterceptor.kt:25)
        at io.kotest.engine.test.TestCaseExecutor$execute$3$1.invokeSuspend(TestCaseExecutor.kt:100)
        at io.kotest.engine.test.interceptors.LifecycleInterceptor.intercept(LifecycleInterceptor.kt:50)
        at io.kotest.engine.test.TestCaseExecutor$execute$3$1.invokeSuspend(TestCaseExecutor.kt:100)
        at io.kotest.engine.test.interceptors.TestCaseExtensionInterceptor$intercept$2.invokeSuspend(TestCaseExtensionInterceptor.kt:24)
        at io.kotest.engine.test.TestCaseExecutor$execute$3$1.invokeSuspend(TestCaseExecutor.kt:100)
        at io.kotest.engine.test.interceptors.BeforeSpecListenerInterceptor$intercept$runTest$1$2.invokeSuspend(BeforeSpecListenerInterceptor.kt:43)
        at io.kotest.engine.test.interceptors.BeforeSpecListenerInterceptor.intercept(BeforeSpecListenerInterceptor.kt:60)
        at io.kotest.engine.test.TestCaseExecutor$execute$3$1.invokeSuspend(TestCaseExecutor.kt:100)
        at io.kotest.engine.test.interceptors.TestEnabledCheckInterceptor.intercept(TestEnabledCheckInterceptor.kt:31)
        at io.kotest.engine.test.TestCaseExecutor$execute$3$1.invokeSuspend(TestCaseExecutor.kt:100)
        at io.kotest.engine.test.interceptors.CoroutineErrorCollectorInterceptor$intercept$3.invokeSuspend(CoroutineErrorCollectorInterceptor.kt:34)
        at io.kotest.engine.test.TestCaseExecutor$execute$3$1.invokeSuspend(TestCaseExecutor.kt:100)
        at io.kotest.engine.test.interceptors.CoroutineDispatcherFactoryInterceptor$intercept$4.invokeSuspend(coroutineDispatcherFactoryInterceptor.kt:57)
        at io.kotest.engine.concurrency.FixedThreadCoroutineDispatcherFactory$withDispatcher$4.invokeSuspend(FixedThreadCoroutineDispatcherFactory.kt:59)
        at io.kotest.engine.test.interceptors.CoroutineDispatcherFactoryInterceptor.intercept(coroutineDispatcherFactoryInterceptor.kt:56)
        at io.kotest.engine.test.TestCaseExecutor$execute$3$1.invokeSuspend(TestCaseExecutor.kt:100)
        at io.kotest.engine.test.interceptors.SupervisorScopeInterceptor$intercept$2.invokeSuspend(SupervisorScopeInterceptor.kt:23)
        at io.kotest.engine.test.TestCaseExecutor$execute$3$1.invokeSuspend(TestCaseExecutor.kt:100)
        at io.kotest.engine.test.TestCaseExecutor$execute$3$1.invokeSuspend(TestCaseExecutor.kt:100)
        at io.kotest.engine.test.interceptors.TestFinishedInterceptor.intercept(TestFinishedInterceptor.kt:21)
        at io.kotest.engine.test.TestCaseExecutor$execute$3$1.invokeSuspend(TestCaseExecutor.kt:100)
        at io.kotest.engine.test.interceptors.TestNameContextInterceptor$intercept$2.invokeSuspend(TestPathContextInterceptor.kt:35)
        at io.kotest.engine.test.TestCaseExecutor$execute$3$1.invokeSuspend(TestCaseExecutor.kt:100)
        at io.kotest.engine.test.interceptors.TestPathContextInterceptor$intercept$2.invokeSuspend(TestPathContextInterceptor.kt:20)
        at io.kotest.engine.test.TestCaseExecutor$execute$3$1.invokeSuspend(TestCaseExecutor.kt:100)
        at io.kotest.engine.spec.runners.InstancePerLeafSpecRunner$locateAndRunRoot$5.invokeSuspend(InstancePerLeafSpecRunner.kt:196)
        at com.ahn.presentation.ui.screen.exchange.ExchangeViewModelTest$1$7$3.invokeSuspend(ExchangeViewModelTest.kt:273)
        at io.kotest.core.spec.style.scopes.BehaviorSpecGivenContainerScope$addWhen$2.invokeSuspend(BehaviorSpecGivenContainerScope.kt:67)
        at io.kotest.engine.test.TestCaseExecutor$execute$innerExecute$1.invokeSuspend(TestCaseExecutor.kt:91)
        at io.kotest.engine.test.interceptors.CoroutineDebugProbeInterceptor.intercept(CoroutineDebugProbeInterceptor.kt:29)
        at io.kotest.engine.test.TestCaseExecutor$execute$3$1.invokeSuspend(TestCaseExecutor.kt:100)
        at io.kotest.engine.test.TestInvocationInterceptor$runBeforeTestAfter$executeWithBeforeAfter$1.invokeSuspend(TestInvocationInterceptor.kt:63)
        at io.kotest.engine.test.interceptors.InvocationTimeoutInterceptor.intercept(InvocationTimeoutInterceptor.kt:28)
        at io.kotest.engine.test.TestInvocationInterceptor$runBeforeTestAfter$wrappedTest$1$1.invokeSuspend(TestInvocationInterceptor.kt:70)
        at io.kotest.engine.test.TestInvocationInterceptor$intercept$2$1.invokeSuspend(TestInvocationInterceptor.kt:36)
        at io.kotest.mpp.ReplayKt.replay(replay.kt:15)
        at io.kotest.engine.test.TestInvocationInterceptor$intercept$2.invokeSuspend(TestInvocationInterceptor.kt:32)
        at io.kotest.engine.test.TestInvocationInterceptor.intercept(TestInvocationInterceptor.kt:31)
        at io.kotest.engine.test.TestCaseExecutor$execute$3$1.invokeSuspend(TestCaseExecutor.kt:100)
        at io.kotest.engine.interceptors.MarkAbortedExceptionsAsSkippedTestInterceptor.intercept(MarkAbortedExceptionsAsSkippedTestInterceptor.kt:23)
        at io.kotest.engine.test.TestCaseExecutor$execute$3$1.invokeSuspend(TestCaseExecutor.kt:100)
        at io.kotest.engine.test.interceptors.ExpectExceptionTestInterceptor.intercept(ExpectExceptionTestInterceptor.kt:18)
        at io.kotest.engine.test.TestCaseExecutor$execute$3$1.invokeSuspend(TestCaseExecutor.kt:100)
        at io.kotest.engine.test.interceptors.TimeoutInterceptor.intercept(TimeoutInterceptor.kt:33)
        at io.kotest.engine.test.TestCaseExecutor$execute$3$1.invokeSuspend(TestCaseExecutor.kt:100)
        at io.kotest.engine.test.interceptors.BlockedThreadTimeoutInterceptor.intercept(BlockedThreadTimeoutInterceptor.kt:79)
        at io.kotest.engine.test.TestCaseExecutor$execute$3$1.invokeSuspend(TestCaseExecutor.kt:100)
        at io.kotest.engine.test.interceptors.CoroutineLoggingInterceptor.intercept(CoroutineLoggingInterceptor.kt:30)
        at io.kotest.engine.test.TestCaseExecutor$execute$3$1.invokeSuspend(TestCaseExecutor.kt:100)
        at io.kotest.engine.test.interceptors.SoftAssertInterceptor.intercept(SoftAssertInterceptor.kt:26)
        at io.kotest.engine.test.TestCaseExecutor$execute$3$1.invokeSuspend(TestCaseExecutor.kt:100)
        at io.kotest.engine.test.interceptors.AssertionModeInterceptor.intercept(AssertionModeInterceptor.kt:24)
        at io.kotest.engine.test.TestCaseExecutor$execute$3$1.invokeSuspend(TestCaseExecutor.kt:100)
        at io.kotest.engine.test.interceptors.LifecycleInterceptor.intercept(LifecycleInterceptor.kt:50)
        at io.kotest.engine.test.TestCaseExecutor$execute$3$1.invokeSuspend(TestCaseExecutor.kt:100)
        at io.kotest.engine.test.interceptors.TestCaseExtensionInterceptor$intercept$2.invokeSuspend(TestCaseExtensionInterceptor.kt:24)
        at io.kotest.engine.test.TestCaseExecutor$execute$3$1.invokeSuspend(TestCaseExecutor.kt:100)
        at io.kotest.engine.test.interceptors.BeforeSpecListenerInterceptor$intercept$runTest$1$2.invokeSuspend(BeforeSpecListenerInterceptor.kt:43)
        at io.kotest.engine.test.interceptors.BeforeSpecListenerInterceptor.intercept(BeforeSpecListenerInterceptor.kt:60)
        at io.kotest.engine.test.TestCaseExecutor$execute$3$1.invokeSuspend(TestCaseExecutor.kt:100)
        at io.kotest.engine.test.interceptors.TestEnabledCheckInterceptor.intercept(TestEnabledCheckInterceptor.kt:31)
        at io.kotest.engine.test.TestCaseExecutor$execute$3$1.invokeSuspend(TestCaseExecutor.kt:100)
        at io.kotest.engine.test.interceptors.CoroutineErrorCollectorInterceptor$intercept$3.invokeSuspend(CoroutineErrorCollectorInterceptor.kt:34)
        at io.kotest.engine.test.TestCaseExecutor$execute$3$1.invokeSuspend(TestCaseExecutor.kt:100)
        at io.kotest.engine.test.interceptors.CoroutineDispatcherFactoryInterceptor$intercept$4.invokeSuspend(coroutineDispatcherFactoryInterceptor.kt:57)
        at io.kotest.engine.concurrency.FixedThreadCoroutineDispatcherFactory$withDispatcher$4.invokeSuspend(FixedThreadCoroutineDispatcherFactory.kt:59)
        at io.kotest.engine.test.interceptors.CoroutineDispatcherFactoryInterceptor.intercept(coroutineDispatcherFactoryInterceptor.kt:56)
        at io.kotest.engine.test.TestCaseExecutor$execute$3$1.invokeSuspend(TestCaseExecutor.kt:100)
        at io.kotest.engine.test.interceptors.SupervisorScopeInterceptor$intercept$2.invokeSuspend(SupervisorScopeInterceptor.kt:23)
        at io.kotest.engine.test.TestCaseExecutor$execute$3$1.invokeSuspend(TestCaseExecutor.kt:100)
        at io.kotest.engine.test.TestCaseExecutor$execute$3$1.invokeSuspend(TestCaseExecutor.kt:100)
        at io.kotest.engine.test.interceptors.TestFinishedInterceptor.intercept(TestFinishedInterceptor.kt:21)
        at io.kotest.engine.test.TestCaseExecutor$execute$3$1.invokeSuspend(TestCaseExecutor.kt:100)
        at io.kotest.engine.test.interceptors.TestNameContextInterceptor$intercept$2.invokeSuspend(TestPathContextInterceptor.kt:35)
        at io.kotest.engine.test.TestCaseExecutor$execute$3$1.invokeSuspend(TestCaseExecutor.kt:100)
        at io.kotest.engine.test.interceptors.TestPathContextInterceptor$intercept$2.invokeSuspend(TestPathContextInterceptor.kt:20)
        at io.kotest.engine.test.TestCaseExecutor$execute$3$1.invokeSuspend(TestCaseExecutor.kt:100)
        at io.kotest.engine.spec.runners.InstancePerLeafSpecRunner$locateAndRunRoot$5.invokeSuspend(InstancePerLeafSpecRunner.kt:196)
        at com.ahn.presentation.ui.screen.exchange.ExchangeViewModelTest$1$7.invokeSuspend(ExchangeViewModelTest.kt:272)

        Caused by:
        java.lang.AssertionError: Expected Side Effect but got StateItem(value=State(fromAmount=1, toAmount=, fromCurrency=null, toCurrency=null, availableCurrencies=[], exchangeRate=0.0, isLoading=true))
            at org.junit.Assert.fail(Assert.java:89)
            at kotlin.test.junit.JUnitAsserter.fail(JUnitSupport.kt:56)
            at kotlin.test.AssertionsKt__AssertionsKt.fail(Assertions.kt:520)
            at kotlin.test.AssertionsKt.fail(Unknown Source)
            at org.orbitmvi.orbit.test.RealOrbitTestContext.awaitSideEffect(RealOrbitTestContext.kt:58)
            at org.orbitmvi.orbit.test.RealOrbitTestContext$awaitSideEffect$1.invokeSuspend(RealOrbitTestContext.kt)
            at kotlin.coroutines.jvm.internal.BaseContinuationImpl.resumeWith(ContinuationImpl.kt:33)
            at kotlinx.coroutines.internal.ScopeCoroutine.afterResume(Scopes.kt:28)
            at kotlinx.coroutines.AbstractCoroutine.resumeWith(AbstractCoroutine.kt:100)
            at kotlin.coroutines.jvm.internal.BaseContinuationImpl.resumeWith(ContinuationImpl.kt:46)
            at kotlinx.coroutines.DispatchedTask.run(DispatchedTask.kt:101)
            at kotlinx.coroutines.test.TestDispatcher.processEvent$kotlinx_coroutines_test(TestDispatcher.kt:24)
            at kotlinx.coroutines.test.TestCoroutineScheduler.tryRunNextTaskUnless$kotlinx_coroutines_test(TestCoroutineScheduler.kt:99)
            at kotlinx.coroutines.test.TestBuildersKt__TestBuildersKt$runTest$2$1$workRunner$1.invokeSuspend(TestBuilders.kt:327)
            at kotlin.coroutines.jvm.internal.BaseContinuationImpl.resumeWith(ContinuationImpl.kt:33)
            at kotlinx.coroutines.DispatchedTask.run(DispatchedTask.kt:101)
            at kotlinx.coroutines.EventLoopImplBase.processNextEvent(EventLoop.common.kt:263)
            at kotlinx.coroutines.BlockingCoroutine.joinBlocking(Builders.kt:95)
            at kotlinx.coroutines.BuildersKt__BuildersKt.runBlocking(Builders.kt:69)
            at kotlinx.coroutines.BuildersKt.runBlocking(Unknown Source)
            at kotlinx.coroutines.BuildersKt__BuildersKt.runBlocking$default(Builders.kt:47)
            at kotlinx.coroutines.BuildersKt.runBlocking$default(Unknown Source)
            at kotlinx.coroutines.test.TestBuildersJvmKt.createTestResult(TestBuildersJvm.kt:10)
            at kotlinx.coroutines.test.TestBuildersKt__TestBuildersKt.runTest-8Mi8wO0(TestBuilders.kt:310)
            at kotlinx.coroutines.test.TestBuildersKt.runTest-8Mi8wO0(Unknown Source)
            at kotlinx.coroutines.test.TestBuildersKt__TestBuildersKt.runTest-8Mi8wO0(TestBuilders.kt:168)
            at kotlinx.coroutines.test.TestBuildersKt.runTest-8Mi8wO0(Unknown Source)
            at kotlinx.coroutines.test.TestBuildersKt__TestBuildersKt.runTest-8Mi8wO0$default(TestBuilders.kt:160)
            at kotlinx.coroutines.test.TestBuildersKt.runTest-8Mi8wO0$default(Unknown Source)
            at com.ahn.presentation.ui.screen.exchange.ExchangeViewModelTest$1$7$3$1.invokeSuspend(ExchangeViewModelTest.kt:275)
            at com.ahn.presentation.ui.screen.exchange.ExchangeViewModelTest$1$7$3$1.invoke(ExchangeViewModelTest.kt)
            at com.ahn.presentation.ui.screen.exchange.ExchangeViewModelTest$1$7$3$1.invoke(ExchangeViewModelTest.kt)
            at io.kotest.engine.test.TestCaseExecutor$execute$innerExecute$1.invokeSuspend(TestCaseExecutor.kt:91)
            at io.kotest.engine.test.TestCaseExecutor$execute$innerExecute$1.invoke(TestCaseExecutor.kt)
            at io.kotest.engine.test.TestCaseExecutor$execute$innerExecute$1.invoke(TestCaseExecutor.kt)
            at io.kotest.engine.test.interceptors.CoroutineDebugProbeInterceptor.intercept(CoroutineDebugProbeInterceptor.kt:29)
            at io.kotest.engine.test.TestCaseExecutor$execute$3$1.invokeSuspend(TestCaseExecutor.kt:100)
            at io.kotest.engine.test.TestCaseExecutor$execute$3$1.invoke(TestCaseExecutor.kt)
            at io.kotest.engine.test.TestCaseExecutor$execute$3$1.invoke(TestCaseExecutor.kt)
            at io.kotest.engine.test.TestInvocationInterceptor$runBeforeTestAfter$executeWithBeforeAfter$1.invokeSuspend(TestInvocationInterceptor.kt:63)
            at io.kotest.engine.test.TestInvocationInterceptor$runBeforeTestAfter$executeWithBeforeAfter$1.invoke(TestInvocationInterceptor.kt)
            at io.kotest.engine.test.TestInvocationInterceptor$runBeforeTestAfter$executeWithBeforeAfter$1.invoke(TestInvocationInterceptor.kt)
            at io.kotest.engine.test.interceptors.InvocationTimeoutInterceptor$intercept$3.invokeSuspend(InvocationTimeoutInterceptor.kt:43)
            at io.kotest.engine.test.interceptors.InvocationTimeoutInterceptor$intercept$3.invoke(InvocationTimeoutInterceptor.kt)
            at io.kotest.engine.test.interceptors.InvocationTimeoutInterceptor$intercept$3.invoke(InvocationTimeoutInterceptor.kt)
            at kotlinx.coroutines.intrinsics.UndispatchedKt.startUndispatchedOrReturnIgnoreTimeout(Undispatched.kt:53)
            at kotlinx.coroutines.TimeoutKt.setupTimeout(Timeout.kt:148)
            at kotlinx.coroutines.TimeoutKt.withTimeoutOrNull(Timeout.kt:104)
            at io.kotest.engine.test.interceptors.InvocationTimeoutInterceptor.intercept(InvocationTimeoutInterceptor.kt:42)
            at io.kotest.engine.test.TestInvocationInterceptor$runBeforeTestAfter$wrappedTest$1$1.invokeSuspend(TestInvocationInterceptor.kt:70)
            at io.kotest.engine.test.TestInvocationInterceptor$runBeforeTestAfter$wrappedTest$1$1.invoke(TestInvocationInterceptor.kt)
            at io.kotest.engine.test.TestInvocationInterceptor$runBeforeTestAfter$wrappedTest$1$1.invoke(TestInvocationInterceptor.kt)
            at io.kotest.engine.test.TestInvocationInterceptor.runBeforeTestAfter(TestInvocationInterceptor.kt:73)
            at io.kotest.engine.test.TestInvocationInterceptor.access$runBeforeTestAfter(TestInvocationInterceptor.kt:14)
            at io.kotest.engine.test.TestInvocationInterceptor$intercept$2$1.invokeSuspend(TestInvocationInterceptor.kt:36)
            at io.kotest.engine.test.TestInvocationInterceptor$intercept$2$1.invoke(TestInvocationInterceptor.kt)
            at io.kotest.engine.test.TestInvocationInterceptor$intercept$2$1.invoke(TestInvocationInterceptor.kt)
            at io.kotest.mpp.ReplayKt.replay(replay.kt:15)
            at io.kotest.engine.test.TestInvocationInterceptor$intercept$2.invokeSuspend(TestInvocationInterceptor.kt:32)
            at io.kotest.engine.test.TestInvocationInterceptor$intercept$2.invoke(TestInvocationInterceptor.kt)
            at io.kotest.engine.test.TestInvocationInterceptor$intercept$2.invoke(TestInvocationInterceptor.kt)
            at kotlinx.coroutines.intrinsics.UndispatchedKt.startUndispatchedOrReturn(Undispatched.kt:42)
            at kotlinx.coroutines.CoroutineScopeKt.coroutineScope(CoroutineScope.kt:261)
            at io.kotest.engine.test.TestInvocationInterceptor.intercept(TestInvocationInterceptor.kt:31)
            at io.kotest.engine.test.TestCaseExecutor$execute$3$1.invokeSuspend(TestCaseExecutor.kt:100)
            at io.kotest.engine.test.TestCaseExecutor$execute$3$1.invoke(TestCaseExecutor.kt)
            at io.kotest.engine.test.TestCaseExecutor$execute$3$1.invoke(TestCaseExecutor.kt)
            at io.kotest.engine.interceptors.MarkAbortedExceptionsAsSkippedTestInterceptor.intercept(MarkAbortedExceptionsAsSkippedTestInterceptor.kt:23)
            at io.kotest.engine.test.TestCaseExecutor$execute$3$1.invokeSuspend(TestCaseExecutor.kt:100)
            at io.kotest.engine.test.TestCaseExecutor$execute$3$1.invoke(TestCaseExecutor.kt)
            at io.kotest.engine.test.TestCaseExecutor$execute$3$1.invoke(TestCaseExecutor.kt)
            at io.kotest.engine.test.interceptors.ExpectExceptionTestInterceptor.intercept(ExpectExceptionTestInterceptor.kt:18)
            at io.kotest.engine.test.TestCaseExecutor$execute$3$1.invokeSuspend(TestCaseExecutor.kt:100)
            at io.kotest.engine.test.TestCaseExecutor$execute$3$1.invoke(TestCaseExecutor.kt)
            at io.kotest.engine.test.TestCaseExecutor$execute$3$1.invoke(TestCaseExecutor.kt)
            at io.kotest.engine.test.interceptors.TimeoutInterceptor.intercept(TimeoutInterceptor.kt:33)
            at io.kotest.engine.test.TestCaseExecutor$execute$3$1.invokeSuspend(TestCaseExecutor.kt:100)
            at io.kotest.engine.test.TestCaseExecutor$execute$3$1.invoke(TestCaseExecutor.kt)
            at io.kotest.engine.test.TestCaseExecutor$execute$3$1.invoke(TestCaseExecutor.kt)
            at io.kotest.engine.test.interceptors.BlockedThreadTimeoutInterceptor.intercept(BlockedThreadTimeoutInterceptor.kt:79)
            at io.kotest.engine.test.TestCaseExecutor$execute$3$1.invokeSuspend(TestCaseExecutor.kt:100)
            at io.kotest.engine.test.TestCaseExecutor$execute$3$1.invoke(TestCaseExecutor.kt)
            at io.kotest.engine.test.TestCaseExecutor$execute$3$1.invoke(TestCaseExecutor.kt)
            at io.kotest.engine.test.interceptors.CoroutineLoggingInterceptor.intercept(CoroutineLoggingInterceptor.kt:30)
            at io.kotest.engine.test.TestCaseExecutor$execute$3$1.invokeSuspend(TestCaseExecutor.kt:100)
            at io.kotest.engine.test.TestCaseExecutor$execute$3$1.invoke(TestCaseExecutor.kt)
            at io.kotest.engine.test.TestCaseExecutor$execute$3$1.invoke(TestCaseExecutor.kt)
            at io.kotest.engine.test.interceptors.SoftAssertInterceptor.intercept(SoftAssertInterceptor.kt:27)
            at io.kotest.engine.test.TestCaseExecutor$execute$3$1.invokeSuspend(TestCaseExecutor.kt:100)
            at io.kotest.engine.test.TestCaseExecutor$execute$3$1.invoke(TestCaseExecutor.kt)
            at io.kotest.engine.test.TestCaseExecutor$execute$3$1.invoke(TestCaseExecutor.kt)
            at io.kotest.engine.test.interceptors.AssertionModeInterceptor.intercept(AssertionModeInterceptor.kt:25)
            at io.kotest.engine.test.TestCaseExecutor$execute$3$1.invokeSuspend(TestCaseExecutor.kt:100)
            at io.kotest.engine.test.TestCaseExecutor$execute$3$1.invoke(TestCaseExecutor.kt)
            at io.kotest.engine.test.TestCaseExecutor$execute$3$1.invoke(TestCaseExecutor.kt)
            at io.kotest.engine.test.interceptors.LifecycleInterceptor.intercept(LifecycleInterceptor.kt:50)
            at io.kotest.engine.test.TestCaseExecutor$execute$3$1.invokeSuspend(TestCaseExecutor.kt:100)
            at io.kotest.engine.test.TestCaseExecutor$execute$3$1.invoke(TestCaseExecutor.kt)
            at io.kotest.engine.test.TestCaseExecutor$execute$3$1.invoke(TestCaseExecutor.kt)
            at io.kotest.engine.test.interceptors.TestCaseExtensionInterceptor$intercept$2.invokeSuspend(TestCaseExtensionInterceptor.kt:24)
            at io.kotest.engine.test.interceptors.TestCaseExtensionInterceptor$intercept$2.invoke(TestCaseExtensionInterceptor.kt)
            at io.kotest.engine.test.interceptors.TestCaseExtensionInterceptor$intercept$2.invoke(TestCaseExtensionInterceptor.kt)
            at io.kotest.engine.test.TestExtensions.intercept(TestExtensions.kt:148)
            at io.kotest.engine.test.interceptors.TestCaseExtensionInterceptor.intercept(TestCaseExtensionInterceptor.kt:24)
            at io.kotest.engine.test.TestCaseExecutor$execute$3$1.invokeSuspend(TestCaseExecutor.kt:100)
            at io.kotest.engine.test.TestCaseExecutor$execute$3$1.invoke(TestCaseExecutor.kt)
            at io.kotest.engine.test.TestCaseExecutor$execute$3$1.invoke(TestCaseExecutor.kt)
            at io.kotest.engine.test.interceptors.BeforeSpecListenerInterceptor$intercept$runTest$1$2.invokeSuspend(BeforeSpecListenerInterceptor.kt:43)
            at io.kotest.engine.test.interceptors.BeforeSpecListenerInterceptor$intercept$runTest$1$2.invoke(BeforeSpecListenerInterceptor.kt)
            at io.kotest.engine.test.interceptors.BeforeSpecListenerInterceptor$intercept$runTest$1$2.invoke(BeforeSpecListenerInterceptor.kt)
            at io.kotest.engine.test.interceptors.BeforeSpecListenerInterceptor.intercept(BeforeSpecListenerInterceptor.kt:60)
            at io.kotest.engine.test.TestCaseExecutor$execute$3$1.invokeSuspend(TestCaseExecutor.kt:100)
            at io.kotest.engine.test.TestCaseExecutor$execute$3$1.invoke(TestCaseExecutor.kt)
            at io.kotest.engine.test.TestCaseExecutor$execute$3$1.invoke(TestCaseExecutor.kt)
            at io.kotest.engine.test.interceptors.TestEnabledCheckInterceptor.intercept(TestEnabledCheckInterceptor.kt:31)
            at io.kotest.engine.test.TestCaseExecutor$execute$3$1.invokeSuspend(TestCaseExecutor.kt:100)
            at io.kotest.engine.test.TestCaseExecutor$execute$3$1.invoke(TestCaseExecutor.kt)
            at io.kotest.engine.test.TestCaseExecutor$execute$3$1.invoke(TestCaseExecutor.kt)
            at io.kotest.engine.test.interceptors.CoroutineErrorCollectorInterceptor$intercept$3.invokeSuspend(CoroutineErrorCollectorInterceptor.kt:34)
            at io.kotest.engine.test.interceptors.CoroutineErrorCollectorInterceptor$intercept$3.invoke(CoroutineErrorCollectorInterceptor.kt)
            at io.kotest.engine.test.interceptors.CoroutineErrorCollectorInterceptor$intercept$3.invoke(CoroutineErrorCollectorInterceptor.kt)
            at kotlinx.coroutines.intrinsics.UndispatchedKt.startUndispatchedOrReturn(Undispatched.kt:42)
            at kotlinx.coroutines.BuildersKt__Builders_commonKt.withContext(Builders.common.kt:164)
            at kotlinx.coroutines.BuildersKt.withContext(Unknown Source)
            at io.kotest.engine.test.interceptors.CoroutineErrorCollectorInterceptor.intercept(CoroutineErrorCollectorInterceptor.kt:33)
            at io.kotest.engine.test.TestCaseExecutor$execute$3$1.invokeSuspend(TestCaseExecutor.kt:100)
            at io.kotest.engine.test.TestCaseExecutor$execute$3$1.invoke(TestCaseExecutor.kt)
            at io.kotest.engine.test.TestCaseExecutor$execute$3$1.invoke(TestCaseExecutor.kt)
            at io.kotest.engine.test.interceptors.CoroutineDispatcherFactoryInterceptor$intercept$4.invokeSuspend(coroutineDispatcherFactoryInterceptor.kt:57)
            at io.kotest.engine.test.interceptors.CoroutineDispatcherFactoryInterceptor$intercept$4.invoke(coroutineDispatcherFactoryInterceptor.kt)
            at io.kotest.engine.test.interceptors.CoroutineDispatcherFactoryInterceptor$intercept$4.invoke(coroutineDispatcherFactoryInterceptor.kt)
            at io.kotest.engine.concurrency.FixedThreadCoroutineDispatcherFactory$withDispatcher$4.invokeSuspend(FixedThreadCoroutineDispatcherFactory.kt:59)
            at io.kotest.engine.concurrency.FixedThreadCoroutineDispatcherFactory$withDispatcher$4.invoke(FixedThreadCoroutineDispatcherFactory.kt)
            at io.kotest.engine.concurrency.FixedThreadCoroutineDispatcherFactory$withDispatcher$4.invoke(FixedThreadCoroutineDispatcherFactory.kt)
            at kotlinx.coroutines.intrinsics.UndispatchedKt.startUndispatchedOrReturn(Undispatched.kt:42)
            at kotlinx.coroutines.BuildersKt__Builders_commonKt.withContext(Builders.common.kt:164)
            at kotlinx.coroutines.BuildersKt.withContext(Unknown Source)
            at io.kotest.engine.concurrency.FixedThreadCoroutineDispatcherFactory.withDispatcher(FixedThreadCoroutineDispatcherFactory.kt:58)
            at io.kotest.engine.test.interceptors.CoroutineDispatcherFactoryInterceptor.intercept(coroutineDispatcherFactoryInterceptor.kt:56)
            at io.kotest.engine.test.TestCaseExecutor$execute$3$1.invokeSuspend(TestCaseExecutor.kt:100)
            at io.kotest.engine.test.TestCaseExecutor$execute$3$1.invoke(TestCaseExecutor.kt)
            at io.kotest.engine.test.TestCaseExecutor$execute$3$1.invoke(TestCaseExecutor.kt)
            at io.kotest.engine.test.interceptors.SupervisorScopeInterceptor$intercept$2.invokeSuspend(SupervisorScopeInterceptor.kt:23)
            at io.kotest.engine.test.interceptors.SupervisorScopeInterceptor$intercept$2.invoke(SupervisorScopeInterceptor.kt)
            at io.kotest.engine.test.interceptors.SupervisorScopeInterceptor$intercept$2.invoke(SupervisorScopeInterceptor.kt)
            at kotlinx.coroutines.intrinsics.UndispatchedKt.startUndispatchedOrReturn(Undispatched.kt:42)
            at kotlinx.coroutines.SupervisorKt.supervisorScope(Supervisor.kt:56)
            at io.kotest.engine.test.interceptors.SupervisorScopeInterceptor.intercept(SupervisorScopeInterceptor.kt:22)
            at io.kotest.engine.test.TestCaseExecutor$execute$3$1.invokeSuspend(TestCaseExecutor.kt:100)
            at io.kotest.engine.test.TestCaseExecutor$execute$3$1.invoke(TestCaseExecutor.kt)
            at io.kotest.engine.test.TestCaseExecutor$execute$3$1.invoke(TestCaseExecutor.kt)
            at io.kotest.engine.test.interceptors.InvocationCountCheckInterceptor.intercept(InvocationCountCheckInterceptor.kt:24)
            at io.kotest.engine.test.TestCaseExecutor$execute$3$1.invokeSuspend(TestCaseExecutor.kt:100)
            at io.kotest.engine.test.TestCaseExecutor$execute$3$1.invoke(TestCaseExecutor.kt)
            at io.kotest.engine.test.TestCaseExecutor$execute$3$1.invoke(TestCaseExecutor.kt)
            at io.kotest.engine.test.interceptors.TestFinishedInterceptor.intercept(TestFinishedInterceptor.kt:21)
            at io.kotest.engine.test.TestCaseExecutor$execute$3$1.invokeSuspend(TestCaseExecutor.kt:100)
            at io.kotest.engine.test.TestCaseExecutor$execute$3$1.invoke(TestCaseExecutor.kt)
            at io.kotest.engine.test.TestCaseExecutor$execute$3$1.invoke(TestCaseExecutor.kt)
            at io.kotest.engine.test.interceptors.TestNameContextInterceptor$intercept$2.invokeSuspend(TestPathContextInterceptor.kt:35)
            at io.kotest.engine.test.interceptors.TestNameContextInterceptor$intercept$2.invoke(TestPathContextInterceptor.kt)
            at io.kotest.engine.test.interceptors.TestNameContextInterceptor$intercept$2.invoke(TestPathContextInterceptor.kt)
            at kotlinx.coroutines.intrinsics.UndispatchedKt.startUndispatchedOrReturn(Undispatched.kt:42)
            at kotlinx.coroutines.BuildersKt__Builders_commonKt.withContext(Builders.common.kt:164)
            at kotlinx.coroutines.BuildersKt.withContext(Unknown Source)
            at io.kotest.engine.test.interceptors.TestNameContextInterceptor.intercept(TestPathContextInterceptor.kt:34)
            at io.kotest.engine.test.TestCaseExecutor$execute$3$1.invokeSuspend(TestCaseExecutor.kt:100)
            at io.kotest.engine.test.TestCaseExecutor$execute$3$1.invoke(TestCaseExecutor.kt)
            at io.kotest.engine.test.TestCaseExecutor$execute$3$1.invoke(TestCaseExecutor.kt)
            at io.kotest.engine.test.interceptors.TestPathContextInterceptor$intercept$2.invokeSuspend(TestPathContextInterceptor.kt:20)
            at io.kotest.engine.test.interceptors.TestPathContextInterceptor$intercept$2.invoke(TestPathContextInterceptor.kt)
            at io.kotest.engine.test.interceptors.TestPathContextInterceptor$intercept$2.invoke(TestPathContextInterceptor.kt)
            at kotlinx.coroutines.intrinsics.UndispatchedKt.startUndispatchedOrReturn(Undispatched.kt:42)
            at kotlinx.coroutines.BuildersKt__Builders_commonKt.withContext(Builders.common.kt:164)
            at kotlinx.coroutines.BuildersKt.withContext(Unknown Source)
            at io.kotest.engine.test.interceptors.TestPathContextInterceptor.intercept(TestPathContextInterceptor.kt:19)
            at io.kotest.engine.test.TestCaseExecutor$execute$3$1.invokeSuspend(TestCaseExecutor.kt:100)
            at io.kotest.engine.test.TestCaseExecutor$execute$3$1.invoke(TestCaseExecutor.kt)
            at io.kotest.engine.test.TestCaseExecutor$execute$3$1.invoke(TestCaseExecutor.kt)
            at io.kotest.engine.test.TestCaseExecutor.execute(TestCaseExecutor.kt:101)
            at io.kotest.engine.spec.runners.InstancePerLeafSpecRunner$locateAndRunRoot$5.invokeSuspend(InstancePerLeafSpecRunner.kt:196)
            at io.kotest.engine.spec.runners.InstancePerLeafSpecRunner$locateAndRunRoot$5.invoke(InstancePerLeafSpecRunner.kt)
            at io.kotest.engine.spec.runners.InstancePerLeafSpecRunner$locateAndRunRoot$5.invoke(InstancePerLeafSpecRunner.kt)
            at kotlinx.coroutines.intrinsics.UndispatchedKt.startUndispatchedOrReturn(Undispatched.kt:42)
            at kotlinx.coroutines.CoroutineScopeKt.coroutineScope(CoroutineScope.kt:261)
            at io.kotest.engine.spec.runners.InstancePerLeafSpecRunner.locateAndRunRoot(InstancePerLeafSpecRunner.kt:134)
            at io.kotest.engine.spec.runners.InstancePerLeafSpecRunner.access$locateAndRunRoot(InstancePerLeafSpecRunner.kt:30)
            at io.kotest.engine.spec.runners.InstancePerLeafSpecRunner$locateAndRunRoot$5$context$1.registerTestCase(InstancePerLeafSpecRunner.kt:156)
            at io.kotest.engine.test.scopes.DuplicateNameHandlingTestScope.registerTestCase(DuplicateNameHandlingTestScope.kt:30)
            at io.kotest.engine.test.scopes.TestScopeWithCoroutineContext.registerTestCase(scopes.kt)
            at io.kotest.core.spec.style.scopes.AbstractContainerScope.registerTestCase$suspendImpl(ContainerScope.kt:222)
            at io.kotest.core.spec.style.scopes.AbstractContainerScope.registerTestCase(ContainerScope.kt)
            at io.kotest.core.spec.style.scopes.ContainerScope$DefaultImpls.registerTest(ContainerScope.kt:50)
            at io.kotest.core.spec.style.scopes.AbstractContainerScope.registerTest(ContainerScope.kt:213)
            at io.kotest.core.spec.style.scopes.ContainerScope$DefaultImpls.registerTest(ContainerScope.kt:77)
            at io.kotest.core.spec.style.scopes.AbstractContainerScope.registerTest(ContainerScope.kt:213)
            at io.kotest.core.spec.style.scopes.BehaviorSpecWhenContainerScope.addThen(BehaviorSpecWhenContainerScope.kt:88)
            at io.kotest.core.spec.style.scopes.BehaviorSpecWhenContainerScope.Then(BehaviorSpecWhenContainerScope.kt:82)
            at com.ahn.presentation.ui.screen.exchange.ExchangeViewModelTest$1$7$3.invokeSuspend(ExchangeViewModelTest.kt:273)
            at com.ahn.presentation.ui.screen.exchange.ExchangeViewModelTest$1$7$3.invoke(ExchangeViewModelTest.kt)
            at com.ahn.presentation.ui.screen.exchange.ExchangeViewModelTest$1$7$3.invoke(ExchangeViewModelTest.kt)
            at io.kotest.core.spec.style.scopes.BehaviorSpecGivenContainerScope$addWhen$2.invokeSuspend(BehaviorSpecGivenContainerScope.kt:67)
            at io.kotest.core.spec.style.scopes.BehaviorSpecGivenContainerScope$addWhen$2.invoke(BehaviorSpecGivenContainerScope.kt)
            at io.kotest.core.spec.style.scopes.BehaviorSpecGivenContainerScope$addWhen$2.invoke(BehaviorSpecGivenContainerScope.kt)
            at io.kotest.engine.test.TestCaseExecutor$execute$innerExecute$1.invokeSuspend(TestCaseExecutor.kt:91)
            at io.kotest.engine.test.TestCaseExecutor$execute$innerExecute$1.invoke(TestCaseExecutor.kt)
            at io.kotest.engine.test.TestCaseExecutor$execute$innerExecute$1.invoke(TestCaseExecutor.kt)
            at io.kotest.engine.test.interceptors.CoroutineDebugProbeInterceptor.intercept(CoroutineDebugProbeInterceptor.kt:29)
            at io.kotest.engine.test.TestCaseExecutor$execute$3$1.invokeSuspend(TestCaseExecutor.kt:100)
            at io.kotest.engine.test.TestCaseExecutor$execute$3$1.invoke(TestCaseExecutor.kt)
            at io.kotest.engine.test.TestCaseExecutor$execute$3$1.invoke(TestCaseExecutor.kt)
            at io.kotest.engine.test.TestInvocationInterceptor$runBeforeTestAfter$executeWithBeforeAfter$1.invokeSuspend(TestInvocationInterceptor.kt:63)
            at io.kotest.engine.test.TestInvocationInterceptor$runBeforeTestAfter$executeWithBeforeAfter$1.invoke(TestInvocationInterceptor.kt)
            at io.kotest.engine.test.TestInvocationInterceptor$runBeforeTestAfter$executeWithBeforeAfter$1.invoke(TestInvocationInterceptor.kt)
            at io.kotest.engine.test.interceptors.InvocationTimeoutInterceptor.intercept(InvocationTimeoutInterceptor.kt:28)
            at io.kotest.engine.test.TestInvocationInterceptor$runBeforeTestAfter$wrappedTest$1$1.invokeSuspend(TestInvocationInterceptor.kt:70)
            at io.kotest.engine.test.TestInvocationInterceptor$runBeforeTestAfter$wrappedTest$1$1.invoke(TestInvocationInterceptor.kt)
            at io.kotest.engine.test.TestInvocationInterceptor$runBeforeTestAfter$wrappedTest$1$1.invoke(TestInvocationInterceptor.kt)
            at io.kotest.engine.test.TestInvocationInterceptor.runBeforeTestAfter(TestInvocationInterceptor.kt:73)
            at io.kotest.engine.test.TestInvocationInterceptor.access$runBeforeTestAfter(TestInvocationInterceptor.kt:14)
            at io.kotest.engine.test.TestInvocationInterceptor$intercept$2$1.invokeSuspend(TestInvocationInterceptor.kt:36)
            at io.kotest.engine.test.TestInvocationInterceptor$intercept$2$1.invoke(TestInvocationInterceptor.kt)
            at io.kotest.engine.test.TestInvocationInterceptor$intercept$2$1.invoke(TestInvocationInterceptor.kt)
            at io.kotest.mpp.ReplayKt.replay(replay.kt:15)
            at io.kotest.engine.test.TestInvocationInterceptor$intercept$2.invokeSuspend(TestInvocationInterceptor.kt:32)
            at io.kotest.engine.test.TestInvocationInterceptor$intercept$2.invoke(TestInvocationInterceptor.kt)
            at io.kotest.engine.test.TestInvocationInterceptor$intercept$2.invoke(TestInvocationInterceptor.kt)
            at kotlinx.coroutines.intrinsics.UndispatchedKt.startUndispatchedOrReturn(Undispatched.kt:42)
            at kotlinx.coroutines.CoroutineScopeKt.coroutineScope(CoroutineScope.kt:261)
            at io.kotest.engine.test.TestInvocationInterceptor.intercept(TestInvocationInterceptor.kt:31)
            at io.kotest.engine.test.TestCaseExecutor$execute$3$1.invokeSuspend(TestCaseExecutor.kt:100)
            at io.kotest.engine.test.TestCaseExecutor$execute$3$1.invoke(TestCaseExecutor.kt)
            at io.kotest.engine.test.TestCaseExecutor$execute$3$1.invoke(TestCaseExecutor.kt)
            at io.kotest.engine.interceptors.MarkAbortedExceptionsAsSkippedTestInterceptor.intercept(MarkAbortedExceptionsAsSkippedTestInterceptor.kt:23)
            at io.kotest.engine.test.TestCaseExecutor$execute$3$1.invokeSuspend(TestCaseExecutor.kt:100)
            at io.kotest.engine.test.TestCaseExecutor$execute$3$1.invoke(TestCaseExecutor.kt)
            at io.kotest.engine.test.TestCaseExecutor$execute$3$1.invoke(TestCaseExecutor.kt)
            at io.kotest.engine.test.interceptors.ExpectExceptionTestInterceptor.intercept(ExpectExceptionTestInterceptor.kt:18)
            at io.kotest.engine.test.TestCaseExecutor$execute$3$1.invokeSuspend(TestCaseExecutor.kt:100)
            at io.kotest.engine.test.TestCaseExecutor$execute$3$1.invoke(TestCaseExecutor.kt)
            at io.kotest.engine.test.TestCaseExecutor$execute$3$1.invoke(TestCaseExecutor.kt)
            at io.kotest.engine.test.interceptors.TimeoutInterceptor.intercept(TimeoutInterceptor.kt:33)
            at io.kotest.engine.test.TestCaseExecutor$execute$3$1.invokeSuspend(TestCaseExecutor.kt:100)
            at io.kotest.engine.test.TestCaseExecutor$execute$3$1.invoke(TestCaseExecutor.kt)
            at io.kotest.engine.test.TestCaseExecutor$execute$3$1.invoke(TestCaseExecutor.kt)
            at io.kotest.engine.test.interceptors.BlockedThreadTimeoutInterceptor.intercept(BlockedThreadTimeoutInterceptor.kt:79)
            at io.kotest.engine.test.TestCaseExecutor$execute$3$1.invokeSuspend(TestCaseExecutor.kt:100)
            at io.kotest.engine.test.TestCaseExecutor$execute$3$1.invoke(TestCaseExecutor.kt)
            at io.kotest.engine.test.TestCaseExecutor$execute$3$1.invoke(TestCaseExecutor.kt)
            at io.kotest.engine.test.interceptors.CoroutineLoggingInterceptor.intercept(CoroutineLoggingInterceptor.kt:30)
            at io.kotest.engine.test.TestCaseExecutor$execute$3$1.invokeSuspend(TestCaseExecutor.kt:100)
            at io.kotest.engine.test.TestCaseExecutor$execute$3$1.invoke(TestCaseExecutor.kt)
            at io.kotest.engine.test.TestCaseExecutor$execute$3$1.invoke(TestCaseExecutor.kt)
            at io.kotest.engine.test.interceptors.SoftAssertInterceptor.intercept(SoftAssertInterceptor.kt:26)
            at io.kotest.engine.test.TestCaseExecutor$execute$3$1.invokeSuspend(TestCaseExecutor.kt:100)
            at io.kotest.engine.test.TestCaseExecutor$execute$3$1.invoke(TestCaseExecutor.kt)
            at io.kotest.engine.test.TestCaseExecutor$execute$3$1.invoke(TestCaseExecutor.kt)
            at io.kotest.engine.test.interceptors.AssertionModeInterceptor.intercept(AssertionModeInterceptor.kt:24)
            at io.kotest.engine.test.TestCaseExecutor$execute$3$1.invokeSuspend(TestCaseExecutor.kt:100)
            at io.kotest.engine.test.TestCaseExecutor$execute$3$1.invoke(TestCaseExecutor.kt)
            at io.kotest.engine.test.TestCaseExecutor$execute$3$1.invoke(TestCaseExecutor.kt)
            at io.kotest.engine.test.interceptors.LifecycleInterceptor.intercept(LifecycleInterceptor.kt:50)
            at io.kotest.engine.test.TestCaseExecutor$execute$3$1.invokeSuspend(TestCaseExecutor.kt:100)
            at io.kotest.engine.test.TestCaseExecutor$execute$3$1.invoke(TestCaseExecutor.kt)
            at io.kotest.engine.test.TestCaseExecutor$execute$3$1.invoke(TestCaseExecutor.kt)
            at io.kotest.engine.test.interceptors.TestCaseExtensionInterceptor$intercept$2.invokeSuspend(TestCaseExtensionInterceptor.kt:24)
            at io.kotest.engine.test.interceptors.TestCaseExtensionInterceptor$intercept$2.invoke(TestCaseExtensionInterceptor.kt)
            at io.kotest.engine.test.interceptors.TestCaseExtensionInterceptor$intercept$2.invoke(TestCaseExtensionInterceptor.kt)
            at io.kotest.engine.test.TestExtensions.intercept(TestExtensions.kt:148)
            at io.kotest.engine.test.interceptors.TestCaseExtensionInterceptor.intercept(TestCaseExtensionInterceptor.kt:24)
            at io.kotest.engine.test.TestCaseExecutor$execute$3$1.invokeSuspend(TestCaseExecutor.kt:100)
            at io.kotest.engine.test.TestCaseExecutor$execute$3$1.invoke(TestCaseExecutor.kt)
            at io.kotest.engine.test.TestCaseExecutor$execute$3$1.invoke(TestCaseExecutor.kt)
            at io.kotest.engine.test.interceptors.BeforeSpecListenerInterceptor$intercept$runTest$1$2.invokeSuspend(BeforeSpecListenerInterceptor.kt:43)
            at io.kotest.engine.test.interceptors.BeforeSpecListenerInterceptor$intercept$runTest$1$2.invoke(BeforeSpecListenerInterceptor.kt)
            at io.kotest.engine.test.interceptors.BeforeSpecListenerInterceptor$intercept$runTest$1$2.invoke(BeforeSpecListenerInterceptor.kt)
            at io.kotest.engine.test.interceptors.BeforeSpecListenerInterceptor.intercept(BeforeSpecListenerInterceptor.kt:60)
            at io.kotest.engine.test.TestCaseExecutor$execute$3$1.invokeSuspend(TestCaseExecutor.kt:100)
            at io.kotest.engine.test.TestCaseExecutor$execute$3$1.invoke(TestCaseExecutor.kt)
            at io.kotest.engine.test.TestCaseExecutor$execute$3$1.invoke(TestCaseExecutor.kt)
            at io.kotest.engine.test.interceptors.TestEnabledCheckInterceptor.intercept(TestEnabledCheckInterceptor.kt:31)
            at io.kotest.engine.test.TestCaseExecutor$execute$3$1.invokeSuspend(TestCaseExecutor.kt:100)
            at io.kotest.engine.test.TestCaseExecutor$execute$3$1.invoke(TestCaseExecutor.kt)
            at io.kotest.engine.test.TestCaseExecutor$execute$3$1.invoke(TestCaseExecutor.kt)
            at io.kotest.engine.test.interceptors.CoroutineErrorCollectorInterceptor$intercept$3.invokeSuspend(CoroutineErrorCollectorInterceptor.kt:34)
            at io.kotest.engine.test.interceptors.CoroutineErrorCollectorInterceptor$intercept$3.invoke(CoroutineErrorCollectorInterceptor.kt)
            at io.kotest.engine.test.interceptors.CoroutineErrorCollectorInterceptor$intercept$3.invoke(CoroutineErrorCollectorInterceptor.kt)
            at kotlinx.coroutines.intrinsics.UndispatchedKt.startUndispatchedOrReturn(Undispatched.kt:42)
            at kotlinx.coroutines.BuildersKt__Builders_commonKt.withContext(Builders.common.kt:164)
            at kotlinx.coroutines.BuildersKt.withContext(Unknown Source)
            at io.kotest.engine.test.interceptors.CoroutineErrorCollectorInterceptor.intercept(CoroutineErrorCollectorInterceptor.kt:33)
            at io.kotest.engine.test.TestCaseExecutor$execute$3$1.invokeSuspend(TestCaseExecutor.kt:100)
            at io.kotest.engine.test.TestCaseExecutor$execute$3$1.invoke(TestCaseExecutor.kt)
            at io.kotest.engine.test.TestCaseExecutor$execute$3$1.invoke(TestCaseExecutor.kt)
            at io.kotest.engine.test.interceptors.CoroutineDispatcherFactoryInterceptor$intercept$4.invokeSuspend(coroutineDispatcherFactoryInterceptor.kt:57)
            at io.kotest.engine.test.interceptors.CoroutineDispatcherFactoryInterceptor$intercept$4.invoke(coroutineDispatcherFactoryInterceptor.kt)
            at io.kotest.engine.test.interceptors.CoroutineDispatcherFactoryInterceptor$intercept$4.invoke(coroutineDispatcherFactoryInterceptor.kt)
            at io.kotest.engine.concurrency.FixedThreadCoroutineDispatcherFactory$withDispatcher$4.invokeSuspend(FixedThreadCoroutineDispatcherFactory.kt:59)
            at io.kotest.engine.concurrency.FixedThreadCoroutineDispatcherFactory$withDispatcher$4.invoke(FixedThreadCoroutineDispatcherFactory.kt)
            at io.kotest.engine.concurrency.FixedThreadCoroutineDispatcherFactory$withDispatcher$4.invoke(FixedThreadCoroutineDispatcherFactory.kt)
            at kotlinx.coroutines.intrinsics.UndispatchedKt.startUndispatchedOrReturn(Undispatched.kt:42)
            at kotlinx.coroutines.BuildersKt__Builders_commonKt.withContext(Builders.common.kt:164)
            at kotlinx.coroutines.BuildersKt.withContext(Unknown Source)
            at io.kotest.engine.concurrency.FixedThreadCoroutineDispatcherFactory.withDispatcher(FixedThreadCoroutineDispatcherFactory.kt:58)
            at io.kotest.engine.test.interceptors.CoroutineDispatcherFactoryInterceptor.intercept(coroutineDispatcherFactoryInterceptor.kt:56)
            at io.kotest.engine.test.TestCaseExecutor$execute$3$1.invokeSuspend(TestCaseExecutor.kt:100)
            at io.kotest.engine.test.TestCaseExecutor$execute$3$1.invoke(TestCaseExecutor.kt)
            at io.kotest.engine.test.TestCaseExecutor$execute$3$1.invoke(TestCaseExecutor.kt)
            at io.kotest.engine.test.interceptors.SupervisorScopeInterceptor$intercept$2.invokeSuspend(SupervisorScopeInterceptor.kt:23)
            at io.kotest.engine.test.interceptors.SupervisorScopeInterceptor$intercept$2.invoke(SupervisorScopeInterceptor.kt)
            at io.kotest.engine.test.interceptors.SupervisorScopeInterceptor$intercept$2.invoke(SupervisorScopeInterceptor.kt)
            at kotlinx.coroutines.intrinsics.UndispatchedKt.startUndispatchedOrReturn(Undispatched.kt:42)
            at kotlinx.coroutines.SupervisorKt.supervisorScope(Supervisor.kt:56)
            at io.kotest.engine.test.interceptors.SupervisorScopeInterceptor.intercept(SupervisorScopeInterceptor.kt:22)
            at io.kotest.engine.test.TestCaseExecutor$execute$3$1.invokeSuspend(TestCaseExecutor.kt:100)
            at io.kotest.engine.test.TestCaseExecutor$execute$3$1.invoke(TestCaseExecutor.kt)
            at io.kotest.engine.test.TestCaseExecutor$execute$3$1.invoke(TestCaseExecutor.kt)
            at io.kotest.engine.test.interceptors.InvocationCountCheckInterceptor.intercept(InvocationCountCheckInterceptor.kt:24)
            at io.kotest.engine.test.TestCaseExecutor$execute$3$1.invokeSuspend(TestCaseExecutor.kt:100)
            at io.kotest.engine.test.TestCaseExecutor$execute$3$1.invoke(TestCaseExecutor.kt)
            at io.kotest.engine.test.TestCaseExecutor$execute$3$1.invoke(TestCaseExecutor.kt)
            at io.kotest.engine.test.interceptors.TestFinishedInterceptor.intercept(TestFinishedInterceptor.kt:21)
            at io.kotest.engine.test.TestCaseExecutor$execute$3$1.invokeSuspend(TestCaseExecutor.kt:100)
            at io.kotest.engine.test.TestCaseExecutor$execute$3$1.invoke(TestCaseExecutor.kt)
            at io.kotest.engine.test.TestCaseExecutor$execute$3$1.invoke(TestCaseExecutor.kt)
            at io.kotest.engine.test.interceptors.TestNameContextInterceptor$intercept$2.invokeSuspend(TestPathContextInterceptor.kt:35)
            at io.kotest.engine.test.interceptors.TestNameContextInterceptor$intercept$2.invoke(TestPathContextInterceptor.kt)
            at io.kotest.engine.test.interceptors.TestNameContextInterceptor$intercept$2.invoke(TestPathContextInterceptor.kt)
            at kotlinx.coroutines.intrinsics.UndispatchedKt.startUndispatchedOrReturn(Undispatched.kt:42)
            at kotlinx.coroutines.BuildersKt__Builders_commonKt.withContext(Builders.common.kt:164)
            at kotlinx.coroutines.BuildersKt.withContext(Unknown Source)
            at io.kotest.engine.test.interceptors.TestNameContextInterceptor.intercept(TestPathContextInterceptor.kt:34)
            at io.kotest.engine.test.TestCaseExecutor$execute$3$1.invokeSuspend(TestCaseExecutor.kt:100)
            at io.kotest.engine.test.TestCaseExecutor$execute$3$1.invoke(TestCaseExecutor.kt)
            at io.kotest.engine.test.TestCaseExecutor$execute$3$1.invoke(TestCaseExecutor.kt)
            at io.kotest.engine.test.interceptors.TestPathContextInterceptor$intercept$2.invokeSuspend(TestPathContextInterceptor.kt:20)
            at io.kotest.engine.test.interceptors.TestPathContextInterceptor$intercept$2.invoke(TestPathContextInterceptor.kt)
            at io.kotest.engine.test.interceptors.TestPathContextInterceptor$intercept$2.invoke(TestPathContextInterceptor.kt)
            at kotlinx.coroutines.intrinsics.UndispatchedKt.startUndispatchedOrReturn(Undispatched.kt:42)
            at kotlinx.coroutines.BuildersKt__Builders_commonKt.withContext(Builders.common.kt:164)
            at kotlinx.coroutines.BuildersKt.withContext(Unknown Source)
            at io.kotest.engine.test.interceptors.TestPathContextInterceptor.intercept(TestPathContextInterceptor.kt:19)
            at io.kotest.engine.test.TestCaseExecutor$execute$3$1.invokeSuspend(TestCaseExecutor.kt:100)
            at io.kotest.engine.test.TestCaseExecutor$execute$3$1.invoke(TestCaseExecutor.kt)
            at io.kotest.engine.test.TestCaseExecutor$execute$3$1.invoke(TestCaseExecutor.kt)
            at io.kotest.engine.test.TestCaseExecutor.execute(TestCaseExecutor.kt:101)
            at io.kotest.engine.spec.runners.InstancePerLeafSpecRunner$locateAndRunRoot$5.invokeSuspend(InstancePerLeafSpecRunner.kt:196)
            at io.kotest.engine.spec.runners.InstancePerLeafSpecRunner$locateAndRunRoot$5.invoke(InstancePerLeafSpecRunner.kt)
            at io.kotest.engine.spec.runners.InstancePerLeafSpecRunner$locateAndRunRoot$5.invoke(InstancePerLeafSpecRunner.kt)
            at kotlinx.coroutines.intrinsics.UndispatchedKt.startUndispatchedOrReturn(Undispatched.kt:42)
            at kotlinx.coroutines.CoroutineScopeKt.coroutineScope(CoroutineScope.kt:261)
            at io.kotest.engine.spec.runners.InstancePerLeafSpecRunner.locateAndRunRoot(InstancePerLeafSpecRunner.kt:134)
            at io.kotest.engine.spec.runners.InstancePerLeafSpecRunner.access$locateAndRunRoot(InstancePerLeafSpecRunner.kt:30)
            at io.kotest.engine.spec.runners.InstancePerLeafSpecRunner$locateAndRunRoot$5$context$1.registerTestCase(InstancePerLeafSpecRunner.kt:156)
            at io.kotest.engine.test.scopes.DuplicateNameHandlingTestScope.registerTestCase(DuplicateNameHandlingTestScope.kt:30)
            at io.kotest.engine.test.scopes.TestScopeWithCoroutineContext.registerTestCase(scopes.kt)
            at io.kotest.core.spec.style.scopes.AbstractContainerScope.registerTestCase$suspendImpl(ContainerScope.kt:222)
            at io.kotest.core.spec.style.scopes.AbstractContainerScope.registerTestCase(ContainerScope.kt)
            at io.kotest.core.spec.style.scopes.AbstractContainerScope.registerTestCase$suspendImpl(ContainerScope.kt:222)
            at io.kotest.core.spec.style.scopes.AbstractContainerScope.registerTestCase(ContainerScope.kt)
            at io.kotest.core.spec.style.scopes.ContainerScope$DefaultImpls.registerTest(ContainerScope.kt:50)
            at io.kotest.core.spec.style.scopes.AbstractContainerScope.registerTest(ContainerScope.kt:213)
            at io.kotest.core.spec.style.scopes.ContainerScope$DefaultImpls.registerContainer(ContainerScope.kt:68)
            at io.kotest.core.spec.style.scopes.AbstractContainerScope.registerContainer(ContainerScope.kt:213)
            at io.kotest.core.spec.style.scopes.BehaviorSpecGivenContainerScope.addWhen(BehaviorSpecGivenContainerScope.kt:66)
            at io.kotest.core.spec.style.scopes.BehaviorSpecGivenContainerScope.When(BehaviorSpecGivenContainerScope.kt:60)
            at com.ahn.presentation.ui.screen.exchange.ExchangeViewModelTest$1$7.invokeSuspend(ExchangeViewModelTest.kt:272)
            at com.ahn.presentation.ui.screen.exchange.ExchangeViewModelTest$1$7.invoke(ExchangeViewModelTest.kt)
            at com.ahn.presentation.ui.screen.exchange.ExchangeViewModelTest$1$7.invoke(ExchangeViewModelTest.kt)

com.ahn.presentation.ui.screen.exchange.ExchangeViewModelTest > Given: 환율 API 호출이 실패할 때 > When: ViewModel이 생성되면 > com.ahn.presentation.ui.screen.exchange.ExchangeViewModelTest.Then: 에러 스낵바가 표시되어야 한다 FAILED
    java.lang.AssertionError: expected:<State(fromAmount=1, toAmount=, fromCurrency=CurrencyInfo(code=USD, displayCode=USD, name=미국 달러, flagEmoji=🇺🇸), toCurrency=CurrencyInfo(code=KRW, displayCode=KRW, name=대한민국 원, flagEmoji=🇰🇷), availableCurrencies=[CurrencyInfo(code=USD, displayCode=USD, name=미국 달러, flagEmoji=🇺🇸), CurrencyInfo(code=KRW, displayCode=KRW, name=대한민국 원, flagEmoji=🇰🇷), CurrencyInfo(code=JPY, displayCode=JPY(100), name=일본 엔, flagEmoji=🇯🇵), CurrencyInfo(code=EUR, displayCode=EUR, name=유로, flagEmoji=🇪🇺)], exchangeRate=0.0, isLoading=false)> but was:<State(fromAmount=1, toAmount=, fromCurrency=null, toCurrency=null, availableCurrencies=[], exchangeRate=0.0, isLoading=false)>
        at org.junit.Assert.fail(Assert.java:89)
        at org.junit.Assert.failNotEquals(Assert.java:835)
        at org.junit.Assert.assertEquals(Assert.java:120)
        at kotlin.test.junit.JUnitAsserter.assertEquals(JUnitSupport.kt:32)
        at kotlin.test.AssertionsKt__AssertionsKt.assertEquals(Assertions.kt:63)
        at kotlin.test.AssertionsKt.assertEquals(Unknown Source)
        at kotlin.test.AssertionsKt__AssertionsKt.assertEquals$default(Assertions.kt:62)
        at kotlin.test.AssertionsKt.assertEquals$default(Unknown Source)
        at org.orbitmvi.orbit.test.RealOrbitTestContext.expectState(RealOrbitTestContext.kt:83)
        at com.ahn.presentation.ui.screen.exchange.ExchangeViewModelTest$1$8$3$1$1$1.invokeSuspend(ExchangeViewModelTest.kt:296)
        at com.ahn.presentation.ui.screen.exchange.ExchangeViewModelTest$1$8$3$1$1$1.invoke(ExchangeViewModelTest.kt)
        at com.ahn.presentation.ui.screen.exchange.ExchangeViewModelTest$1$8$3$1$1$1.invoke(ExchangeViewModelTest.kt)
        at org.orbitmvi.orbit.test.TestKt$test$2.invokeSuspend(Test.kt:70)
        at org.orbitmvi.orbit.test.TestKt$test$2.invoke(Test.kt)
        at org.orbitmvi.orbit.test.TestKt$test$2.invoke(Test.kt)
        at app.cash.turbine.FlowKt$test$2.invokeSuspend(flow.kt:143)
        at app.cash.turbine.FlowKt$test$2.invoke(flow.kt)
        at app.cash.turbine.FlowKt$test$2.invoke(flow.kt)
        at app.cash.turbine.FlowKt$turbineScope$2$1.invokeSuspend(flow.kt:91)
        at app.cash.turbine.FlowKt$turbineScope$2$1.invoke(flow.kt)
        at app.cash.turbine.FlowKt$turbineScope$2$1.invoke(flow.kt)
        at kotlinx.coroutines.intrinsics.UndispatchedKt.startUndispatchedOrReturn(Undispatched.kt:42)
        at kotlinx.coroutines.CoroutineScopeKt.coroutineScope(CoroutineScope.kt:261)
        at app.cash.turbine.FlowKt$turbineScope$2$scopeFn$1.invokeSuspend(flow.kt:83)
        at app.cash.turbine.FlowKt$turbineScope$2$scopeFn$1.invoke(flow.kt)
        at app.cash.turbine.FlowKt$turbineScope$2$scopeFn$1.invoke(flow.kt)
        at app.cash.turbine.FlowKt$turbineScope$2.invokeSuspend(flow.kt:88)
        at app.cash.turbine.FlowKt$turbineScope$2.invoke(flow.kt)
        at app.cash.turbine.FlowKt$turbineScope$2.invoke(flow.kt)
        at app.cash.turbine.CoroutinesKt$reportTurbines$2.invokeSuspend(coroutines.kt:89)
        at app.cash.turbine.CoroutinesKt$reportTurbines$2.invoke(coroutines.kt)
        at app.cash.turbine.CoroutinesKt$reportTurbines$2.invoke(coroutines.kt)
        at kotlinx.coroutines.intrinsics.UndispatchedKt.startUndispatchedOrReturn(Undispatched.kt:42)
        at kotlinx.coroutines.BuildersKt__Builders_commonKt.withContext(Builders.common.kt:164)
        at kotlinx.coroutines.BuildersKt.withContext(Unknown Source)
        at app.cash.turbine.CoroutinesKt.reportTurbines(coroutines.kt:88)
        at app.cash.turbine.FlowKt.turbineScope-k1IrOU0(flow.kt:80)
        at app.cash.turbine.FlowKt.test-C2H2yOE(flow.kt:141)
        at app.cash.turbine.FlowKt.test-C2H2yOE$default(flow.kt:136)
        at org.orbitmvi.orbit.test.TestKt.test-Tnuy9kA(Test.kt:64)
        at org.orbitmvi.orbit.test.TestKt.test-Tnuy9kA$default(Test.kt:48)
        at com.ahn.presentation.ui.screen.exchange.ExchangeViewModelTest$1$8$3$1$1.invokeSuspend(ExchangeViewModelTest.kt:294)
        at com.ahn.presentation.ui.screen.exchange.ExchangeViewModelTest$1$8$3$1$1.invoke(ExchangeViewModelTest.kt)
        at com.ahn.presentation.ui.screen.exchange.ExchangeViewModelTest$1$8$3$1$1.invoke(ExchangeViewModelTest.kt)
        at kotlinx.coroutines.test.TestBuildersKt__TestBuildersKt$runTest$2$1$1.invokeSuspend(TestBuilders.kt:318)
        at _COROUTINE._BOUNDARY._(CoroutineDebugging.kt:42)
        at app.cash.turbine.FlowKt$turbineScope$2$scopeFn$1.invokeSuspend(flow.kt:83)
        at app.cash.turbine.FlowKt$turbineScope$2.invokeSuspend(flow.kt:88)
        at app.cash.turbine.CoroutinesKt$reportTurbines$2.invokeSuspend(coroutines.kt:89)
        at com.ahn.presentation.ui.screen.exchange.ExchangeViewModelTest$1$8$3$1$1.invokeSuspend(ExchangeViewModelTest.kt:294)
        at kotlinx.coroutines.test.TestBuildersKt__TestBuildersKt$runTest$2$1$1.invokeSuspend(TestBuilders.kt:318)
        at kotlinx.coroutines.TimeoutKt.withTimeoutOrNull(Timeout.kt:101)
        at io.kotest.engine.test.interceptors.InvocationTimeoutInterceptor.intercept(InvocationTimeoutInterceptor.kt:42)
        at io.kotest.engine.test.TestInvocationInterceptor$runBeforeTestAfter$wrappedTest$1$1.invokeSuspend(TestInvocationInterceptor.kt:70)
        at io.kotest.engine.test.TestInvocationInterceptor$intercept$2$1.invokeSuspend(TestInvocationInterceptor.kt:36)
        at io.kotest.mpp.ReplayKt.replay(replay.kt:15)
        at io.kotest.engine.test.TestInvocationInterceptor$intercept$2.invokeSuspend(TestInvocationInterceptor.kt:32)
        at io.kotest.engine.test.TestInvocationInterceptor.intercept(TestInvocationInterceptor.kt:31)
        at io.kotest.engine.test.TestCaseExecutor$execute$3$1.invokeSuspend(TestCaseExecutor.kt:100)
        at io.kotest.engine.interceptors.MarkAbortedExceptionsAsSkippedTestInterceptor.intercept(MarkAbortedExceptionsAsSkippedTestInterceptor.kt:23)
        at io.kotest.engine.test.TestCaseExecutor$execute$3$1.invokeSuspend(TestCaseExecutor.kt:100)
        at io.kotest.engine.test.interceptors.ExpectExceptionTestInterceptor.intercept(ExpectExceptionTestInterceptor.kt:18)
        at io.kotest.engine.test.TestCaseExecutor$execute$3$1.invokeSuspend(TestCaseExecutor.kt:100)
        at io.kotest.engine.test.interceptors.TimeoutInterceptor.intercept(TimeoutInterceptor.kt:33)
        at io.kotest.engine.test.TestCaseExecutor$execute$3$1.invokeSuspend(TestCaseExecutor.kt:100)
        at io.kotest.engine.test.interceptors.BlockedThreadTimeoutInterceptor.intercept(BlockedThreadTimeoutInterceptor.kt:79)
        at io.kotest.engine.test.TestCaseExecutor$execute$3$1.invokeSuspend(TestCaseExecutor.kt:100)
        at io.kotest.engine.test.interceptors.CoroutineLoggingInterceptor.intercept(CoroutineLoggingInterceptor.kt:30)
        at io.kotest.engine.test.TestCaseExecutor$execute$3$1.invokeSuspend(TestCaseExecutor.kt:100)
        at io.kotest.engine.test.interceptors.SoftAssertInterceptor.intercept(SoftAssertInterceptor.kt:27)
        at io.kotest.engine.test.TestCaseExecutor$execute$3$1.invokeSuspend(TestCaseExecutor.kt:100)
        at io.kotest.engine.test.interceptors.AssertionModeInterceptor.intercept(AssertionModeInterceptor.kt:25)
        at io.kotest.engine.test.TestCaseExecutor$execute$3$1.invokeSuspend(TestCaseExecutor.kt:100)
        at io.kotest.engine.test.interceptors.LifecycleInterceptor.intercept(LifecycleInterceptor.kt:50)
        at io.kotest.engine.test.TestCaseExecutor$execute$3$1.invokeSuspend(TestCaseExecutor.kt:100)
        at io.kotest.engine.test.interceptors.TestCaseExtensionInterceptor$intercept$2.invokeSuspend(TestCaseExtensionInterceptor.kt:24)
        at io.kotest.engine.test.TestCaseExecutor$execute$3$1.invokeSuspend(TestCaseExecutor.kt:100)
        at io.kotest.engine.test.interceptors.BeforeSpecListenerInterceptor$intercept$runTest$1$2.invokeSuspend(BeforeSpecListenerInterceptor.kt:43)
        at io.kotest.engine.test.interceptors.BeforeSpecListenerInterceptor.intercept(BeforeSpecListenerInterceptor.kt:60)
        at io.kotest.engine.test.TestCaseExecutor$execute$3$1.invokeSuspend(TestCaseExecutor.kt:100)
        at io.kotest.engine.test.interceptors.TestEnabledCheckInterceptor.intercept(TestEnabledCheckInterceptor.kt:31)
        at io.kotest.engine.test.TestCaseExecutor$execute$3$1.invokeSuspend(TestCaseExecutor.kt:100)
        at io.kotest.engine.test.interceptors.CoroutineErrorCollectorInterceptor$intercept$3.invokeSuspend(CoroutineErrorCollectorInterceptor.kt:34)
        at io.kotest.engine.test.TestCaseExecutor$execute$3$1.invokeSuspend(TestCaseExecutor.kt:100)
        at io.kotest.engine.test.interceptors.CoroutineDispatcherFactoryInterceptor$intercept$4.invokeSuspend(coroutineDispatcherFactoryInterceptor.kt:57)
        at io.kotest.engine.concurrency.FixedThreadCoroutineDispatcherFactory$withDispatcher$4.invokeSuspend(FixedThreadCoroutineDispatcherFactory.kt:59)
        at io.kotest.engine.test.interceptors.CoroutineDispatcherFactoryInterceptor.intercept(coroutineDispatcherFactoryInterceptor.kt:56)
        at io.kotest.engine.test.TestCaseExecutor$execute$3$1.invokeSuspend(TestCaseExecutor.kt:100)
        at io.kotest.engine.test.interceptors.SupervisorScopeInterceptor$intercept$2.invokeSuspend(SupervisorScopeInterceptor.kt:23)
        at io.kotest.engine.test.TestCaseExecutor$execute$3$1.invokeSuspend(TestCaseExecutor.kt:100)
        at io.kotest.engine.test.TestCaseExecutor$execute$3$1.invokeSuspend(TestCaseExecutor.kt:100)
        at io.kotest.engine.test.interceptors.TestFinishedInterceptor.intercept(TestFinishedInterceptor.kt:21)
        at io.kotest.engine.test.TestCaseExecutor$execute$3$1.invokeSuspend(TestCaseExecutor.kt:100)
        at io.kotest.engine.test.interceptors.TestNameContextInterceptor$intercept$2.invokeSuspend(TestPathContextInterceptor.kt:35)
        at io.kotest.engine.test.TestCaseExecutor$execute$3$1.invokeSuspend(TestCaseExecutor.kt:100)
        at io.kotest.engine.test.interceptors.TestPathContextInterceptor$intercept$2.invokeSuspend(TestPathContextInterceptor.kt:20)
        at io.kotest.engine.test.TestCaseExecutor$execute$3$1.invokeSuspend(TestCaseExecutor.kt:100)
        at io.kotest.engine.spec.runners.InstancePerLeafSpecRunner$locateAndRunRoot$5.invokeSuspend(InstancePerLeafSpecRunner.kt:196)
        at com.ahn.presentation.ui.screen.exchange.ExchangeViewModelTest$1$8$3.invokeSuspend(ExchangeViewModelTest.kt:291)
        at io.kotest.core.spec.style.scopes.BehaviorSpecGivenContainerScope$addWhen$2.invokeSuspend(BehaviorSpecGivenContainerScope.kt:67)
        at io.kotest.engine.test.TestCaseExecutor$execute$innerExecute$1.invokeSuspend(TestCaseExecutor.kt:91)
        at io.kotest.engine.test.interceptors.CoroutineDebugProbeInterceptor.intercept(CoroutineDebugProbeInterceptor.kt:29)
        at io.kotest.engine.test.TestCaseExecutor$execute$3$1.invokeSuspend(TestCaseExecutor.kt:100)
        at io.kotest.engine.test.TestInvocationInterceptor$runBeforeTestAfter$executeWithBeforeAfter$1.invokeSuspend(TestInvocationInterceptor.kt:63)
        at io.kotest.engine.test.interceptors.InvocationTimeoutInterceptor.intercept(InvocationTimeoutInterceptor.kt:28)
        at io.kotest.engine.test.TestInvocationInterceptor$runBeforeTestAfter$wrappedTest$1$1.invokeSuspend(TestInvocationInterceptor.kt:70)
        at io.kotest.engine.test.TestInvocationInterceptor$intercept$2$1.invokeSuspend(TestInvocationInterceptor.kt:36)
        at io.kotest.mpp.ReplayKt.replay(replay.kt:15)
        at io.kotest.engine.test.TestInvocationInterceptor$intercept$2.invokeSuspend(TestInvocationInterceptor.kt:32)
        at io.kotest.engine.test.TestInvocationInterceptor.intercept(TestInvocationInterceptor.kt:31)
        at io.kotest.engine.test.TestCaseExecutor$execute$3$1.invokeSuspend(TestCaseExecutor.kt:100)
        at io.kotest.engine.interceptors.MarkAbortedExceptionsAsSkippedTestInterceptor.intercept(MarkAbortedExceptionsAsSkippedTestInterceptor.kt:23)
        at io.kotest.engine.test.TestCaseExecutor$execute$3$1.invokeSuspend(TestCaseExecutor.kt:100)
        at io.kotest.engine.test.interceptors.ExpectExceptionTestInterceptor.intercept(ExpectExceptionTestInterceptor.kt:18)
        at io.kotest.engine.test.TestCaseExecutor$execute$3$1.invokeSuspend(TestCaseExecutor.kt:100)
        at io.kotest.engine.test.interceptors.TimeoutInterceptor.intercept(TimeoutInterceptor.kt:33)
        at io.kotest.engine.test.TestCaseExecutor$execute$3$1.invokeSuspend(TestCaseExecutor.kt:100)
        at io.kotest.engine.test.interceptors.BlockedThreadTimeoutInterceptor.intercept(BlockedThreadTimeoutInterceptor.kt:79)
        at io.kotest.engine.test.TestCaseExecutor$execute$3$1.invokeSuspend(TestCaseExecutor.kt:100)
        at io.kotest.engine.test.interceptors.CoroutineLoggingInterceptor.intercept(CoroutineLoggingInterceptor.kt:30)
        at io.kotest.engine.test.TestCaseExecutor$execute$3$1.invokeSuspend(TestCaseExecutor.kt:100)
        at io.kotest.engine.test.interceptors.SoftAssertInterceptor.intercept(SoftAssertInterceptor.kt:26)
        at io.kotest.engine.test.TestCaseExecutor$execute$3$1.invokeSuspend(TestCaseExecutor.kt:100)
        at io.kotest.engine.test.interceptors.AssertionModeInterceptor.intercept(AssertionModeInterceptor.kt:24)
        at io.kotest.engine.test.TestCaseExecutor$execute$3$1.invokeSuspend(TestCaseExecutor.kt:100)
        at io.kotest.engine.test.interceptors.LifecycleInterceptor.intercept(LifecycleInterceptor.kt:50)
        at io.kotest.engine.test.TestCaseExecutor$execute$3$1.invokeSuspend(TestCaseExecutor.kt:100)
        at io.kotest.engine.test.interceptors.TestCaseExtensionInterceptor$intercept$2.invokeSuspend(TestCaseExtensionInterceptor.kt:24)
        at io.kotest.engine.test.TestCaseExecutor$execute$3$1.invokeSuspend(TestCaseExecutor.kt:100)
        at io.kotest.engine.test.interceptors.BeforeSpecListenerInterceptor$intercept$runTest$1$2.invokeSuspend(BeforeSpecListenerInterceptor.kt:43)
        at io.kotest.engine.test.interceptors.BeforeSpecListenerInterceptor.intercept(BeforeSpecListenerInterceptor.kt:60)
        at io.kotest.engine.test.TestCaseExecutor$execute$3$1.invokeSuspend(TestCaseExecutor.kt:100)
        at io.kotest.engine.test.interceptors.TestEnabledCheckInterceptor.intercept(TestEnabledCheckInterceptor.kt:31)
        at io.kotest.engine.test.TestCaseExecutor$execute$3$1.invokeSuspend(TestCaseExecutor.kt:100)
        at io.kotest.engine.test.interceptors.CoroutineErrorCollectorInterceptor$intercept$3.invokeSuspend(CoroutineErrorCollectorInterceptor.kt:34)
        at io.kotest.engine.test.TestCaseExecutor$execute$3$1.invokeSuspend(TestCaseExecutor.kt:100)
        at io.kotest.engine.test.interceptors.CoroutineDispatcherFactoryInterceptor$intercept$4.invokeSuspend(coroutineDispatcherFactoryInterceptor.kt:57)
        at io.kotest.engine.concurrency.FixedThreadCoroutineDispatcherFactory$withDispatcher$4.invokeSuspend(FixedThreadCoroutineDispatcherFactory.kt:59)
        at io.kotest.engine.test.interceptors.CoroutineDispatcherFactoryInterceptor.intercept(coroutineDispatcherFactoryInterceptor.kt:56)
        at io.kotest.engine.test.TestCaseExecutor$execute$3$1.invokeSuspend(TestCaseExecutor.kt:100)
        at io.kotest.engine.test.interceptors.SupervisorScopeInterceptor$intercept$2.invokeSuspend(SupervisorScopeInterceptor.kt:23)
        at io.kotest.engine.test.TestCaseExecutor$execute$3$1.invokeSuspend(TestCaseExecutor.kt:100)
        at io.kotest.engine.test.TestCaseExecutor$execute$3$1.invokeSuspend(TestCaseExecutor.kt:100)
        at io.kotest.engine.test.interceptors.TestFinishedInterceptor.intercept(TestFinishedInterceptor.kt:21)
        at io.kotest.engine.test.TestCaseExecutor$execute$3$1.invokeSuspend(TestCaseExecutor.kt:100)
        at io.kotest.engine.test.interceptors.TestNameContextInterceptor$intercept$2.invokeSuspend(TestPathContextInterceptor.kt:35)
        at io.kotest.engine.test.TestCaseExecutor$execute$3$1.invokeSuspend(TestCaseExecutor.kt:100)
        at io.kotest.engine.test.interceptors.TestPathContextInterceptor$intercept$2.invokeSuspend(TestPathContextInterceptor.kt:20)
        at io.kotest.engine.test.TestCaseExecutor$execute$3$1.invokeSuspend(TestCaseExecutor.kt:100)
        at io.kotest.engine.spec.runners.InstancePerLeafSpecRunner$locateAndRunRoot$5.invokeSuspend(InstancePerLeafSpecRunner.kt:196)
        at com.ahn.presentation.ui.screen.exchange.ExchangeViewModelTest$1$8.invokeSuspend(ExchangeViewModelTest.kt:290)

        Caused by:
        java.lang.AssertionError: expected:<State(fromAmount=1, toAmount=, fromCurrency=CurrencyInfo(code=USD, displayCode=USD, name=미국 달러, flagEmoji=🇺🇸), toCurrency=CurrencyInfo(code=KRW, displayCode=KRW, name=대한민국 원, flagEmoji=🇰🇷), availableCurrencies=[CurrencyInfo(code=USD, displayCode=USD, name=미국 달러, flagEmoji=🇺🇸), CurrencyInfo(code=KRW, displayCode=KRW, name=대한민국 원, flagEmoji=🇰🇷), CurrencyInfo(code=JPY, displayCode=JPY(100), name=일본 엔, flagEmoji=🇯🇵), CurrencyInfo(code=EUR, displayCode=EUR, name=유로, flagEmoji=🇪🇺)], exchangeRate=0.0, isLoading=false)> but was:<State(fromAmount=1, toAmount=, fromCurrency=null, toCurrency=null, availableCurrencies=[], exchangeRate=0.0, isLoading=false)>
            at org.junit.Assert.fail(Assert.java:89)
            at org.junit.Assert.failNotEquals(Assert.java:835)
            at org.junit.Assert.assertEquals(Assert.java:120)
            at kotlin.test.junit.JUnitAsserter.assertEquals(JUnitSupport.kt:32)
            at kotlin.test.AssertionsKt__AssertionsKt.assertEquals(Assertions.kt:63)
            at kotlin.test.AssertionsKt.assertEquals(Unknown Source)
            at kotlin.test.AssertionsKt__AssertionsKt.assertEquals$default(Assertions.kt:62)
            at kotlin.test.AssertionsKt.assertEquals$default(Unknown Source)
            at org.orbitmvi.orbit.test.RealOrbitTestContext.expectState(RealOrbitTestContext.kt:83)
            at com.ahn.presentation.ui.screen.exchange.ExchangeViewModelTest$1$8$3$1$1$1.invokeSuspend(ExchangeViewModelTest.kt:296)
            at com.ahn.presentation.ui.screen.exchange.ExchangeViewModelTest$1$8$3$1$1$1.invoke(ExchangeViewModelTest.kt)
            at com.ahn.presentation.ui.screen.exchange.ExchangeViewModelTest$1$8$3$1$1$1.invoke(ExchangeViewModelTest.kt)
            at org.orbitmvi.orbit.test.TestKt$test$2.invokeSuspend(Test.kt:70)
            at org.orbitmvi.orbit.test.TestKt$test$2.invoke(Test.kt)
            at org.orbitmvi.orbit.test.TestKt$test$2.invoke(Test.kt)
            at app.cash.turbine.FlowKt$test$2.invokeSuspend(flow.kt:143)
            at app.cash.turbine.FlowKt$test$2.invoke(flow.kt)
            at app.cash.turbine.FlowKt$test$2.invoke(flow.kt)
            at app.cash.turbine.FlowKt$turbineScope$2$1.invokeSuspend(flow.kt:91)
            at app.cash.turbine.FlowKt$turbineScope$2$1.invoke(flow.kt)
            at app.cash.turbine.FlowKt$turbineScope$2$1.invoke(flow.kt)
            at kotlinx.coroutines.intrinsics.UndispatchedKt.startUndispatchedOrReturn(Undispatched.kt:42)
            at kotlinx.coroutines.CoroutineScopeKt.coroutineScope(CoroutineScope.kt:261)
            at app.cash.turbine.FlowKt$turbineScope$2$scopeFn$1.invokeSuspend(flow.kt:83)
            at app.cash.turbine.FlowKt$turbineScope$2$scopeFn$1.invoke(flow.kt)
            at app.cash.turbine.FlowKt$turbineScope$2$scopeFn$1.invoke(flow.kt)
            at app.cash.turbine.FlowKt$turbineScope$2.invokeSuspend(flow.kt:88)
            at app.cash.turbine.FlowKt$turbineScope$2.invoke(flow.kt)
            at app.cash.turbine.FlowKt$turbineScope$2.invoke(flow.kt)
            at app.cash.turbine.CoroutinesKt$reportTurbines$2.invokeSuspend(coroutines.kt:89)
            at app.cash.turbine.CoroutinesKt$reportTurbines$2.invoke(coroutines.kt)
            at app.cash.turbine.CoroutinesKt$reportTurbines$2.invoke(coroutines.kt)
            at kotlinx.coroutines.intrinsics.UndispatchedKt.startUndispatchedOrReturn(Undispatched.kt:42)
            at kotlinx.coroutines.BuildersKt__Builders_commonKt.withContext(Builders.common.kt:164)
            at kotlinx.coroutines.BuildersKt.withContext(Unknown Source)
            at app.cash.turbine.CoroutinesKt.reportTurbines(coroutines.kt:88)
            at app.cash.turbine.FlowKt.turbineScope-k1IrOU0(flow.kt:80)
            at app.cash.turbine.FlowKt.test-C2H2yOE(flow.kt:141)
            at app.cash.turbine.FlowKt.test-C2H2yOE$default(flow.kt:136)
            at org.orbitmvi.orbit.test.TestKt.test-Tnuy9kA(Test.kt:64)
            at org.orbitmvi.orbit.test.TestKt.test-Tnuy9kA$default(Test.kt:48)
            at com.ahn.presentation.ui.screen.exchange.ExchangeViewModelTest$1$8$3$1$1.invokeSuspend(ExchangeViewModelTest.kt:294)
            at com.ahn.presentation.ui.screen.exchange.ExchangeViewModelTest$1$8$3$1$1.invoke(ExchangeViewModelTest.kt)
            at com.ahn.presentation.ui.screen.exchange.ExchangeViewModelTest$1$8$3$1$1.invoke(ExchangeViewModelTest.kt)
            at kotlinx.coroutines.test.TestBuildersKt__TestBuildersKt$runTest$2$1$1.invokeSuspend(TestBuilders.kt:318)
            at kotlin.coroutines.jvm.internal.BaseContinuationImpl.resumeWith(ContinuationImpl.kt:33)
            at kotlinx.coroutines.DispatchedTask.run(DispatchedTask.kt:101)
            at kotlinx.coroutines.test.TestDispatcher.processEvent$kotlinx_coroutines_test(TestDispatcher.kt:24)
            at kotlinx.coroutines.test.TestCoroutineScheduler.tryRunNextTaskUnless$kotlinx_coroutines_test(TestCoroutineScheduler.kt:99)
            at kotlinx.coroutines.test.TestBuildersKt__TestBuildersKt$runTest$2$1$workRunner$1.invokeSuspend(TestBuilders.kt:327)
            at kotlin.coroutines.jvm.internal.BaseContinuationImpl.resumeWith(ContinuationImpl.kt:33)
            at kotlinx.coroutines.DispatchedTask.run(DispatchedTask.kt:101)
            at kotlinx.coroutines.EventLoopImplBase.processNextEvent(EventLoop.common.kt:263)
            at kotlinx.coroutines.BlockingCoroutine.joinBlocking(Builders.kt:95)
            at kotlinx.coroutines.BuildersKt__BuildersKt.runBlocking(Builders.kt:69)
            at kotlinx.coroutines.BuildersKt.runBlocking(Unknown Source)
            at kotlinx.coroutines.BuildersKt__BuildersKt.runBlocking$default(Builders.kt:47)
            at kotlinx.coroutines.BuildersKt.runBlocking$default(Unknown Source)
            at kotlinx.coroutines.test.TestBuildersJvmKt.createTestResult(TestBuildersJvm.kt:10)
            at kotlinx.coroutines.test.TestBuildersKt__TestBuildersKt.runTest-8Mi8wO0(TestBuilders.kt:310)
            at kotlinx.coroutines.test.TestBuildersKt.runTest-8Mi8wO0(Unknown Source)
            at kotlinx.coroutines.test.TestBuildersKt__TestBuildersKt.runTest-8Mi8wO0(TestBuilders.kt:168)
            at kotlinx.coroutines.test.TestBuildersKt.runTest-8Mi8wO0(Unknown Source)
            at kotlinx.coroutines.test.TestBuildersKt__TestBuildersKt.runTest-8Mi8wO0$default(TestBuilders.kt:160)
            at kotlinx.coroutines.test.TestBuildersKt.runTest-8Mi8wO0$default(Unknown Source)
            at com.ahn.presentation.ui.screen.exchange.ExchangeViewModelTest$1$8$3$1.invokeSuspend(ExchangeViewModelTest.kt:293)
            at com.ahn.presentation.ui.screen.exchange.ExchangeViewModelTest$1$8$3$1.invoke(ExchangeViewModelTest.kt)
            at com.ahn.presentation.ui.screen.exchange.ExchangeViewModelTest$1$8$3$1.invoke(ExchangeViewModelTest.kt)
            at io.kotest.engine.test.TestCaseExecutor$execute$innerExecute$1.invokeSuspend(TestCaseExecutor.kt:91)
            at io.kotest.engine.test.TestCaseExecutor$execute$innerExecute$1.invoke(TestCaseExecutor.kt)
            at io.kotest.engine.test.TestCaseExecutor$execute$innerExecute$1.invoke(TestCaseExecutor.kt)
            at io.kotest.engine.test.interceptors.CoroutineDebugProbeInterceptor.intercept(CoroutineDebugProbeInterceptor.kt:29)
            at io.kotest.engine.test.TestCaseExecutor$execute$3$1.invokeSuspend(TestCaseExecutor.kt:100)
            at io.kotest.engine.test.TestCaseExecutor$execute$3$1.invoke(TestCaseExecutor.kt)
            at io.kotest.engine.test.TestCaseExecutor$execute$3$1.invoke(TestCaseExecutor.kt)
            at io.kotest.engine.test.TestInvocationInterceptor$runBeforeTestAfter$executeWithBeforeAfter$1.invokeSuspend(TestInvocationInterceptor.kt:63)
            at io.kotest.engine.test.TestInvocationInterceptor$runBeforeTestAfter$executeWithBeforeAfter$1.invoke(TestInvocationInterceptor.kt)
            at io.kotest.engine.test.TestInvocationInterceptor$runBeforeTestAfter$executeWithBeforeAfter$1.invoke(TestInvocationInterceptor.kt)
            at io.kotest.engine.test.interceptors.InvocationTimeoutInterceptor$intercept$3.invokeSuspend(InvocationTimeoutInterceptor.kt:43)
            at io.kotest.engine.test.interceptors.InvocationTimeoutInterceptor$intercept$3.invoke(InvocationTimeoutInterceptor.kt)
            at io.kotest.engine.test.interceptors.InvocationTimeoutInterceptor$intercept$3.invoke(InvocationTimeoutInterceptor.kt)
            at kotlinx.coroutines.intrinsics.UndispatchedKt.startUndispatchedOrReturnIgnoreTimeout(Undispatched.kt:53)
            at kotlinx.coroutines.TimeoutKt.setupTimeout(Timeout.kt:148)
            at kotlinx.coroutines.TimeoutKt.withTimeoutOrNull(Timeout.kt:104)
            at io.kotest.engine.test.interceptors.InvocationTimeoutInterceptor.intercept(InvocationTimeoutInterceptor.kt:42)
            at io.kotest.engine.test.TestInvocationInterceptor$runBeforeTestAfter$wrappedTest$1$1.invokeSuspend(TestInvocationInterceptor.kt:70)
            at io.kotest.engine.test.TestInvocationInterceptor$runBeforeTestAfter$wrappedTest$1$1.invoke(TestInvocationInterceptor.kt)
            at io.kotest.engine.test.TestInvocationInterceptor$runBeforeTestAfter$wrappedTest$1$1.invoke(TestInvocationInterceptor.kt)
            at io.kotest.engine.test.TestInvocationInterceptor.runBeforeTestAfter(TestInvocationInterceptor.kt:73)
            at io.kotest.engine.test.TestInvocationInterceptor.access$runBeforeTestAfter(TestInvocationInterceptor.kt:14)
            at io.kotest.engine.test.TestInvocationInterceptor$intercept$2$1.invokeSuspend(TestInvocationInterceptor.kt:36)
            at io.kotest.engine.test.TestInvocationInterceptor$intercept$2$1.invoke(TestInvocationInterceptor.kt)
            at io.kotest.engine.test.TestInvocationInterceptor$intercept$2$1.invoke(TestInvocationInterceptor.kt)
            at io.kotest.mpp.ReplayKt.replay(replay.kt:15)
            at io.kotest.engine.test.TestInvocationInterceptor$intercept$2.invokeSuspend(TestInvocationInterceptor.kt:32)
            at io.kotest.engine.test.TestInvocationInterceptor$intercept$2.invoke(TestInvocationInterceptor.kt)
            at io.kotest.engine.test.TestInvocationInterceptor$intercept$2.invoke(TestInvocationInterceptor.kt)
            at kotlinx.coroutines.intrinsics.UndispatchedKt.startUndispatchedOrReturn(Undispatched.kt:42)
            at kotlinx.coroutines.CoroutineScopeKt.coroutineScope(CoroutineScope.kt:261)
            at io.kotest.engine.test.TestInvocationInterceptor.intercept(TestInvocationInterceptor.kt:31)
            at io.kotest.engine.test.TestCaseExecutor$execute$3$1.invokeSuspend(TestCaseExecutor.kt:100)
            at io.kotest.engine.test.TestCaseExecutor$execute$3$1.invoke(TestCaseExecutor.kt)
            at io.kotest.engine.test.TestCaseExecutor$execute$3$1.invoke(TestCaseExecutor.kt)
            at io.kotest.engine.interceptors.MarkAbortedExceptionsAsSkippedTestInterceptor.intercept(MarkAbortedExceptionsAsSkippedTestInterceptor.kt:23)
            at io.kotest.engine.test.TestCaseExecutor$execute$3$1.invokeSuspend(TestCaseExecutor.kt:100)
            at io.kotest.engine.test.TestCaseExecutor$execute$3$1.invoke(TestCaseExecutor.kt)
            at io.kotest.engine.test.TestCaseExecutor$execute$3$1.invoke(TestCaseExecutor.kt)
            at io.kotest.engine.test.interceptors.ExpectExceptionTestInterceptor.intercept(ExpectExceptionTestInterceptor.kt:18)
            at io.kotest.engine.test.TestCaseExecutor$execute$3$1.invokeSuspend(TestCaseExecutor.kt:100)
            at io.kotest.engine.test.TestCaseExecutor$execute$3$1.invoke(TestCaseExecutor.kt)
            at io.kotest.engine.test.TestCaseExecutor$execute$3$1.invoke(TestCaseExecutor.kt)
            at io.kotest.engine.test.interceptors.TimeoutInterceptor.intercept(TimeoutInterceptor.kt:33)
            at io.kotest.engine.test.TestCaseExecutor$execute$3$1.invokeSuspend(TestCaseExecutor.kt:100)
            at io.kotest.engine.test.TestCaseExecutor$execute$3$1.invoke(TestCaseExecutor.kt)
            at io.kotest.engine.test.TestCaseExecutor$execute$3$1.invoke(TestCaseExecutor.kt)
            at io.kotest.engine.test.interceptors.BlockedThreadTimeoutInterceptor.intercept(BlockedThreadTimeoutInterceptor.kt:79)
            at io.kotest.engine.test.TestCaseExecutor$execute$3$1.invokeSuspend(TestCaseExecutor.kt:100)
            at io.kotest.engine.test.TestCaseExecutor$execute$3$1.invoke(TestCaseExecutor.kt)
            at io.kotest.engine.test.TestCaseExecutor$execute$3$1.invoke(TestCaseExecutor.kt)
            at io.kotest.engine.test.interceptors.CoroutineLoggingInterceptor.intercept(CoroutineLoggingInterceptor.kt:30)
            at io.kotest.engine.test.TestCaseExecutor$execute$3$1.invokeSuspend(TestCaseExecutor.kt:100)
            at io.kotest.engine.test.TestCaseExecutor$execute$3$1.invoke(TestCaseExecutor.kt)
            at io.kotest.engine.test.TestCaseExecutor$execute$3$1.invoke(TestCaseExecutor.kt)
            at io.kotest.engine.test.interceptors.SoftAssertInterceptor.intercept(SoftAssertInterceptor.kt:27)
            at io.kotest.engine.test.TestCaseExecutor$execute$3$1.invokeSuspend(TestCaseExecutor.kt:100)
            at io.kotest.engine.test.TestCaseExecutor$execute$3$1.invoke(TestCaseExecutor.kt)
            at io.kotest.engine.test.TestCaseExecutor$execute$3$1.invoke(TestCaseExecutor.kt)
            at io.kotest.engine.test.interceptors.AssertionModeInterceptor.intercept(AssertionModeInterceptor.kt:25)
            at io.kotest.engine.test.TestCaseExecutor$execute$3$1.invokeSuspend(TestCaseExecutor.kt:100)
            at io.kotest.engine.test.TestCaseExecutor$execute$3$1.invoke(TestCaseExecutor.kt)
            at io.kotest.engine.test.TestCaseExecutor$execute$3$1.invoke(TestCaseExecutor.kt)
            at io.kotest.engine.test.interceptors.LifecycleInterceptor.intercept(LifecycleInterceptor.kt:50)
            at io.kotest.engine.test.TestCaseExecutor$execute$3$1.invokeSuspend(TestCaseExecutor.kt:100)
            at io.kotest.engine.test.TestCaseExecutor$execute$3$1.invoke(TestCaseExecutor.kt)
            at io.kotest.engine.test.TestCaseExecutor$execute$3$1.invoke(TestCaseExecutor.kt)
            at io.kotest.engine.test.interceptors.TestCaseExtensionInterceptor$intercept$2.invokeSuspend(TestCaseExtensionInterceptor.kt:24)
            at io.kotest.engine.test.interceptors.TestCaseExtensionInterceptor$intercept$2.invoke(TestCaseExtensionInterceptor.kt)
            at io.kotest.engine.test.interceptors.TestCaseExtensionInterceptor$intercept$2.invoke(TestCaseExtensionInterceptor.kt)
            at io.kotest.engine.test.TestExtensions.intercept(TestExtensions.kt:148)
            at io.kotest.engine.test.interceptors.TestCaseExtensionInterceptor.intercept(TestCaseExtensionInterceptor.kt:24)
            at io.kotest.engine.test.TestCaseExecutor$execute$3$1.invokeSuspend(TestCaseExecutor.kt:100)
            at io.kotest.engine.test.TestCaseExecutor$execute$3$1.invoke(TestCaseExecutor.kt)
            at io.kotest.engine.test.TestCaseExecutor$execute$3$1.invoke(TestCaseExecutor.kt)
            at io.kotest.engine.test.interceptors.BeforeSpecListenerInterceptor$intercept$runTest$1$2.invokeSuspend(BeforeSpecListenerInterceptor.kt:43)
            at io.kotest.engine.test.interceptors.BeforeSpecListenerInterceptor$intercept$runTest$1$2.invoke(BeforeSpecListenerInterceptor.kt)
            at io.kotest.engine.test.interceptors.BeforeSpecListenerInterceptor$intercept$runTest$1$2.invoke(BeforeSpecListenerInterceptor.kt)
            at io.kotest.engine.test.interceptors.BeforeSpecListenerInterceptor.intercept(BeforeSpecListenerInterceptor.kt:60)
            at io.kotest.engine.test.TestCaseExecutor$execute$3$1.invokeSuspend(TestCaseExecutor.kt:100)
            at io.kotest.engine.test.TestCaseExecutor$execute$3$1.invoke(TestCaseExecutor.kt)
            at io.kotest.engine.test.TestCaseExecutor$execute$3$1.invoke(TestCaseExecutor.kt)
            at io.kotest.engine.test.interceptors.TestEnabledCheckInterceptor.intercept(TestEnabledCheckInterceptor.kt:31)
            at io.kotest.engine.test.TestCaseExecutor$execute$3$1.invokeSuspend(TestCaseExecutor.kt:100)
            at io.kotest.engine.test.TestCaseExecutor$execute$3$1.invoke(TestCaseExecutor.kt)
            at io.kotest.engine.test.TestCaseExecutor$execute$3$1.invoke(TestCaseExecutor.kt)
            at io.kotest.engine.test.interceptors.CoroutineErrorCollectorInterceptor$intercept$3.invokeSuspend(CoroutineErrorCollectorInterceptor.kt:34)
            at io.kotest.engine.test.interceptors.CoroutineErrorCollectorInterceptor$intercept$3.invoke(CoroutineErrorCollectorInterceptor.kt)
            at io.kotest.engine.test.interceptors.CoroutineErrorCollectorInterceptor$intercept$3.invoke(CoroutineErrorCollectorInterceptor.kt)
            at kotlinx.coroutines.intrinsics.UndispatchedKt.startUndispatchedOrReturn(Undispatched.kt:42)
            at kotlinx.coroutines.BuildersKt__Builders_commonKt.withContext(Builders.common.kt:164)
            at kotlinx.coroutines.BuildersKt.withContext(Unknown Source)
            at io.kotest.engine.test.interceptors.CoroutineErrorCollectorInterceptor.intercept(CoroutineErrorCollectorInterceptor.kt:33)
            at io.kotest.engine.test.TestCaseExecutor$execute$3$1.invokeSuspend(TestCaseExecutor.kt:100)
            at io.kotest.engine.test.TestCaseExecutor$execute$3$1.invoke(TestCaseExecutor.kt)
            at io.kotest.engine.test.TestCaseExecutor$execute$3$1.invoke(TestCaseExecutor.kt)
            at io.kotest.engine.test.interceptors.CoroutineDispatcherFactoryInterceptor$intercept$4.invokeSuspend(coroutineDispatcherFactoryInterceptor.kt:57)
            at io.kotest.engine.test.interceptors.CoroutineDispatcherFactoryInterceptor$intercept$4.invoke(coroutineDispatcherFactoryInterceptor.kt)
            at io.kotest.engine.test.interceptors.CoroutineDispatcherFactoryInterceptor$intercept$4.invoke(coroutineDispatcherFactoryInterceptor.kt)
            at io.kotest.engine.concurrency.FixedThreadCoroutineDispatcherFactory$withDispatcher$4.invokeSuspend(FixedThreadCoroutineDispatcherFactory.kt:59)
            at io.kotest.engine.concurrency.FixedThreadCoroutineDispatcherFactory$withDispatcher$4.invoke(FixedThreadCoroutineDispatcherFactory.kt)
            at io.kotest.engine.concurrency.FixedThreadCoroutineDispatcherFactory$withDispatcher$4.invoke(FixedThreadCoroutineDispatcherFactory.kt)
            at kotlinx.coroutines.intrinsics.UndispatchedKt.startUndispatchedOrReturn(Undispatched.kt:42)
            at kotlinx.coroutines.BuildersKt__Builders_commonKt.withContext(Builders.common.kt:164)
            at kotlinx.coroutines.BuildersKt.withContext(Unknown Source)
            at io.kotest.engine.concurrency.FixedThreadCoroutineDispatcherFactory.withDispatcher(FixedThreadCoroutineDispatcherFactory.kt:58)
            at io.kotest.engine.test.interceptors.CoroutineDispatcherFactoryInterceptor.intercept(coroutineDispatcherFactoryInterceptor.kt:56)
            at io.kotest.engine.test.TestCaseExecutor$execute$3$1.invokeSuspend(TestCaseExecutor.kt:100)
            at io.kotest.engine.test.TestCaseExecutor$execute$3$1.invoke(TestCaseExecutor.kt)
            at io.kotest.engine.test.TestCaseExecutor$execute$3$1.invoke(TestCaseExecutor.kt)
            at io.kotest.engine.test.interceptors.SupervisorScopeInterceptor$intercept$2.invokeSuspend(SupervisorScopeInterceptor.kt:23)
            at io.kotest.engine.test.interceptors.SupervisorScopeInterceptor$intercept$2.invoke(SupervisorScopeInterceptor.kt)
            at io.kotest.engine.test.interceptors.SupervisorScopeInterceptor$intercept$2.invoke(SupervisorScopeInterceptor.kt)
            at kotlinx.coroutines.intrinsics.UndispatchedKt.startUndispatchedOrReturn(Undispatched.kt:42)
            at kotlinx.coroutines.SupervisorKt.supervisorScope(Supervisor.kt:56)
            at io.kotest.engine.test.interceptors.SupervisorScopeInterceptor.intercept(SupervisorScopeInterceptor.kt:22)
            at io.kotest.engine.test.TestCaseExecutor$execute$3$1.invokeSuspend(TestCaseExecutor.kt:100)
            at io.kotest.engine.test.TestCaseExecutor$execute$3$1.invoke(TestCaseExecutor.kt)
            at io.kotest.engine.test.TestCaseExecutor$execute$3$1.invoke(TestCaseExecutor.kt)
            at io.kotest.engine.test.interceptors.InvocationCountCheckInterceptor.intercept(InvocationCountCheckInterceptor.kt:24)
            at io.kotest.engine.test.TestCaseExecutor$execute$3$1.invokeSuspend(TestCaseExecutor.kt:100)
            at io.kotest.engine.test.TestCaseExecutor$execute$3$1.invoke(TestCaseExecutor.kt)
            at io.kotest.engine.test.TestCaseExecutor$execute$3$1.invoke(TestCaseExecutor.kt)
            at io.kotest.engine.test.interceptors.TestFinishedInterceptor.intercept(TestFinishedInterceptor.kt:21)
            at io.kotest.engine.test.TestCaseExecutor$execute$3$1.invokeSuspend(TestCaseExecutor.kt:100)
            at io.kotest.engine.test.TestCaseExecutor$execute$3$1.invoke(TestCaseExecutor.kt)
            at io.kotest.engine.test.TestCaseExecutor$execute$3$1.invoke(TestCaseExecutor.kt)
            at io.kotest.engine.test.interceptors.TestNameContextInterceptor$intercept$2.invokeSuspend(TestPathContextInterceptor.kt:35)
            at io.kotest.engine.test.interceptors.TestNameContextInterceptor$intercept$2.invoke(TestPathContextInterceptor.kt)
            at io.kotest.engine.test.interceptors.TestNameContextInterceptor$intercept$2.invoke(TestPathContextInterceptor.kt)
            at kotlinx.coroutines.intrinsics.UndispatchedKt.startUndispatchedOrReturn(Undispatched.kt:42)
            at kotlinx.coroutines.BuildersKt__Builders_commonKt.withContext(Builders.common.kt:164)
            at kotlinx.coroutines.BuildersKt.withContext(Unknown Source)
            at io.kotest.engine.test.interceptors.TestNameContextInterceptor.intercept(TestPathContextInterceptor.kt:34)
            at io.kotest.engine.test.TestCaseExecutor$execute$3$1.invokeSuspend(TestCaseExecutor.kt:100)
            at io.kotest.engine.test.TestCaseExecutor$execute$3$1.invoke(TestCaseExecutor.kt)
            at io.kotest.engine.test.TestCaseExecutor$execute$3$1.invoke(TestCaseExecutor.kt)
            at io.kotest.engine.test.interceptors.TestPathContextInterceptor$intercept$2.invokeSuspend(TestPathContextInterceptor.kt:20)
            at io.kotest.engine.test.interceptors.TestPathContextInterceptor$intercept$2.invoke(TestPathContextInterceptor.kt)
            at io.kotest.engine.test.interceptors.TestPathContextInterceptor$intercept$2.invoke(TestPathContextInterceptor.kt)
            at kotlinx.coroutines.intrinsics.UndispatchedKt.startUndispatchedOrReturn(Undispatched.kt:42)
            at kotlinx.coroutines.BuildersKt__Builders_commonKt.withContext(Builders.common.kt:164)
            at kotlinx.coroutines.BuildersKt.withContext(Unknown Source)
            at io.kotest.engine.test.interceptors.TestPathContextInterceptor.intercept(TestPathContextInterceptor.kt:19)
            at io.kotest.engine.test.TestCaseExecutor$execute$3$1.invokeSuspend(TestCaseExecutor.kt:100)
            at io.kotest.engine.test.TestCaseExecutor$execute$3$1.invoke(TestCaseExecutor.kt)
            at io.kotest.engine.test.TestCaseExecutor$execute$3$1.invoke(TestCaseExecutor.kt)
            at io.kotest.engine.test.TestCaseExecutor.execute(TestCaseExecutor.kt:101)
            at io.kotest.engine.spec.runners.InstancePerLeafSpecRunner$locateAndRunRoot$5.invokeSuspend(InstancePerLeafSpecRunner.kt:196)
            at io.kotest.engine.spec.runners.InstancePerLeafSpecRunner$locateAndRunRoot$5.invoke(InstancePerLeafSpecRunner.kt)
            at io.kotest.engine.spec.runners.InstancePerLeafSpecRunner$locateAndRunRoot$5.invoke(InstancePerLeafSpecRunner.kt)
            at kotlinx.coroutines.intrinsics.UndispatchedKt.startUndispatchedOrReturn(Undispatched.kt:42)
            at kotlinx.coroutines.CoroutineScopeKt.coroutineScope(CoroutineScope.kt:261)
            at io.kotest.engine.spec.runners.InstancePerLeafSpecRunner.locateAndRunRoot(InstancePerLeafSpecRunner.kt:134)
            at io.kotest.engine.spec.runners.InstancePerLeafSpecRunner.access$locateAndRunRoot(InstancePerLeafSpecRunner.kt:30)
            at io.kotest.engine.spec.runners.InstancePerLeafSpecRunner$locateAndRunRoot$5$context$1.registerTestCase(InstancePerLeafSpecRunner.kt:156)
            at io.kotest.engine.test.scopes.DuplicateNameHandlingTestScope.registerTestCase(DuplicateNameHandlingTestScope.kt:30)
            at io.kotest.engine.test.scopes.TestScopeWithCoroutineContext.registerTestCase(scopes.kt)
            at io.kotest.core.spec.style.scopes.AbstractContainerScope.registerTestCase$suspendImpl(ContainerScope.kt:222)
            at io.kotest.core.spec.style.scopes.AbstractContainerScope.registerTestCase(ContainerScope.kt)
            at io.kotest.core.spec.style.scopes.ContainerScope$DefaultImpls.registerTest(ContainerScope.kt:50)
            at io.kotest.core.spec.style.scopes.AbstractContainerScope.registerTest(ContainerScope.kt:213)
            at io.kotest.core.spec.style.scopes.ContainerScope$DefaultImpls.registerTest(ContainerScope.kt:77)
            at io.kotest.core.spec.style.scopes.AbstractContainerScope.registerTest(ContainerScope.kt:213)
            at io.kotest.core.spec.style.scopes.BehaviorSpecWhenContainerScope.addThen(BehaviorSpecWhenContainerScope.kt:88)
            at io.kotest.core.spec.style.scopes.BehaviorSpecWhenContainerScope.Then(BehaviorSpecWhenContainerScope.kt:82)
            at com.ahn.presentation.ui.screen.exchange.ExchangeViewModelTest$1$8$3.invokeSuspend(ExchangeViewModelTest.kt:291)
            at com.ahn.presentation.ui.screen.exchange.ExchangeViewModelTest$1$8$3.invoke(ExchangeViewModelTest.kt)
            at com.ahn.presentation.ui.screen.exchange.ExchangeViewModelTest$1$8$3.invoke(ExchangeViewModelTest.kt)
            at io.kotest.core.spec.style.scopes.BehaviorSpecGivenContainerScope$addWhen$2.invokeSuspend(BehaviorSpecGivenContainerScope.kt:67)
            at io.kotest.core.spec.style.scopes.BehaviorSpecGivenContainerScope$addWhen$2.invoke(BehaviorSpecGivenContainerScope.kt)
            at io.kotest.core.spec.style.scopes.BehaviorSpecGivenContainerScope$addWhen$2.invoke(BehaviorSpecGivenContainerScope.kt)
            at io.kotest.engine.test.TestCaseExecutor$execute$innerExecute$1.invokeSuspend(TestCaseExecutor.kt:91)
            at io.kotest.engine.test.TestCaseExecutor$execute$innerExecute$1.invoke(TestCaseExecutor.kt)
            at io.kotest.engine.test.TestCaseExecutor$execute$innerExecute$1.invoke(TestCaseExecutor.kt)
            at io.kotest.engine.test.interceptors.CoroutineDebugProbeInterceptor.intercept(CoroutineDebugProbeInterceptor.kt:29)
            at io.kotest.engine.test.TestCaseExecutor$execute$3$1.invokeSuspend(TestCaseExecutor.kt:100)
            at io.kotest.engine.test.TestCaseExecutor$execute$3$1.invoke(TestCaseExecutor.kt)
            at io.kotest.engine.test.TestCaseExecutor$execute$3$1.invoke(TestCaseExecutor.kt)
            at io.kotest.engine.test.TestInvocationInterceptor$runBeforeTestAfter$executeWithBeforeAfter$1.invokeSuspend(TestInvocationInterceptor.kt:63)
            at io.kotest.engine.test.TestInvocationInterceptor$runBeforeTestAfter$executeWithBeforeAfter$1.invoke(TestInvocationInterceptor.kt)
            at io.kotest.engine.test.TestInvocationInterceptor$runBeforeTestAfter$executeWithBeforeAfter$1.invoke(TestInvocationInterceptor.kt)
            at io.kotest.engine.test.interceptors.InvocationTimeoutInterceptor.intercept(InvocationTimeoutInterceptor.kt:28)
            at io.kotest.engine.test.TestInvocationInterceptor$runBeforeTestAfter$wrappedTest$1$1.invokeSuspend(TestInvocationInterceptor.kt:70)
            at io.kotest.engine.test.TestInvocationInterceptor$runBeforeTestAfter$wrappedTest$1$1.invoke(TestInvocationInterceptor.kt)
            at io.kotest.engine.test.TestInvocationInterceptor$runBeforeTestAfter$wrappedTest$1$1.invoke(TestInvocationInterceptor.kt)
            at io.kotest.engine.test.TestInvocationInterceptor.runBeforeTestAfter(TestInvocationInterceptor.kt:73)
            at io.kotest.engine.test.TestInvocationInterceptor.access$runBeforeTestAfter(TestInvocationInterceptor.kt:14)
            at io.kotest.engine.test.TestInvocationInterceptor$intercept$2$1.invokeSuspend(TestInvocationInterceptor.kt:36)
            at io.kotest.engine.test.TestInvocationInterceptor$intercept$2$1.invoke(TestInvocationInterceptor.kt)
            at io.kotest.engine.test.TestInvocationInterceptor$intercept$2$1.invoke(TestInvocationInterceptor.kt)
            at io.kotest.mpp.ReplayKt.replay(replay.kt:15)
            at io.kotest.engine.test.TestInvocationInterceptor$intercept$2.invokeSuspend(TestInvocationInterceptor.kt:32)
            at io.kotest.engine.test.TestInvocationInterceptor$intercept$2.invoke(TestInvocationInterceptor.kt)
            at io.kotest.engine.test.TestInvocationInterceptor$intercept$2.invoke(TestInvocationInterceptor.kt)
            at kotlinx.coroutines.intrinsics.UndispatchedKt.startUndispatchedOrReturn(Undispatched.kt:42)
            at kotlinx.coroutines.CoroutineScopeKt.coroutineScope(CoroutineScope.kt:261)
            at io.kotest.engine.test.TestInvocationInterceptor.intercept(TestInvocationInterceptor.kt:31)
            at io.kotest.engine.test.TestCaseExecutor$execute$3$1.invokeSuspend(TestCaseExecutor.kt:100)
            at io.kotest.engine.test.TestCaseExecutor$execute$3$1.invoke(TestCaseExecutor.kt)
            at io.kotest.engine.test.TestCaseExecutor$execute$3$1.invoke(TestCaseExecutor.kt)
            at io.kotest.engine.interceptors.MarkAbortedExceptionsAsSkippedTestInterceptor.intercept(MarkAbortedExceptionsAsSkippedTestInterceptor.kt:23)
            at io.kotest.engine.test.TestCaseExecutor$execute$3$1.invokeSuspend(TestCaseExecutor.kt:100)
            at io.kotest.engine.test.TestCaseExecutor$execute$3$1.invoke(TestCaseExecutor.kt)
            at io.kotest.engine.test.TestCaseExecutor$execute$3$1.invoke(TestCaseExecutor.kt)
            at io.kotest.engine.test.interceptors.ExpectExceptionTestInterceptor.intercept(ExpectExceptionTestInterceptor.kt:18)
            at io.kotest.engine.test.TestCaseExecutor$execute$3$1.invokeSuspend(TestCaseExecutor.kt:100)
            at io.kotest.engine.test.TestCaseExecutor$execute$3$1.invoke(TestCaseExecutor.kt)
            at io.kotest.engine.test.TestCaseExecutor$execute$3$1.invoke(TestCaseExecutor.kt)
            at io.kotest.engine.test.interceptors.TimeoutInterceptor.intercept(TimeoutInterceptor.kt:33)
            at io.kotest.engine.test.TestCaseExecutor$execute$3$1.invokeSuspend(TestCaseExecutor.kt:100)
            at io.kotest.engine.test.TestCaseExecutor$execute$3$1.invoke(TestCaseExecutor.kt)
            at io.kotest.engine.test.TestCaseExecutor$execute$3$1.invoke(TestCaseExecutor.kt)
            at io.kotest.engine.test.interceptors.BlockedThreadTimeoutInterceptor.intercept(BlockedThreadTimeoutInterceptor.kt:79)
            at io.kotest.engine.test.TestCaseExecutor$execute$3$1.invokeSuspend(TestCaseExecutor.kt:100)
            at io.kotest.engine.test.TestCaseExecutor$execute$3$1.invoke(TestCaseExecutor.kt)
            at io.kotest.engine.test.TestCaseExecutor$execute$3$1.invoke(TestCaseExecutor.kt)
            at io.kotest.engine.test.interceptors.CoroutineLoggingInterceptor.intercept(CoroutineLoggingInterceptor.kt:30)
            at io.kotest.engine.test.TestCaseExecutor$execute$3$1.invokeSuspend(TestCaseExecutor.kt:100)
            at io.kotest.engine.test.TestCaseExecutor$execute$3$1.invoke(TestCaseExecutor.kt)
            at io.kotest.engine.test.TestCaseExecutor$execute$3$1.invoke(TestCaseExecutor.kt)
            at io.kotest.engine.test.interceptors.SoftAssertInterceptor.intercept(SoftAssertInterceptor.kt:26)
            at io.kotest.engine.test.TestCaseExecutor$execute$3$1.invokeSuspend(TestCaseExecutor.kt:100)
            at io.kotest.engine.test.TestCaseExecutor$execute$3$1.invoke(TestCaseExecutor.kt)
            at io.kotest.engine.test.TestCaseExecutor$execute$3$1.invoke(TestCaseExecutor.kt)
            at io.kotest.engine.test.interceptors.AssertionModeInterceptor.intercept(AssertionModeInterceptor.kt:24)
            at io.kotest.engine.test.TestCaseExecutor$execute$3$1.invokeSuspend(TestCaseExecutor.kt:100)
            at io.kotest.engine.test.TestCaseExecutor$execute$3$1.invoke(TestCaseExecutor.kt)
            at io.kotest.engine.test.TestCaseExecutor$execute$3$1.invoke(TestCaseExecutor.kt)
            at io.kotest.engine.test.interceptors.LifecycleInterceptor.intercept(LifecycleInterceptor.kt:50)
            at io.kotest.engine.test.TestCaseExecutor$execute$3$1.invokeSuspend(TestCaseExecutor.kt:100)
            at io.kotest.engine.test.TestCaseExecutor$execute$3$1.invoke(TestCaseExecutor.kt)
            at io.kotest.engine.test.TestCaseExecutor$execute$3$1.invoke(TestCaseExecutor.kt)
            at io.kotest.engine.test.interceptors.TestCaseExtensionInterceptor$intercept$2.invokeSuspend(TestCaseExtensionInterceptor.kt:24)
            at io.kotest.engine.test.interceptors.TestCaseExtensionInterceptor$intercept$2.invoke(TestCaseExtensionInterceptor.kt)
            at io.kotest.engine.test.interceptors.TestCaseExtensionInterceptor$intercept$2.invoke(TestCaseExtensionInterceptor.kt)
            at io.kotest.engine.test.TestExtensions.intercept(TestExtensions.kt:148)
            at io.kotest.engine.test.interceptors.TestCaseExtensionInterceptor.intercept(TestCaseExtensionInterceptor.kt:24)
            at io.kotest.engine.test.TestCaseExecutor$execute$3$1.invokeSuspend(TestCaseExecutor.kt:100)
            at io.kotest.engine.test.TestCaseExecutor$execute$3$1.invoke(TestCaseExecutor.kt)
            at io.kotest.engine.test.TestCaseExecutor$execute$3$1.invoke(TestCaseExecutor.kt)
            at io.kotest.engine.test.interceptors.BeforeSpecListenerInterceptor$intercept$runTest$1$2.invokeSuspend(BeforeSpecListenerInterceptor.kt:43)
            at io.kotest.engine.test.interceptors.BeforeSpecListenerInterceptor$intercept$runTest$1$2.invoke(BeforeSpecListenerInterceptor.kt)
            at io.kotest.engine.test.interceptors.BeforeSpecListenerInterceptor$intercept$runTest$1$2.invoke(BeforeSpecListenerInterceptor.kt)
            at io.kotest.engine.test.interceptors.BeforeSpecListenerInterceptor.intercept(BeforeSpecListenerInterceptor.kt:60)
            at io.kotest.engine.test.TestCaseExecutor$execute$3$1.invokeSuspend(TestCaseExecutor.kt:100)
            at io.kotest.engine.test.TestCaseExecutor$execute$3$1.invoke(TestCaseExecutor.kt)
            at io.kotest.engine.test.TestCaseExecutor$execute$3$1.invoke(TestCaseExecutor.kt)
            at io.kotest.engine.test.interceptors.TestEnabledCheckInterceptor.intercept(TestEnabledCheckInterceptor.kt:31)
            at io.kotest.engine.test.TestCaseExecutor$execute$3$1.invokeSuspend(TestCaseExecutor.kt:100)
            at io.kotest.engine.test.TestCaseExecutor$execute$3$1.invoke(TestCaseExecutor.kt)
            at io.kotest.engine.test.TestCaseExecutor$execute$3$1.invoke(TestCaseExecutor.kt)
            at io.kotest.engine.test.interceptors.CoroutineErrorCollectorInterceptor$intercept$3.invokeSuspend(CoroutineErrorCollectorInterceptor.kt:34)
            at io.kotest.engine.test.interceptors.CoroutineErrorCollectorInterceptor$intercept$3.invoke(CoroutineErrorCollectorInterceptor.kt)
            at io.kotest.engine.test.interceptors.CoroutineErrorCollectorInterceptor$intercept$3.invoke(CoroutineErrorCollectorInterceptor.kt)
            at kotlinx.coroutines.intrinsics.UndispatchedKt.startUndispatchedOrReturn(Undispatched.kt:42)
            at kotlinx.coroutines.BuildersKt__Builders_commonKt.withContext(Builders.common.kt:164)
            at kotlinx.coroutines.BuildersKt.withContext(Unknown Source)
            at io.kotest.engine.test.interceptors.CoroutineErrorCollectorInterceptor.intercept(CoroutineErrorCollectorInterceptor.kt:33)
            at io.kotest.engine.test.TestCaseExecutor$execute$3$1.invokeSuspend(TestCaseExecutor.kt:100)
            at io.kotest.engine.test.TestCaseExecutor$execute$3$1.invoke(TestCaseExecutor.kt)
            at io.kotest.engine.test.TestCaseExecutor$execute$3$1.invoke(TestCaseExecutor.kt)
            at io.kotest.engine.test.interceptors.CoroutineDispatcherFactoryInterceptor$intercept$4.invokeSuspend(coroutineDispatcherFactoryInterceptor.kt:57)
            at io.kotest.engine.test.interceptors.CoroutineDispatcherFactoryInterceptor$intercept$4.invoke(coroutineDispatcherFactoryInterceptor.kt)
            at io.kotest.engine.test.interceptors.CoroutineDispatcherFactoryInterceptor$intercept$4.invoke(coroutineDispatcherFactoryInterceptor.kt)
            at io.kotest.engine.concurrency.FixedThreadCoroutineDispatcherFactory$withDispatcher$4.invokeSuspend(FixedThreadCoroutineDispatcherFactory.kt:59)
            at io.kotest.engine.concurrency.FixedThreadCoroutineDispatcherFactory$withDispatcher$4.invoke(FixedThreadCoroutineDispatcherFactory.kt)
            at io.kotest.engine.concurrency.FixedThreadCoroutineDispatcherFactory$withDispatcher$4.invoke(FixedThreadCoroutineDispatcherFactory.kt)
            at kotlinx.coroutines.intrinsics.UndispatchedKt.startUndispatchedOrReturn(Undispatched.kt:42)
            at kotlinx.coroutines.BuildersKt__Builders_commonKt.withContext(Builders.common.kt:164)
            at kotlinx.coroutines.BuildersKt.withContext(Unknown Source)
            at io.kotest.engine.concurrency.FixedThreadCoroutineDispatcherFactory.withDispatcher(FixedThreadCoroutineDispatcherFactory.kt:58)
            at io.kotest.engine.test.interceptors.CoroutineDispatcherFactoryInterceptor.intercept(coroutineDispatcherFactoryInterceptor.kt:56)
            at io.kotest.engine.test.TestCaseExecutor$execute$3$1.invokeSuspend(TestCaseExecutor.kt:100)
            at io.kotest.engine.test.TestCaseExecutor$execute$3$1.invoke(TestCaseExecutor.kt)
            at io.kotest.engine.test.TestCaseExecutor$execute$3$1.invoke(TestCaseExecutor.kt)
            at io.kotest.engine.test.interceptors.SupervisorScopeInterceptor$intercept$2.invokeSuspend(SupervisorScopeInterceptor.kt:23)
            at io.kotest.engine.test.interceptors.SupervisorScopeInterceptor$intercept$2.invoke(SupervisorScopeInterceptor.kt)
            at io.kotest.engine.test.interceptors.SupervisorScopeInterceptor$intercept$2.invoke(SupervisorScopeInterceptor.kt)
            at kotlinx.coroutines.intrinsics.UndispatchedKt.startUndispatchedOrReturn(Undispatched.kt:42)
            at kotlinx.coroutines.SupervisorKt.supervisorScope(Supervisor.kt:56)
            at io.kotest.engine.test.interceptors.SupervisorScopeInterceptor.intercept(SupervisorScopeInterceptor.kt:22)
            at io.kotest.engine.test.TestCaseExecutor$execute$3$1.invokeSuspend(TestCaseExecutor.kt:100)
            at io.kotest.engine.test.TestCaseExecutor$execute$3$1.invoke(TestCaseExecutor.kt)
            at io.kotest.engine.test.TestCaseExecutor$execute$3$1.invoke(TestCaseExecutor.kt)
            at io.kotest.engine.test.interceptors.InvocationCountCheckInterceptor.intercept(InvocationCountCheckInterceptor.kt:24)
            at io.kotest.engine.test.TestCaseExecutor$execute$3$1.invokeSuspend(TestCaseExecutor.kt:100)
            at io.kotest.engine.test.TestCaseExecutor$execute$3$1.invoke(TestCaseExecutor.kt)
            at io.kotest.engine.test.TestCaseExecutor$execute$3$1.invoke(TestCaseExecutor.kt)
            at io.kotest.engine.test.interceptors.TestFinishedInterceptor.intercept(TestFinishedInterceptor.kt:21)
            at io.kotest.engine.test.TestCaseExecutor$execute$3$1.invokeSuspend(TestCaseExecutor.kt:100)
            at io.kotest.engine.test.TestCaseExecutor$execute$3$1.invoke(TestCaseExecutor.kt)
            at io.kotest.engine.test.TestCaseExecutor$execute$3$1.invoke(TestCaseExecutor.kt)
            at io.kotest.engine.test.interceptors.TestNameContextInterceptor$intercept$2.invokeSuspend(TestPathContextInterceptor.kt:35)
            at io.kotest.engine.test.interceptors.TestNameContextInterceptor$intercept$2.invoke(TestPathContextInterceptor.kt)
            at io.kotest.engine.test.interceptors.TestNameContextInterceptor$intercept$2.invoke(TestPathContextInterceptor.kt)
            at kotlinx.coroutines.intrinsics.UndispatchedKt.startUndispatchedOrReturn(Undispatched.kt:42)
            at kotlinx.coroutines.BuildersKt__Builders_commonKt.withContext(Builders.common.kt:164)
            at kotlinx.coroutines.BuildersKt.withContext(Unknown Source)
            at io.kotest.engine.test.interceptors.TestNameContextInterceptor.intercept(TestPathContextInterceptor.kt:34)
            at io.kotest.engine.test.TestCaseExecutor$execute$3$1.invokeSuspend(TestCaseExecutor.kt:100)
            at io.kotest.engine.test.TestCaseExecutor$execute$3$1.invoke(TestCaseExecutor.kt)
            at io.kotest.engine.test.TestCaseExecutor$execute$3$1.invoke(TestCaseExecutor.kt)
            at io.kotest.engine.test.interceptors.TestPathContextInterceptor$intercept$2.invokeSuspend(TestPathContextInterceptor.kt:20)
            at io.kotest.engine.test.interceptors.TestPathContextInterceptor$intercept$2.invoke(TestPathContextInterceptor.kt)
            at io.kotest.engine.test.interceptors.TestPathContextInterceptor$intercept$2.invoke(TestPathContextInterceptor.kt)
            at kotlinx.coroutines.intrinsics.UndispatchedKt.startUndispatchedOrReturn(Undispatched.kt:42)
            at kotlinx.coroutines.BuildersKt__Builders_commonKt.withContext(Builders.common.kt:164)
            at kotlinx.coroutines.BuildersKt.withContext(Unknown Source)
            at io.kotest.engine.test.interceptors.TestPathContextInterceptor.intercept(TestPathContextInterceptor.kt:19)
            at io.kotest.engine.test.TestCaseExecutor$execute$3$1.invokeSuspend(TestCaseExecutor.kt:100)
            at io.kotest.engine.test.TestCaseExecutor$execute$3$1.invoke(TestCaseExecutor.kt)
            at io.kotest.engine.test.TestCaseExecutor$execute$3$1.invoke(TestCaseExecutor.kt)
            at io.kotest.engine.test.TestCaseExecutor.execute(TestCaseExecutor.kt:101)
            at io.kotest.engine.spec.runners.InstancePerLeafSpecRunner$locateAndRunRoot$5.invokeSuspend(InstancePerLeafSpecRunner.kt:196)
            at io.kotest.engine.spec.runners.InstancePerLeafSpecRunner$locateAndRunRoot$5.invoke(InstancePerLeafSpecRunner.kt)
            at io.kotest.engine.spec.runners.InstancePerLeafSpecRunner$locateAndRunRoot$5.invoke(InstancePerLeafSpecRunner.kt)
            at kotlinx.coroutines.intrinsics.UndispatchedKt.startUndispatchedOrReturn(Undispatched.kt:42)
            at kotlinx.coroutines.CoroutineScopeKt.coroutineScope(CoroutineScope.kt:261)
            at io.kotest.engine.spec.runners.InstancePerLeafSpecRunner.locateAndRunRoot(InstancePerLeafSpecRunner.kt:134)
            at io.kotest.engine.spec.runners.InstancePerLeafSpecRunner.access$locateAndRunRoot(InstancePerLeafSpecRunner.kt:30)
            at io.kotest.engine.spec.runners.InstancePerLeafSpecRunner$locateAndRunRoot$5$context$1.registerTestCase(InstancePerLeafSpecRunner.kt:156)
            at io.kotest.engine.test.scopes.DuplicateNameHandlingTestScope.registerTestCase(DuplicateNameHandlingTestScope.kt:30)
            at io.kotest.engine.test.scopes.TestScopeWithCoroutineContext.registerTestCase(scopes.kt)
            at io.kotest.core.spec.style.scopes.AbstractContainerScope.registerTestCase$suspendImpl(ContainerScope.kt:222)
            at io.kotest.core.spec.style.scopes.AbstractContainerScope.registerTestCase(ContainerScope.kt)
            at io.kotest.core.spec.style.scopes.AbstractContainerScope.registerTestCase$suspendImpl(ContainerScope.kt:222)
            at io.kotest.core.spec.style.scopes.AbstractContainerScope.registerTestCase(ContainerScope.kt)
            at io.kotest.core.spec.style.scopes.ContainerScope$DefaultImpls.registerTest(ContainerScope.kt:50)
            at io.kotest.core.spec.style.scopes.AbstractContainerScope.registerTest(ContainerScope.kt:213)
            at io.kotest.core.spec.style.scopes.ContainerScope$DefaultImpls.registerContainer(ContainerScope.kt:68)
            at io.kotest.core.spec.style.scopes.AbstractContainerScope.registerContainer(ContainerScope.kt:213)
            at io.kotest.core.spec.style.scopes.BehaviorSpecGivenContainerScope.addWhen(BehaviorSpecGivenContainerScope.kt:66)
            at io.kotest.core.spec.style.scopes.BehaviorSpecGivenContainerScope.When(BehaviorSpecGivenContainerScope.kt:60)
            at com.ahn.presentation.ui.screen.exchange.ExchangeViewModelTest$1$8.invokeSuspend(ExchangeViewModelTest.kt:290)
            at com.ahn.presentation.ui.screen.exchange.ExchangeViewModelTest$1$8.invoke(ExchangeViewModelTest.kt)
            at com.ahn.presentation.ui.screen.exchange.ExchangeViewModelTest$1$8.invoke(ExchangeViewModelTest.kt)

Gradle Test Executor 17 finished executing tests.

> Task :presentation:testDebugUnitTest FAILED
Finished generating test XML results (0.002 secs) into: /Users/ahn/Desktop/study/CalcMoney/presentation/build/test-results/testDebugUnitTest
Generating HTML test report...
Finished generating test html results (0.002 secs) into: /Users/ahn/Desktop/study/CalcMoney/presentation/build/reports/tests/testDebugUnitTest
Build 5c7073b6-859a-49a1-83f8-c598178d8985 is closed
23 actionable tasks: 4 executed, 19 up-to-date
Watched directory hierarchies: [/Users/ahn/Desktop/study/CalcMoney]
